******************************************************************************
            TI ARM Clang Linker PC v2.1.3                      
******************************************************************************
>> Linked Fri Feb 14 18:29:26 2025

OUTPUT FILE NAME:   <zed_sw_ota_client_offchip_LP_CC2652R7_tirtos7_ticlang.out>
ENTRY POINT SYMBOL: "ResetISR"  address: 0002990d


MEMORY CONFIGURATION

         name            origin    length      used     unused   attr    fill
----------------------  --------  ---------  --------  --------  ----  --------
  FLASH_IMG_HDR         00000000   000000a8  00000095  00000013  R  X
  ENTRY                 000000a8   00000040  0000003c  00000004  R  X
  FLASH                 000000e8   000a9e30  0002e590  0007b8a0  R  X
  FLASH_NV              000aa000   00004000  00004000  00000000  RW X
  FLASH_LAST            000ae000   00002000  00000000  00002000  R  X
  GPRAM                 11000000   00002000  00000000  00002000  RW X
  SRAM                  20000000   00024000  000067fa  0001d806  RW X
  LOG_DATA              90000000   00040000  00000000  00040000  R   


SEGMENT ALLOCATION MAP

run origin  load origin   length   init length attrs members
----------  ----------- ---------- ----------- ----- -------
00000000    00000000    0000008d   0000008d    r--
  00000000    00000000    0000008d   0000008d    r-- .image_header
00000090    00000090    00000008   00000008    rw-
  00000090    00000090    00000008   00000008    rw- .args
000000a8    000000a8    0002e5d4   0002e5d4    r-x
  000000a8    000000a8    0000003c   0000003c    r-- .resetVecs
  000000e8    000000e8    000298f4   000298f4    r-x .text
  000299e0    000299e0    00004854   00004854    r-- .rodata
  0002e234    0002e234    000000d0   000000d0    r-- config_const
  0002e304    0002e304    00000378   00000378    r-- .cinit
000aa000    000aa000    00004000   00000000    rw-
  000aa000    000aa000    00004000   00000000    rw- .TI.bound:flashBuf0
2000010c    2000010c    00000010   00000000    rw-
  2000010c    2000010c    00000010   00000000    rw- .data:RAM_MAC_BASE_ADDR
20001830    20001830    00000010   00000000    rw-
  20001830    20001830    00000010   00000000    rw- .TI.bound:dmaSpi0RxControlTableEntry
20001840    20001840    00000010   00000000    rw-
  20001840    20001840    00000010   00000000    rw- .TI.bound:dmaSpi0TxControlTableEntry
20001850    20001850    00000010   00000000    rw-
  20001850    20001850    00000010   00000000    rw- .TI.bound:dmaUart1RxControlTableEntry
20001860    20001860    00000010   00000000    rw-
  20001860    20001860    00000010   00000000    rw- .TI.bound:dmaUart1TxControlTableEntry
20001900    20001900    00000010   00000000    rw-
  20001900    20001900    00000010   00000000    rw- .TI.bound:dmaSpi1RxControlTableEntry
20001910    20001910    00000010   00000000    rw-
  20001910    20001910    00000010   00000000    rw- .TI.bound:dmaSpi1TxControlTableEntry
20001a30    20001a30    00000010   00000000    rw-
  20001a30    20001a30    00000010   00000000    rw- .TI.bound:dmaSpi0RxAltControlTableEntry
20001a40    20001a40    00000010   00000000    rw-
  20001a40    20001a40    00000010   00000000    rw- .TI.bound:dmaSpi0TxAltControlTableEntry
20001b00    20001b00    00000010   00000000    rw-
  20001b00    20001b00    00000010   00000000    rw- .TI.bound:dmaSpi1RxAltControlTableEntry
20001b10    20001b10    00000010   00000000    rw-
  20001b10    20001b10    00000010   00000000    rw- .TI.bound:dmaSpi1TxAltControlTableEntry
20001c00    20001c00    0000634a   00000000    rw-
  20001c00    20001c00    000000d8   00000000    rw- .ramVecs
  20001cd8    20001cd8    00000e1f   00000000    rw- .data
  20002af8    20002af8    00005452   00000000    rw- .bss
20023c00    20023c00    00000400   00000000    rw-
  20023c00    20023c00    00000400   00000000    rw- .stack


SECTION ALLOCATION MAP

 output                                  attributes/
section   page    origin      length       input sections
--------  ----  ----------  ----------   ----------------
.image_header 
*          0    00000000    0000008d     
                  00000000    0000008d     oad_image_header_app.o (.image_header)

.resetVecs 
*          0    000000a8    0000003c     
                  000000a8    0000003c     ti_sysbios_config.o (.resetVecs)

EntrySection 
*          0    000000e4    00000000     UNINITIALIZED

.text      0    000000e8    000298f4     
                  000000e8    000018a8     zstacktask.o (.text.appMsg)
                  00001990    00000a24     zcl_samplesw.o (.text.sampleApp_task)
                  000023b4    0000089c     zcl_general.o (.text.zclGeneral_HdlIncoming)
                  00002c50    00000844     epd1in54v2.o (.text.epd1in54Refresh)
                  00003494    00000634     bdb.o (.text.bdb_event_loop)
                  00003ac8    0000055c     maclib_nosecure_cc26x2_2_4g_tirtos7.a : mac_rx.o (.text.macRxFrameIsr)
                  00004024    000004bc     ota_client.o (.text.otaClient_HdlIncoming)
                  000044e0    00000490     rf_multiMode_cc26x2.a : RFCC26X2_multiMode.c.cc26x2.ticlang.o (.text.RF_fsmActiveState)
                  00004970    00000404     zcl_ota.o (.text.zclOTA_ProcessImageData)
                  00004d74    000003b4     libZStack_nwk_zed.a : nwk.o (.text.nwk_data_ind_processing)
                  00005128    000003b0                         : aps_frag.o (.text.APSF_ProcessEvent)
                  000054d8    0000036c     zstacktask.o (.text.ZStackTaskProcessEvent)
                  00005844    00000364     bdb.o (.text.bdb_reportCommissioningState)
                  00005ba8    000002d8     bme280i2c.o (.text.bme280_readPressure)
                  00005e80    000002c8     drivers_cc26x2x7.a : SPICC26X2DMA.c.obj (.text.SPICC26X2DMA_transfer)
                  00006148    000002c0     bdb_reporting.o (.text.bdb_ProcessInConfigReportCmd)
                  00006408    000002b8     zstackstartup.o (.text.stackTaskFxn)
                  000066c0    000002ac     libZStack_nwk_zed.a : nwk.o (.text.nwk_event_loop)
                  0000696c    000002a8     nvocmp.o (.text.NVOCMP_initNvApi)
                  00006c14    000002a0     libZStack_nwk_zed.a : aps.o (.text.APS_event_loop)
                  00006eb4    0000029c     rf_multiMode_cc26x2.a : RFCC26X2_multiMode.c.cc26x2.ticlang.o (.text.RF_open)
                  00007150    00000298     ti_sysbios_config.o (.text.ti_sysbios_runtime_System_doPrint)
                  000073e8    00000284     nvocmp.o (.text.NVOCMP_compactPage)
                  0000766c    00000274     zmac_cb.o (.text.MAC_CbackEvent)
                  000078e0    0000026c     bdb_reporting.o (.text.bdb_RepChangedAttrValue)
                  00007b4c    0000026c     zcl.o (.text.zcl_ProcessMessageMSG)
                  00007db8    0000025c     libZStack_nwk_zed.a : aps_mede.o (.text.APSME_FrameSecRemoveCM)
                  00008014    0000022c                         : nl_mede_cb.o (.text.NLDE_DataIndication)
                  00008240    00000214     zd_object.o (.text.ZDO_ProcessMgmtLqiReq)
                  00008454    00000214     maclib_nosecure_cc26x2_2_4g_tirtos7.a : mac_radio_tx.o (.text.macRadioTxGo)
                  00008668    0000020c     zcl.o (.text.zclProcessInWriteUndividedCmd)
                  00008874    000001f4     nvocmp.o (.text.NVOCMP_addItem)
                  00008a68    000001ec     zd_object.o (.text.ZDO_ProcessMatchDescReq)
                  00008c54    000001e8     rf_multiMode_cc26x2.a : RFCC26X2_multiMode.c.cc26x2.ticlang.o (.text.RF_scheduleCmd)
                  00008e3c    000001e4     bdb_finding_and_binding.o (.text.bdb_checkMatchingEndpoints)
                  00009020    000001e0     epd1in54v2.o (.text.sampleApp_task_1)
                  00009200    000001dc     rf_multiMode_cc26x2.a : RFCC26X2_multiMode.c.cc26x2.ticlang.o (.text.RF_dispatchNextCmd)
                  000093dc    000001dc     maclib_nosecure_cc26x2_2_4g_tirtos7.a : mac.o (.text.macSendReceiveCmdIeee)
                  000095b8    000001d0     libZStack_nwk_zed.a : aps_mede.o (.text.APSDE_DataReq)
                  00009788    000001c8     bdb.o (.text.bdb_StartCommissioning)
                  00009950    000001c4     af.o (.text.AF_DataRequest)
                  00009b14    000001c4     ota_client.o (.text.otaClient_event_loop)
                  00009cd8    000001c0     maclib_nosecure_cc26x2_2_4g_tirtos7.a : mac_radio_tx.o (.text.macRadioCsmaTxCb)
                  00009e98    000001b8     libZStack_nwk_zed.a : aps_mede.o (.text.APSME_FrameSecSetupCM)
                  0000a050    000001b8                         : aps.o (.text.APS_Reflect)
                  0000a208    000001b6     libclang_rt.builtins.a : adddf3.S.obj (.text)
                  0000a3be    00000002     ti_sysbios_config.o (.text.BIOS_nullFunc)
                  0000a3c0    000001b4     bme280i2c.o (.text.bme280_readHumidity)
                  0000a574    000001b0     zd_sec_mgr.o (.text.ZDSecMgrTransportKeyInd)
                  0000a724    000001b0     libZStack_nwk_zed.a : ssp_hash.o (.text.sspMMOHash)
                  0000a8d4    000001ae     drivers_cc26x2x7.a : SPICC26X2DMA.c.obj (.text.SPICC26X2DMA_hwiFxn)
                  0000aa82    00000002     ti_drivers_config.o (.text.Board_initHook)
                  0000aa84    000001ac     maclib_nosecure_cc26x2_2_4g_tirtos7.a : mac_hl_patch.o (.text.macWrapperDeleteKeyAndAssociatedDevices)
                  0000ac30    000001a4     zmac.o (.text.ZMacEventLoop)
                  0000add4    000001a0     drivers_cc26x2x7.a : AESECBCC26XX.c.obj (.text.AESECB_addDataInternal)
                  0000af74    000001a0     maclib_nosecure_cc26x2_2_4g_tirtos7.a : mac_tx.o (.text.macTxFrame)
                  0000b114    0000019c     zd_app.o (.text.ZDApp_ProcessNetworkJoin)
                  0000b2b0    00000198     binding_table.o (.text.bindAddEntry)
                  0000b448    00000198     zcl.o (.text.zclProcessInDiscAttrs)
                  0000b5e0    00000194     drivers_cc26x2x7.a : PowerCC26X2_calibrateRCOSC.c.obj (.text.PowerCC26X2_auxISR)
                  0000b774    00000194     bdb_reporting.o (.text.bdb_RepReport)
                  0000b908    00000190     drivers_cc26x2x7.a : SPICC26X2DMA.c.obj (.text.SPICC26X2DMA_open)
                  0000ba98    0000018c     bdb_reporting.o (.text.bdb_RepConstructReportingData)
                  0000bc24    00000188     drivers_cc26x2x7.a : AESCCMCC26XX.c.obj (.text.AESCCM_startOperation)
                  0000bdac    00000188     maclib_nosecure_cc26x2_2_4g_tirtos7.a : mac_hl_patch.o (.text.macRxBeaconCritical)
                  0000bf34    0000017c                                           : mac_hl_patch.o (.text.MAC_McpsDataReq)
                  0000c0b0    0000017c     af.o (.text.afIncomingData)
                  0000c22c    0000017c     zcl.o (.text.zcl_SendCommandEx)
                  0000c3a8    00000178     bdb_reporting.o (.text.bdb_repAttrBuildClusterEndPointArrayBasedOnConfRecordsArray)
                  0000c520    00000178     maclib_nosecure_cc26x2_2_4g_tirtos7.a : mac_rx.o (.text.rxPayloadIsr)
                  0000c698    00000174     crc32.o (.text.CRC32_calc)
                  0000c80c    0000016c     drivers_cc26x2x7.a : SPICC26X2DMA.c.obj (.text.configNextTransfer)
                  0000c978    0000015c                        : NVSSPI25X.c.obj (.text.NVSSPI25X_write)
                  0000cad4    0000015c     bdb_reporting.o (.text.bdb_ProcessInReadReportCfgCmd)
                  0000cc30    0000015c     libZStack_nwk_zed.a : nwk_util.o (.text.nwk_SetCurrentPollRateType)
                  0000cd8c    00000158     drivers_cc26x2x7.a : PowerCC26X2.c.obj (.text.Power_sleep)
                  0000cee4    00000158     maclib_nosecure_cc26x2_2_4g_tirtos7.a : mac_tx.o (.text.txCsmaDelay)
                  0000d03c    00000156     zcl.o (.text.zclProcessInWriteCmd)
                  0000d192    00000002     drivers_cc26x2x7.a : I2C.c.obj (.text.I2C_init)
                  0000d194    00000154     bme280i2c.o (.text.BME280Init)
                  0000d2e8    00000150     zd_sec_mgr.o (.text.APSME_TCLinkKeyLoad)
                  0000d438    00000150     libZStack_nwk_zed.a : nwk_util.o (.text.NLDE_BuildMsg)
                  0000d588    00000150     bme280i2c.o (.text.bme280_readTemperature)
                  0000d6d8    00000150     libZStack_nwk_zed.a : nwk.o (.text.nwk_beacon_notify_ind_processing)
                  0000d828    0000014c     rf_multiMode_cc26x2.a : RFCC26X2_multiMode.c.cc26x2.ticlang.o (.text.RF_radioOpDoneCb)
                  0000d974    00000144     libZStack_nwk_zed.a : aps.o (.text.APS_DataIndReflect)
                  0000dab8    00000144                         : nl_mede.o (.text.NLME_ReJoinReq)
                  0000dbfc    0000013c                         : rtg.o (.text.RTG_AddRtgEntry)
                  0000dd38    00000138     nvocmp.o (.text.NVOCMP_findItem)
                  0000de70    00000138     zd_object.o (.text.ZDO_ProcessBindUnbindReq)
                  0000dfa8    00000138     maclib_nosecure_cc26x2_2_4g_tirtos7.a : mac_hl_patch.o (.text.macWrapperDeleteAllDevices)
                  0000e0e0    00000136     libclang_rt.builtins.a : divdf3.S.obj (.text)
                  0000e216    00000002     libZStack_nwk_zed.a : nl_mede.o (.text.NLME_DeviceJoiningInit)
                  0000e218    00000134     rf_multiMode_cc26x2.a : RFCC26X2_multiMode.c.cc26x2.ticlang.o (.text.RF_ratSetupChannel)
                  0000e34c    00000130     driverlib.lib : aes.o (.text.NOROM_AESWriteToKeyStore)
                  0000e47c    0000012c     drivers_cc26x2x7.a : I2CCC26XX.c.obj (.text.I2C_open)
                  0000e5a8    0000012c     rf_multiMode_cc26x2.a : RFCC26X2_multiMode.c.cc26x2.ticlang.o (.text.RF_close)
                  0000e6d4    0000012c     libZStack_nwk_zed.a : ssp.o (.text.SSP_NwkSecurityProc)
                  0000e800    0000012c     drivers_cc26x2x7.a : TRNGCC26XX.c.obj (.text.TRNGCC26XX_hwiFxn)
                  0000e92c    0000012c     maclib_nosecure_cc26x2_2_4g_tirtos7.a : mac_hl_patch.o (.text.macScanNextChan)
                  0000ea58    00000128     libZStack_nwk_zed.a : rtg.o (.text.NLME_RouteDiscoveryRequest)
                  0000eb80    00000128     zd_app.o (.text.ZDOInitDeviceEx)
                  0000eca8    00000128     zcl.o (.text.zcl_SendReadReportCfgRspCmdEx)
                  0000edd0    00000126     drivers_cc26x2x7.a : I2C.c.obj (.text.I2C_transferTimeout)
                  0000eef6    00000002     rf_multiMode_cc26x2.a : rfc.c.cc26x2.ticlang.o (.text.NOROM_RFCCpePatchReset)
                  0000eef8    00000124                           : RFCC26X2_multiMode.c.cc26x2.ticlang.o (.text.RF_abortCmd)
                  0000f01c    00000124                           : RFCC26X2_multiMode.c.cc26x2.ticlang.o (.text.RF_fsmSetupState)
                  0000f140    00000124     mac_settings.o (.text.rfSetConfigIeee)
                  0000f264    00000120     zd_sec_mgr.o (.text.APSME_TCLinkKeySync)
                  0000f384    00000120     drivers_cc26x2x7.a : Button.c.obj (.text.Button_clockTimeoutHandler)
                  0000f4a4    00000120     ti_sysbios_config.o (.text.ti_sysbios_family_arm_cc26xx_Timer_construct)
                  0000f5c4    00000120     zcl.o (.text.zclParseInConfigReportCmd)
                  0000f6e4    0000011c     sysbios.a : Hwi_asm_gcc.s.obj (.text.ti_sysbios_family_arm_m3_Hwi_dispatch)
                  0000f800    00000118     libZStack_nwk_zed.a : aps_mede.o (.text.APSDE_FrameAlloc)
                  0000f918    00000118     drivers_cc26x2x7.a : PowerCC26X2.c.obj (.text.Power_init)
                  0000fa30    00000118     rf_multiMode_cc26x2.a : RFCC26X2_multiMode.c.cc26x2.ticlang.o (.text.RF_decodeOverridePointers)
                  0000fb48    00000114     libZStack_nwk_zed.a : aps_frag.o (.text.APSF_SendFragmented)
                  0000fc5c    00000114     maclib_nosecure_cc26x2_2_4g_tirtos7.a : mac_radio.o (.text.macRadioInitIeee)
                  0000fd70    00000114     zcl.o (.text.zclProcessInReadCmd)
                  0000fe84    00000110     drivers_cc26x2x7.a : LED.c.obj (.text.LED_open)
                  0000ff94    00000110     zd_sec_mgr.o (.text.ZDSecMgrEntryFree)
                  000100a4    00000110     libZStack_nwk_zed.a : nwk_bufs.o (.text.nwk_MacDataBuffersAdd)
                  000101b4    0000010c                         : nwk_util.o (.text.NLDE_DataReqSend)
                  000102c0    0000010c     drivers_cc26x2x7.a : NVSSPI25X.c.obj (.text.NVSSPI25X_open)
                  000103cc    0000010c                        : PowerCC26X2_calibrateRCOSC.c.obj (.text.PowerCC26X2_calibrate)
                  000104d8    0000010c     utc_clock.o (.text.UTC_convertUTCTime)
                  000105e4    00000108     drivers_cc26x2x7.a : NVSCC26XX.c.obj (.text.NVSCC26XX_write)
                  000106ec    00000108     rf_multiMode_cc26x2.a : RFCC26X2_multiMode.c.cc26x2.ticlang.o (.text.RF_fsmPowerUpState)
                  000107f4    00000108     libZStack_nwk_zed.a : nwk.o (.text.nwk_associate_cnf_processing)
                  000108fc    00000104     drivers_cc26x2x7.a : GPIOCC26X2.c.obj (.text.GPIO_init)
                  00010a00    00000104     libZStack_nwk_zed.a : nl_mede_cb.o (.text.NLDE_DataCnf)
                  00010b04    00000104     driverlib.lib : sys_ctrl.o (.text.NOROM_SysCtrlStandby)
                  00010c08    00000104     zd_app.o (.text.ZDO_beaconNotifyIndCB)
                  00010d0c    00000102     drivers_cc26x2x7.a : SPICC26X2DMA.c.obj (.text.csnCallback)
                  00010e0e    00000002                        : NVSSPI25X.c.obj (.text.NVSSPI25X_deinitSpiCs)
                  00010e10    00000100     libZStack_nwk_zed.a : aps_mede.o (.text.APSDE_FrameHdrSet)
                  00010f10    000000fc     rf_multiMode_cc26x2.a : RFCC26X2_multiMode.c.cc26x2.ticlang.o (.text.RF_hwiCpe0Active)
                  0001100c    000000fc     zd_sec_mgr.o (.text.ZDSecMgrEntryInit)
                  00011108    000000fc     maclib_nosecure_cc26x2_2_4g_tirtos7.a : mac.o (.text.macRxCb)
                  00011204    000000fc     libclang_rt.builtins.a : muldf3.S.obj (.text)
                  00011300    000000f8     drivers_cc26x2x7.a : ADCCC26XX.c.obj (.text.ADCCC26XX_convertChain)
                  000113f8    000000f8     libZStack_nwk_zed.a : nwk_util.o (.text.NLDE_ParseMsg)
                  000114f0    000000f8     drivers_cc26x2x7.a : TRNGCC26XX.c.obj (.text.TRNG_getRandom)
                  000115e8    000000f8     zd_profile.o (.text.ZDP_MgmtLqiRsp)
                  000116e0    000000f4     maclib_nosecure_cc26x2_2_4g_tirtos7.a : mac.o (.text.macSetupRATChanCompare)
                  000117d4    000000f0                                           : mac_hl_patch.o (.text.macBuildDataFrame)
                  000118c4    000000ec     libZStack_nwk_zed.a : addr_mgr.o (.text.AddrMgrEntryUpdate)
                  000119b0    000000ec     zd_sec_mgr.o (.text.ZDSecMgrNwkKeyInit)
                  00011a9c    000000ec     zcl.o (.text.zcl_SendReadRsp)
                  00011b88    000000e8     nwk_globals.o (.text.NIB_init)
                  00011c70    000000e4     drivers_cc26x2x7.a : ADCCC26XX.c.obj (.text.ADCCC26XX_convert)
                  00011d54    000000e4     libZStack_nwk_zed.a : aps_mede.o (.text.APSME_VerifyKeyReq)
                  00011e38    000000e4     driverlib.lib : setup.o (.text.NOROM_SetupTrimDevice)
                  00011f1c    000000e4     ti_sysbios_config.o (.text.ti_sysbios_knl_Semaphore_pend)
                  00012000    000000e4     maclib_nosecure_cc26x2_2_4g_tirtos7.a : mac_tx.o (.text.txComplete)
                  000120e4    000000e2     drivers_cc26x2x7.a : I2CCC26XX.c.obj (.text.I2CCC26XX_hwiFxn)
                  000121c6    00000002     rf_multiMode_cc26x2.a : RFCC26X2_multiMode.c.cc26x2.ticlang.o (.text.RF_defaultCallback)
                  000121c8    000000e0     libZStack_nwk_zed.a : aps_mede.o (.text.APSME_AddTCLinkKey)
                  000122a8    000000e0                         : nwk_util.o (.text.NLME_LeaveCmdProcess)
                  00012388    000000e0                         : nl_mede.o (.text.NLME_NetworkFormationRequest)
                  00012468    000000e0     drivers_cc26x2x7.a : SPICC26X2DMA.c.obj (.text.SPICC26X2DMA_control)
                  00012548    000000e0     maclib_nosecure_cc26x2_2_4g_tirtos7.a : mac_hl_patch.o (.text.macEdScanISR)
                  00012628    000000de     libZStack_nwk_zed.a : aps_util.o (.text.APSDE_ParseMsg)
                  00012706    00000002     zd_app.o (.text.ZDO_PollConfirmCB)
                  00012708    000000dc     drivers_cc26x2x7.a : Button.c.obj (.text.Button_open)
                  000127e4    000000dc     rf_multiMode_cc26x2.a : RFCC26X2_multiMode.c.cc26x2.ticlang.o (.text.RF_control)
                  000128c0    000000dc     bdb_finding_and_binding.o (.text.bdb_ProcessRespondentList)
                  0001299c    000000dc     drivers_cc26x2x7.a : NVSSPI25X.c.obj (.text.doErase)
                  00012a78    000000dc     zd_profile.o (.text.zdpProcessAddrReq)
                  00012b54    000000d8     zd_app.o (.text.ZDApp_event_loop)
                  00012c2c    000000d8     ti_sysbios_config.o (.text.ti_sysbios_family_arm_m3_Hwi_excFillContext)
                  00012d04    000000d8     maclib_nosecure_cc26x2_2_4g_tirtos7.a : mac_tx.o (.text.txCsmaPrep)
                  00012ddc    000000d8     zcl.o (.text.zclSerializeData)
                  00012eb4    000000d6     utc_clock.o (.text.UTC_convertUTCSecs)
                  00012f8a    00000002     zd_object.o (.text.ZDO_ProcessNodeDescRsp)
                  00012f8c    000000d4     zd_object.o (.text.ZDO_StartDevice)
                  00013060    000000d4     ota_client.o (.text.otaClient_Init)
                  00013134    000000d0     zd_profile.o (.text.ZDP_MgmtBindRsp)
                  00013204    000000d0     bdb.o (.text.bdb_filterNwkDisc)
                  000132d4    000000d0     drivers_cc26x2x7.a : PowerCC26X2.c.obj (.text.configureXOSCHF)
                  000133a4    000000d0     maclib_nosecure_cc26x2_2_4g_tirtos7.a : mac_hl_patch.o (.text.macApiStartReq)
                  00013474    000000d0                                           : mac_hl_patch.o (.text.macBuildHeaderIes)
                  00013544    000000d0                                           : mac_symbol_timer.o (.text.macSymbolTimerUpdateWakeup)
                  00013614    000000d0     libZStack_nwk_zed.a : nwk_util.o (.text.nwkNeighborFindRandom)
                  000136e4    000000cc                         : aps_mede_cb.o (.text.APSME_ConfirmKeyInd)
                  000137b0    000000cc     zd_profile.o (.text.ZDP_SimpleDescMsg)
                  0001387c    000000cc     ti_sysbios_config.o (.text.ti_sysbios_knl_Clock_workFuncDynamic)
                  00013948    000000ca     rf_multiMode_cc26x2.a : RFCC26X2_multiMode.c.cc26x2.ticlang.o (.text.RF_updatePaConfiguration)
                  00013a12    00000002     zd_object.o (.text.ZDO_ProcessSimpleDescRsp)
                  00013a14    000000c8     osal_port_timers.o (.text.createTimerEntry)
                  00013adc    000000c8     maclib_nosecure_cc26x2_2_4g_tirtos7.a : mac_hl_patch.o (.text.macAutoPendMaintainSrcMatchTable)
                  00013ba4    000000c8                                           : mac_hl_patch.o (.text.macMgmtReset)
                  00013c6c    000000c8     libZStack_nwk_zed.a : nwk.o (.text.nwk_data_cnf_processing)
                  00013d34    000000c4                         : nl_mede.o (.text.NLME_JoinRequest)
                  00013df8    000000c4                         : nwk_util.o (.text.NLME_RestoreFromNV)
                  00013ebc    000000c4                         : ssp.o (.text.ccmStar)
                  00013f80    000000c4     maclib_nosecure_cc26x2_2_4g_tirtos7.a : mac_duty_cycle.o (.text.macDutyCycleNotify)
                  00014044    000000c4                                           : mac_timer.o (.text.macSymbolTimerTriggerCallback)
                  00014108    000000c4     main.o (.text.main)
                  000141cc    000000c4     zcl.o (.text.zclProcessInDiscCmd)
                  00014290    000000c2     libZStack_nwk_zed.a : ssp.o (.text.SSP_Process)
                  00014352    000000c0     driverlib.lib : setup.o (.text.TrimAfterColdResetWakeupFromShutDown)
                  00014412    000000c0     zcl_general.o (.text.zclGeneral_SendSceneViewRsp)
                  000144d2    000000be     zcl.o (.text.zcl_SendReportCmdEx)
                  00014590    000000bc     rf_multiMode_cc26x2.a : RFCC26X2_multiMode.c.cc26x2.ticlang.o (.text.RF_swiHw)
                  0001464c    000000bc     libZStack_nwk_zed.a : rtg.o (.text.RTG_AddSrcRtgEntry_Guaranteed)
                  00014708    000000bc     bdb_reporting.o (.text.bdb_RepAddAttrCfgRecordDefaultToList)
                  000147c4    000000bc     bdb.o (.text.bdb_rejoinNwk)
                  00014880    000000bc     maclib_nosecure_cc26x2_2_4g_tirtos7.a : mac_duty_cycle.o (.text.macDutyCycleInit)
                  0001493c    000000bc     zstacktask.o (.text.sendNodeDescRspInd)
                  000149f8    000000b8     bdb_reporting.o (.text.bdb_RepProcessEvent)
                  00014ab0    000000b8     maclib_nosecure_cc26x2_2_4g_tirtos7.a : mac_hl_patch.o (.text.macDataTxComplete)
                  00014b68    000000b8                                           : mac_tx.o (.text.macTxChannelBusyCallback)
                  00014c20    000000b8     libZStack_nwk_zed.a : nwk_util.o (.text.nwk_SetConfigPollRate)
                  00014cd8    000000b8     ti_sysbios_config.o (.text.ti_sysbios_knl_Task_Instance_finalize)
                  00014d90    000000b4     maclib_nosecure_cc26x2_2_4g_tirtos7.a : mac_hl_patch.o (.text.MAC_MlmeScanReq)
                  00014e44    000000b4     libZStack_nwk_zed.a : nwk_util.o (.text.NLME_ProcessEndDevTimeoutRsp)
                  00014ef8    000000b4     driverlib.lib : osc.o (.text.NOROM_OSCHF_AttemptToSwitchToXosc)
                  00014fac    000000b4     ti_sysbios_config.o (.text.PowerCC26XX_standbyPolicy)
                  00015060    000000b4     drivers_cc26x2x7.a : PowerCC26X2.c.obj (.text.Power_releaseDependency)
                  00015114    000000b4     zd_app.o (.text.ZDApp_RestoreNwkSecMaterial)
                  000151c8    000000b4     maclib_nosecure_cc26x2_2_4g_tirtos7.a : mac_hl_patch.o (.text.macAutoPendAddSrcMatchTableEntry)
                  0001527c    000000b4                                           : mac_hl_patch.o (.text.macBeaconCheckTxTime)
                  00015330    000000b4     ti_sysbios_config.o (.text.ti_sysbios_knl_Task_setPri)
                  000153e4    000000b2     zcl.o (.text.zclParseInReadRspCmd)
                  00015496    00000002     zdiags.o (.text.ZDiagsUpdateStats)
                  00015498    000000b0     libZStack_nwk_zed.a : aps_mede_cb.o (.text.APSDE_DataIndication)
                  00015548    000000b0     zd_sec_mgr.o (.text.APSME_TCLinkKeyInit)
                  000155f8    000000b0     drivers_cc26x2x7.a : PowerCC26X2.c.obj (.text.Power_setDependency)
                  000156a8    000000b0     libZStack_nwk_zed.a : nwk_util.o (.text.RTG_UpdateNeighborEntry)
                  00015758    000000b0     zd_profile.o (.text.ZDP_EndDeviceBindReq)
                  00015808    000000b0     zd_profile.o (.text.ZDP_MatchDescReq)
                  000158b8    000000b0     maclib_nosecure_cc26x2_2_4g_tirtos7.a : mac_hl_patch.o (.text.macApiBeaconStartReq)
                  00015968    000000b0     libclang_rt.builtins.a : udivmoddi4.S.obj (.text)
                  00015a18    000000ae     zcl_port.o (.text.zcl_AF_DataRequest)
                  00015ac6    00000002     libclang_rt.builtins.a : aeabi_div0.c.obj (.text.__aeabi_ldiv0)
                  00015ac8    000000ac     libZStack_nwk_zed.a : aps.o (.text.APS_GetBind)
                  00015b74    000000ac     rf_multiMode_cc26x2.a : RFCC26X2_multiMode.c.cc26x2.ticlang.o (.text.RF_pendCmd)
                  00015c20    000000ac     bdb_reporting.o (.text.bdb_repAttrCfgRecordsArrayAdd)
                  00015ccc    00000004     libZStack_nwk_zed.a : aps_mede.o (.text.APSME_FrameSecApplyExtCM)
                  00015cd0    000000ac     bh1750.o (.text.bh1750_Read)
                  00015d7c    000000ac     maclib_nosecure_cc26x2_2_4g_tirtos7.a : mac.o (.text.macGetRFCmdDuration)
                  00015e28    000000ac                                           : mac_symbol_timer.o (.text.macSymbolTimerInit)
                  00015ed4    000000a8     epdpaint.o (.text.PaintDrawPixel)
                  00015f7c    000000a8     zd_object.o (.text.ZDO_ProcessMgmtBindReq)
                  00016024    000000a4     osal_port.o (.text.OsalPort_heapMalloc)
                  000160c8    000000a4     rf_multiMode_cc26x2.a : RFCC26X2_multiMode.c.cc26x2.ticlang.o (.text.RF_initRadioSetup)
                  0001616c    000000a4     zd_app.o (.text.ZDApp_ProcessOSALMsg)
                  00016210    000000a4     maclib_nosecure_cc26x2_2_4g_tirtos7.a : mac_hl_patch.o (.text.macTrackTimeoutCallback)
                  000162b4    000000a4                                           : mac_radio.o (.text.scheduleNopWakeupCmd)
                  00016358    000000a4     ti_sysbios_config.o (.text.ti_sysbios_knl_Task_Instance_init)
                  000163fc    000000a0     drivers_cc26x2x7.a : I2CCC26XX.c.obj (.text.I2CCC26XX_swiFxn)
                  0001649c    000000a0     nvocmp.o (.text.NVOCMP_readContItemApi)
                  0001653c    000000a0     rf_multiMode_cc26x2.a : RFCC26X2_multiMode.c.cc26x2.ticlang.o (.text.RF_calculateDispatchTime)
                  000165dc    000000a0                           : RFCC26X2_multiMode.c.cc26x2.ticlang.o (.text.RF_requestAccess)
                  0001667c    000000a0     libZStack_nwk_zed.a : ssp.o (.text.SSP_SwitchNwkKey)
                  0001671c    000000a0     zd_sec_mgr.o (.text.ZDSecMgrDeviceRemove)
                  000167bc    000000a0     zmac.o (.text.ZMacAssociateReq)
                  0001685c    0000009e     zstackapi.o (.text.Zstackapi_freeIndMsg)
                  000168fa    0000009e     drivers_cc26x2x7.a : SPICC26X2DMA.c.obj (.text.finishTransfer)
                  00016998    0000009c     bdb_reporting.o (.text.bdb_RepFindAttrEntry)
                  00016a34    0000009a     libZStack_nwk_zed.a : aps.o (.text.APS_DataConfirmReflect)
                  00016ace    0000009a     zcl.o (.text.zclParseInReportCmd)
                  00016b68    0000009a     zcl.o (.text.zclParseInWriteCmd)
                  00016c02    00000002     libc.a : _lock.c.obj (.text._nop)
                  00016c04    00000098     libZStack_nwk_zed.a : aps_frag.o (.text.APSF_ProcessAck)
                  00016c9c    00000098                         : aps_mede.o (.text.APSME_RemoveDeviceReq)
                  00016d34    00000098     nvocmp.o (.text.NVOCMP_erase)
                  00016dcc    00000098     rf_multiMode_cc26x2.a : RFCC26X2_multiMode.c.cc26x2.ticlang.o (.text.RF_defaultSubmitPolicy)
                  00016e64    00000098     libZStack_nwk_zed.a : rtg.o (.text.RTG_UpdateRtDiscEntry)
                  00016efc    00000096     rf_multiMode_cc26x2.a : RFCC26X2_multiMode.c.cc26x2.ticlang.o (.text.RF_verifyGap)
                  00016f92    00000096     zcl.o (.text.zclFindNextCmdRec)
                  00017028    00000094     maclib_nosecure_cc26x2_2_4g_tirtos7.a : mac_autopend.o (.text.MAC_SrcMatchAddEntry)
                  000170bc    00000094     rf_multiMode_cc26x2.a : RFCC26X2_multiMode.c.cc26x2.ticlang.o (.text.RF_ratRestartChannels)
                  00017150    00000094     zd_app.o (.text.ZDO_JoinConfirmCB)
                  000171e4    00000094     zd_object.o (.text.ZDO_ProcessMgmtLeaveReq)
                  00017278    00000094     bdb_finding_and_binding.o (.text.bdb_ProcessIEEEAddrRsp)
                  0001730c    00000094     maclib_nosecure_cc26x2_2_4g_tirtos7.a : mac_hl_patch.o (.text.macCcmDecrypt)
                  000173a0    00000094                                           : mac_radio.o (.text.macRadioUpdateChannel)
                  00017434    00000094                                           : mac_rx.o (.text.macRxInit)
                  000174c8    00000094                                           : mac_timer.o (.text.macTimerUpdateSymbolTimer)
                  0001755c    00000094     zstacktask.o (.text.sendSimpleDescRspInd)
                  000175f0    00000094     ti_sysbios_config.o (.text.ti_sysbios_knl_Clock_startI)
                  00017684    00000094     ti_sysbios_config.o (.text.ti_sysbios_knl_Task_sleep)
                  00017718    00000092     drivers_cc26x2x7.a : SPICC26X2DMA.c.obj (.text.SPICC26X2DMA_transferCancel)
                  000177aa    00000002                        : PowerCC26X2.c.obj (.text.emptyClockFunc)
                  000177ac    00000090     libZStack_nwk_zed.a : aps.o (.text.APS_EndDeviceBroadcastCheck)
                  0001783c    00000090     epd1in54v2.o (.text.EpdSetFrameMemoryXY)
                  000178cc    00000090     drivers_cc26x2x7.a : GPIOCC26XX.c.obj (.text.GPIO_setConfigAndMux)
                  0001795c    00000090     maclib_nosecure_cc26x2_2_4g_tirtos7.a : mac_hl_patch.o (.text.macCcmEncrypt)
                  000179ec    00000090                                           : mac_radio.o (.text.macRadioUpdateChannelRx)
                  00017a7c    00000090                                           : mac_hl_patch.o (.text.macScanRxCoordRealign)
                  00017b0c    00000090                                           : mac_sleep.o (.text.macSleep)
                  00017b9c    00000090                                           : mac_autopend.o (.text.macSrcMatchCheckSrcAddr)
                  00017c2c    00000090     zcl_port.o (.text.zclGeneral_AddScene)
                  00017cbc    00000090     zcl_port.o (.text.zcl_HandleExternal)
                  00017d4c    0000008c     libZStack_nwk_zed.a : nwk_util.o (.text.NLDE_ParseMsg2)
                  00017dd8    0000008c                         : nwk_util.o (.text.NLME_LeaveCmdSend)
                  00017e64    0000008c                         : nwk_util.o (.text.NLME_SendNetworkReport)
                  00017ef0    0000008c     nvocmp.o (.text.NVOCMP_updateItemApi)
                  00017f7c    0000008c     drivers_cc26x2x7.a : TRNGCC26XX.c.obj (.text.TRNG_construct)
                  00018008    0000008c     zstacktask.o (.text.ZStackTaskInit)
                  00018094    0000008c     maclib_nosecure_cc26x2_2_4g_tirtos7.a : mac_tx.o (.text.macTxStartQueuedFrame)
                  00018120    0000008c     ti_sysbios_config.o (.text.ti_sysbios_knl_Clock_init)
                  000181ac    0000008c     zcl_general.o (.text.zclGeneral_SendGroupGetMembershipRequest)
                  00018238    0000008a     zcl.o (.text.zcl_SendConfigReportRspCmdEx)
                  000182c2    00000002     drivers_cc26x2x7.a : CryptoResourceCC26XX.c.obj (.text.errorSpin)
                  000182c4    00000088     libZStack_nwk_zed.a : addr_mgr.o (.text.AddrMgrEntryLookupNwk)
                  0001834c    00000088                         : nwk_util.o (.text.NLME_CheckNewAddrSet)
                  000183d4    00000088     nvocmp.o (.text.NVOCMP_deleteItemApi)
                  0001845c    00000088     rf_multiMode_cc26x2.a : RFCC26X2_multiMode.c.cc26x2.ticlang.o (.text.RF_cmdDispatchTime)
                  000184e4    00000088                           : RFCC26X2_multiMode.c.cc26x2.ticlang.o (.text.RF_discardPendCmd)
                  0001856c    00000088     zd_app.o (.text.ZDApp_SaveNwkKey)
                  000185f4    00000088     zmac.o (.text.ZMacDataReqSec)
                  0001867c    00000088     bdb_reporting.o (.text.bdb_RepUpdateMarkBindings)
                  00018704    00000088     maclib_nosecure_cc26x2_2_4g_tirtos7.a : mac_pwr.o (.text.macPwrVote)
                  0001878c    00000088     zcl_port.o (.text.zclport_registerEndpoint)
                  00018814    00000084     libZStack_nwk_zed.a : aps_mede.o (.text.APSME_SearchTCLinkKeyEntry)
                  00018898    00000084     nvocmp.o (.text.NVOCMP_createItemApi)
                  0001891c    00000084     nvocmp.o (.text.NVOCMP_readHeader)
                  000189a0    00000084     rf_multiMode_cc26x2.a : RFCC26X2_multiMode.c.cc26x2.ticlang.o (.text.RF_getInfo)
                  00018a24    00000084                           : RFCC26X2_multiMode.c.cc26x2.ticlang.o (.text.RF_yield)
                  00018aa8    00000084     zd_sec_mgr.o (.text.ZDSecMgrReadKeyFromNv)
                  00018b2c    00000084     maclib_nosecure_cc26x2_2_4g_tirtos7.a : mac_mcu.o (.text.macMcuOverflowSetPeriod)
                  00018bb0    00000084     libZStack_nwk_zed.a : nwk_util.o (.text.nwkChangePanID)
                  00018c34    00000084                         : nwk.o (.text.nwk_data_req_send)
                  00018cb8    00000084     zcl.o (.text.zcl_SendWriteRsp)
                  00018d3c    00000082     zcl_general.o (.text.zclGeneral_SendSceneGetMembershipResponse)
                  00018dbe    00000082     zcl.o (.text.zcl_SendDiscoverAttrsRspCmd)
                  00018e40    00000080     zd_sec_mgr.o (.text.APSME_LinkKeySet)
                  00018ec0    00000080     libZStack_nwk_zed.a : nwk_util.o (.text.NLDE_SendMsg)
                  00018f40    00000080                         : nl_mede.o (.text.NLME_GetRequest)
                  00018fc0    00000080     drivers_cc26x2x7.a : NVSSPI25X.c.obj (.text.NVSSPI25X_close)
                  00019040    00000080     osal_port.o (.text.OsalPort_setTimer)
                  000190c0    00000080     libZStack_nwk_zed.a : rtg.o (.text.RTG_GetRtgEntry)
                  00019140    00000080     zd_app.o (.text.ZDO_LeaveInd)
                  000191c0    00000080     zd_profile.o (.text.ZDP_IncomingData)
                  00019240    00000080     zd_sec_mgr.o (.text.ZDSecMgrSetDefaultNV)
                  000192c0    00000080     drivers_cc26x2x7.a : NVSCC26XX.c.obj (.text.doErase)
                  00019340    00000080     maclib_nosecure_cc26x2_2_4g_tirtos7.a : mac_tx.o (.text.macTxDoneCallback)
                  000193c0    00000080     libZStack_nwk_zed.a : nwk_bufs.o (.text.nwk_MacDataBuffersDealloc)
                  00019440    00000080     ti_sysbios_config.o (.text.ti_sysbios_family_arm_m3_Hwi_initNVIC)
                  000194c0    00000080     ti_sysbios_config.o (.text.ti_sysbios_gates_GateMutexPri_enter)
                  00019540    00000080     zcl_ota.o (.text.zclOTA_SendImageBlockReq)
                  000195c0    00000080     zcl.o (.text.zcl_SendDiscoverAttrsExtRsp)
                  00019640    00000080     zcl.o (.text.zcl_SendDiscoverCmdsRspCmd)
                  000196c0    0000007e     libZStack_nwk_zed.a : nwk_util.o (.text.NLME_CmdCnf)
                  0001973e    00000002     maclib_nosecure_cc26x2_2_4g_tirtos7.a : mac_pwr.o (.text.macApiPwrOnReq)
                  00019740    0000007c                                           : mac_hl_patch.o (.text.MAC_ResumeReq)
                  000197bc    0000007c     libZStack_nwk_zed.a : nwk_util.o (.text.NLME_RejoinRspCmdProcess)
                  00019838    0000007c     rf_multiMode_cc26x2.a : RFCC26X2_multiMode.c.cc26x2.ticlang.o (.text.RF_ratDisableChannel)
                  000198b4    0000007c     utc_clock.o (.text.UTC_timeUpdateHandler)
                  00019930    0000007c     binding_table.o (.text.bindFindExisting)
                  000199ac    0000007c     drivers_cc26x2x7.a : NVSSPI25X.c.obj (.text.doRead)
                  00019a28    0000007c     maclib_nosecure_cc26x2_2_4g_tirtos7.a : mac_mcu.o (.text.macMcuOverflowSetCompare)
                  00019aa4    0000007c                                           : mac_radio.o (.text.macRadioStartScan)
                  00019b20    0000007c     ti_sysbios_config.o (.text.ti_sysbios_family_arm_m3_Hwi_postInit)
                  00019b9c    0000007c     zcl_port.o (.text.zclGeneral_FindScene)
                  00019c18    0000007c     zcl_port.o (.text.zclGeneral_RemoveScene)
                  00019c94    0000007c     zcl_general.o (.text.zclGeneral_SendGroupViewResponse)
                  00019d10    0000007a     epdpaint.o (.text.PaintDrawCharAt)
                  00019d8a    0000007a     zd_object.o (.text.ZDO_ParseNodeDescRsp)
                  00019e04    00000078     libZStack_nwk_zed.a : aps_mede.o (.text.APSME_CmdPkt)
                  00019e7c    00000078                         : aps_mede.o (.text.APSME_LookupExtAddr)
                  00019ef4    00000078                         : addr_mgr.o (.text.AddrMgrEntryAdd)
                  00019f6c    00000078                         : assoc_list.o (.text.AssocGetWithAddress)
                  00019fe4    00000078     driverlib.lib : osc.o (.text.NOROM_OSCHF_SwitchToRcOscTurnOffXosc)
                  0001a05c    00000078     nvocmp.o (.text.NVOCMP_loadApiPtrs)
                  0001a0d4    00000078     drivers_cc26x2x7.a : NVSCC26XX.c.obj (.text.NVSCC26XX_open)
                  0001a14c    00000078     osal_port.o (.text.OsalPort_heapInit)
                  0001a1c4    00000078     rf_multiMode_cc26x2.a : RFCC26X2_multiMode.c.cc26x2.ticlang.o (.text.RF_ratFreeChannel)
                  0001a23c    00000078     drivers_cc26x2x7.a : SPICC26X2DMA.c.obj (.text.SPICC26X2DMA_close)
                  0001a2b4    00000078     zd_app.o (.text.ZDApp_StoreNwkSecMaterial)
                  0001a32c    00000078     maclib_nosecure_cc26x2_2_4g_tirtos7.a : mac.o (.text.macRequestBackoff)
                  0001a3a4    00000078                                           : mac_timer.o (.text.macTimerRealign)
                  0001a41c    00000078                                           : mac_hl_patch.o (.text.macTrackStartCallback)
                  0001a494    00000078     ti_sysbios_config.o (.text.ti_sysbios_knl_Task_postInit)
                  0001a50c    00000076     libZStack_nwk_zed.a : aps_util.o (.text.apsGenerateAck)
                  0001a582    00000076     zcl_general.o (.text.zclGeneral_SendAddGroupRequestEx)
                  0001a5f8    00000076     zcl.o (.text.zcl_SendRead)
                  0001a66e    00000074     libZStack_nwk_zed.a : aps_mede.o (.text.APSME_RequestKeyReq)
                  0001a6e2    00000002     maclib_nosecure_cc26x2_2_4g_tirtos7.a : mac_radio.o (.text.macRadioSetRE)
                  0001a6e4    00000074     libZStack_nwk_zed.a : addr_mgr.o (.text.AddrMgrEntryLookupExt)
                  0001a758    00000074     epd1in54v2.o (.text.EpdSetFrameMemoryImageXY)
                  0001a7cc    00000074     drivers_cc26x2x7.a : I2CCC26XX.c.obj (.text.I2C_close)
                  0001a840    00000074     nvocmp.o (.text.NVOCMP_readItemApi)
                  0001a8b4    00000074     epdpaint.o (.text.PaintDrawAbsolutePixel)
                  0001a928    00000074     drivers_cc26x2x7.a : PowerCC26X2_calibrateRCOSC_helpers.c.obj (.text.PowerCC26X2_updateSubSecInc)
                  0001a99c    00000074     rf_multiMode_cc26x2.a : RFCC26X2_multiMode.c.cc26x2.ticlang.o (.text.RF_hwiHw)
                  0001aa10    00000074     libZStack_nwk_zed.a : rtg.o (.text.RTG_CheckRtStatus)
                  0001aa84    00000074     zd_sec_mgr.o (.text.ZDSecMgrClearNVKeyValues)
                  0001aaf8    00000074     bdb.o (.text.bdb_parentLost)
                  0001ab6c    00000074     bdb_finding_and_binding.o (.text.bdb_zclFindingBindingEpType)
                  0001abe0    00000074     maclib_nosecure_cc26x2_2_4g_tirtos7.a : mac_timer.o (.text.macTimerSetRollover)
                  0001ac54    00000074     libZStack_nwk_zed.a : nwk.o (.text.nwkPollConfirmProcessing)
                  0001acc8    00000074                         : nwk_util.o (.text.nwkProcessPanIdScan)
                  0001ad3c    00000074     ti_sysbios_config.o (.text.ti_sysbios_knl_Swi_restoreHwi)
                  0001adb0    00000074     zglobals.o (.text.zgInit)
                  0001ae24    00000072     libZStack_nwk_zed.a : nwk_util.o (.text.NLME_SendNetworkStatus)
                  0001ae96    00000002     maclib_nosecure_cc26x2_2_4g_tirtos7.a : mac_radio_tx.o (.text.macRadioTxCancelTxAck)
                  0001ae98    00000070     drivers_cc26x2x7.a : AESCCMCC26XX.c.obj (.text.AESCCM_cleanup)
                  0001af08    00000070                        : AESECBCC26XX.c.obj (.text.AESECB_construct)
                  0001af78    00000070     libZStack_nwk_zed.a : aps_mede.o (.text.APSME_CmdTransportKey)
                  0001afe8    00000070     osal_port.o (.text.OsalPort_pwrmgrTaskState)
                  0001b058    00000070     zd_profile.o (.text.ZDO_SendMsgCBs)
                  0001b0c8    00000070     zd_profile.o (.text.ZDP_BindUnbindReq)
                  0001b138    00000070     zd_sec_mgr.o (.text.ZDSecMgrSaveApsLinkKey)
                  0001b1a8    00000070     bdb_finding_and_binding.o (.text.bdb_ProcessSimpleDesc)
                  0001b218    00000070     maclib_nosecure_cc26x2_2_4g_tirtos7.a : mac_hl_patch.o (.text.macAutoPoll)
                  0001b288    00000070                                           : mac_duty_cycle.o (.text.macDutyCycleTimerCB)
                  0001b2f8    00000070                                           : mac_rx.o (.text.macRxHaltCleanup)
                  0001b368    00000070                                           : mac_symbol_timer.o (.text.macSymbolTimerPeriodIsr)
                  0001b3d8    00000070     libZStack_nwk_zed.a : nwk_bufs.o (.text.nwkDB_Add)
                  0001b448    00000070     ota_client.o (.text.otaClient_sendImageBlockReq)
                  0001b4b8    00000070     zstackstartup.o (.text.stackTask_init)
                  0001b528    00000070     ti_sysbios_config.o (.text.ti_sysbios_family_arm_m3_Hwi_Instance_init)
                  0001b598    00000070     ti_sysbios_config.o (.text.ti_sysbios_knl_Task_startup)
                  0001b608    00000070     ti_sysbios_config.o (.text.ti_sysbios_runtime_System_formatNum)
                  0001b678    0000006e     drivers_cc26x2x7.a : LED.c.obj (.text.LED_startBlinking)
                  0001b6e6    0000006e     zd_object.o (.text.ZDO_ParseSimpleDescBuf)
                  0001b754    0000006e     libclang_rt.builtins.a : comparedf2.c.obj (.text.__gedf2)
                  0001b7c2    00000002     maclib_nosecure_cc26x2_2_4g_tirtos7.a : mac_rx.o (.text.macRxRadioPowerUpInit)
                  0001b7c4    0000006e     libclang_rt.builtins.a : comparedf2.c.obj (.text.__ledf2)
                  0001b832    0000006e     zstacktask.o (.text.sendBeaconNotifyInd)
                  0001b8a0    0000006e     libclang_rt.builtins.a : truncdfsf2.S.obj (.text)
                  0001b90e    00000002     maclib_nosecure_cc26x2_2_4g_tirtos7.a : mac_hl_patch.o (.text.macSetDefaultsByPatch)
                  0001b910    0000006c     drivers_cc26x2x7.a : AESECBCC26XX.c.obj (.text.AESECB_hwiFxn)
                  0001b97c    0000006c     nvocmp.o (.text.NVOCMP_eraseNvApi)
                  0001b9e8    0000006c     nvocmp.o (.text.NVOCMP_writeItemApi)
                  0001ba54    0000006c     osal_port.o (.text.OsalPort_msgFindDequeue)
                  0001bac0    0000006c     rf_multiMode_cc26x2.a : RFCC26X2_multiMode.c.cc26x2.ticlang.o (.text.RF_getTxPower)
                  0001bb2c    0000006c                           : RFCC26X2_multiMode.c.cc26x2.ticlang.o (.text.RF_issueRadioFreeCb)
                  0001bb98    0000006c     drivers_cc26x2x7.a : Random.c.obj (.text.Random_seedAutomatic)
                  0001bc04    0000006c     zd_sec_mgr.o (.text.ZDSecMgrWriteNV)
                  0001bc70    0000006c     maclib_nosecure_cc26x2_2_4g_tirtos7.a : mac_low_level.o (.text.macLowLevelInit)
                  0001bcdc    0000006c     drivers_cc26x2x7.a : PowerCC26X2.c.obj (.text.oscillatorISR)
                  0001bd48    0000006c     zstackapi.o (.text.sendReqRsp)
                  0001bdb4    0000006c     ti_sysbios_config.o (.text.ti_sysbios_family_arm_m3_Hwi_dispatchC)
                  0001be20    0000006a     drivers_cc26x2x7.a : I2CCC26XX.c.obj (.text.I2CSupport_primeTransfer)
                  0001be8a    0000006a     nvocmp.o (.text.NVOCMP_verifyCRC)
                  0001bef4    0000006a     libc.a : copy_decompress_lzss.c.obj (.text:decompress:lzss)
                  0001bf5e    00000068     driverlib.lib : chipinfo.o (.text.NOROM_ChipInfo_GetChipType)
                  0001bfc6    00000068     rf_multiMode_cc26x2.a : RFCC26X2_multiMode.c.cc26x2.ticlang.o (.text.RF_detachOverrides)
                  0001c02e    00000002     nwk_globals.o (.text.nwk_Status)
                  0001c030    00000068     libZStack_nwk_zed.a : rtg.o (.text.RTG_GetRtgSrcIndex)
                  0001c098    00000068     zd_app.o (.text.ZDApp_LeaveReset)
                  0001c100    00000068     zd_app.o (.text.ZDApp_RestoreNetworkState)
                  0001c168    00000068     zd_sec_mgr.o (.text.ZDSecMgrSaveTCLinkKey)
                  0001c1d0    00000068     maclib_nosecure_cc26x2_2_4g_tirtos7.a : mac_rx_onoff.o (.text.macRxOn)
                  0001c238    00000068                                           : mac.o (.text.macSetTxPowerVal)
                  0001c2a0    00000068                                           : mac_timer.o (.text.macTimerGetNextTimer)
                  0001c308    00000068     zstackapi.o (.text.sendReqDefaultRsp)
                  0001c370    00000068     ti_sysbios_config.o (.text.ti_sysbios_knl_Swi_run)
                  0001c3d8    00000068     zcl_port.o (.text.zclGeneral_RemoveAllScenes)
                  0001c440    00000066     libZStack_nwk_zed.a : nwk_util.o (.text.NLDE_DataIndSend)
                  0001c4a6    00000002     ti_sysbios_config.o (.text.ti_sysbios_runtime_System_exitSpin)
                  0001c4a8    00000064     drivers_cc26x2x7.a : AESCCMCC26XX.c.obj (.text.AESCCM_hwiFxn)
                  0001c50c    00000064     libZStack_nwk_zed.a : aps_mede.o (.text.APSME_LinkKeySync)
                  0001c570    00000064     binding_table.o (.text.InitBindingTable)
                  0001c5d4    00000064     osal_port.o (.text.OsalPort_clearEvent)
                  0001c638    00000064     drivers_cc26x2x7.a : PowerCC26X2_calibrateRCOSC.c.obj (.text.PowerCC26X2_initiateCalibration)
                  0001c69c    00000064     rf_multiMode_cc26x2.a : RFCC26X2_multiMode.c.cc26x2.ticlang.o (.text.RF_attachOverrides)
                  0001c700    00000064                           : RFCC26X2_multiMode.c.cc26x2.ticlang.o (.text.RF_dispatchNextEvent)
                  0001c764    00000064                           : RFCC26X2_multiMode.c.cc26x2.ticlang.o (.text.RF_hwiCpe0PowerFsm)
                  0001c7c8    00000064     drivers_cc26x2x7.a : UDMACC26XX.c.obj (.text.UDMACC26XX_open)
                  0001c82c    00000064     zd_profile.o (.text.ZDP_NodeDescMsg)
                  0001c890    00000064     zd_sec_mgr.o (.text.ZDSecMgrGenerateKeyFromSeed)
                  0001c8f4    00000064     libZStack_nwk_zed.a : aps_groups.o (.text.aps_AddGroup)
                  0001c958    00000064     maclib_nosecure_cc26x2_2_4g_tirtos7.a : mac_timer.o (.text.macTimerAddTimer)
                  0001c9bc    00000064                                           : mac_hl_patch.o (.text.macTrackPeriodCallback)
                  0001ca20    00000064     libZStack_nwk_zed.a : nwk_util.o (.text.nwk_GetConfigPollRate)
                  0001ca84    00000064     ti_sysbios_config.o (.text.ti_sysbios_gates_GateMutexPri_leave)
                  0001cae8    00000064     ti_sysbios_config.o (.text.ti_sysbios_knl_Idle_init)
                  0001cb4c    00000064     ti_sysbios_config.o (.text.ti_sysbios_knl_TaskSupport_buildTaskStack)
                  0001cbb0    00000064     zcl.o (.text.zclParseHdr)
                  0001cc14    00000062     rf_multiMode_cc26x2.a : RFCC26X2_multiMode.c.cc26x2.ticlang.o (.text.RF_syncCb)
                  0001cc76    00000002     --HOLE-- [fill = 0]
                  0001cc78    00000062     libclang_rt.builtins.a : aeabi_dcmp.S.obj (.text)
                  0001ccda    00000002     --HOLE-- [fill = 0]
                  0001ccdc    00000060     drivers_cc26x2x7.a : CryptoResourceCC26XX.c.obj (.text.CryptoResourceCC26XX_constructRTOSObjects)
                  0001cd3c    00000060     epd1in54v2.o (.text.EpdClearFrameMemory)
                  0001cd9c    00000060     libZStack_nwk_zed.a : nwk_util.o (.text.NLME_NetworkReportCB)
                  0001cdfc    00000060     nvocmp.o (.text.NVOCMP_checkItem)
                  0001ce5c    00000060     osal_port.o (.text.OsalPort_setEvent)
                  0001cebc    00000060     zd_app.o (.text.ZDAppDetermineDeviceType)
                  0001cf1c    00000060     zd_object.o (.text.ZDO_ParseAddrRsp)
                  0001cf7c    00000060     zd_object.o (.text.ZDO_ProcessSimpleDescReq)
                  0001cfdc    00000060     zd_profile.o (.text.ZDP_NwkAddrReq)
                  0001d03c    00000060     binding_table.o (.text.bindAddrMgrLocalLoad)
                  0001d09c    00000060     maclib_nosecure_cc26x2_2_4g_tirtos7.a : mac_radio.o (.text.macRadioWakeupCb)
                  0001d0fc    00000060                                           : mac_timer.o (.text.macSymbolTimerRolloverCallback)
                  0001d15c    00000060                                           : mac_timer.o (.text.macTimerCancel)
                  0001d1bc    00000060     libZStack_nwk_zed.a : nwk.o (.text.nwk_scan_cnf_processing)
                  0001d21c    00000060     ota_client.o (.text.otaClient_loadExtImage)
                  0001d27c    00000060     ota_client.o (.text.otaClient_setAttributes)
                  0001d2dc    00000060     zstacktask.o (.text.sendIeeeAddrRspInd)
                  0001d33c    00000060     zstacktask.o (.text.sendNwkAddrRspInd)
                  0001d39c    00000060     ti_sysbios_config.o (.text.ti_sysbios_knl_Clock_walkQueueDynamic)
                  0001d3fc    00000060     ti_sysbios_config.o (.text.ti_sysbios_knl_Semaphore_post)
                  0001d45c    00000060     ti_sysbios_config.o (.text.ti_sysbios_knl_Swi_schedule)
                  0001d4bc    00000060     osal_port_timers.o (.text.timerCb)
                  0001d51c    00000060     zcl.o (.text.zclFindNextAttrRec)
                  0001d57c    00000060     zcl.o (.text.zclParseInWriteRspCmd)
                  0001d5dc    0000005e     libZStack_nwk_zed.a : aps_mede.o (.text.APSME_FrameSecApplyCM)
                  0001d63a    0000005e                         : aps.o (.text.APS_ReflectMonitor)
                  0001d698    0000005e     rf_multiMode_cc26x2.a : rfc.c.cc26x2.ticlang.o (.text.NOROM_RFCAnaDivTxOverride)
                  0001d6f6    00000002     --HOLE-- [fill = 0]
                  0001d6f8    0000005c     drivers_cc26x2x7.a : ADCCC26XX.c.obj (.text.ADCCC26XX_open)
                  0001d754    0000005c     epd1in54v2.o (.text.DelayUs)
                  0001d7b0    0000005c     libZStack_nwk_zed.a : nl_mede.o (.text.NLDE_DataReq)
                  0001d80c    0000005c     drivers_cc26x2x7.a : NVSSPI25X.c.obj (.text.NVSSPI25X_control)
                  0001d868    0000005c     osal_port_timers.o (.text.OsalPortTimers_stopTimer)
                  0001d8c4    0000005c     osal_port.o (.text.OsalPort_msgReceive)
                  0001d920    0000005c     libZStack_nwk_zed.a : rtg.o (.text.RTG_SendRErr)
                  0001d97c    0000005c                         : ssp.o (.text.SSP_ParseAuxHdr)
                  0001d9d8    0000005c     drivers_cc26x2x7.a : TRNGCC26XX.c.obj (.text.TRNGCC26XX_startTrng)
                  0001da34    0000005c     zd_app.o (.text.ZDApp_AnnounceNewAddress)
                  0001da90    0000005c     zmac.o (.text.ZMacScanReq)
                  0001daec    0000005c     zmac.o (.text.ZMacSetZigbeeMACParams)
                  0001db48    0000005c     bdb.o (.text.bdb_nwkJoiningFormation)
                  0001dba4    0000005c     bh1750.o (.text.bh1750_WaitUs)
                  0001dc00    0000005c     bh1750.o (.text.bh1750_Write)
                  0001dc5c    0000005c     binding_table.o (.text.bindRemoveDev)
                  0001dcb8    0000005c     bme280i2c.o (.text.bme_HW_WaitUs)
                  0001dd14    0000005c     drivers_cc26x2x7.a : NVSSPI25X.c.obj (.text.extFlashWaitReady)
                  0001dd70    0000005c     maclib_nosecure_cc26x2_2_4g_tirtos7.a : mac_sleep.o (.text.macCanSleep)
                  0001ddcc    0000005c                                           : mac_radio.o (.text.macRadioSetChannel)
                  0001de28    0000005c                                           : mac_symbol_timer.o (.text.macSymbolTimerEventHandler)
                  0001de84    0000005c     libZStack_nwk_zed.a : nwk_util.o (.text.nlmeAddConflictedAddrTable)
                  0001dee0    0000005c                         : nwk_util.o (.text.nwkNeighborRemoveStranded)
                  0001df3c    0000005c     ota_client.o (.text.otaClient_ProcessUnhandledFoundationZCLMsgs)
                  0001df98    0000005c     zstacktask.o (.text.sendLeaveInd)
                  0001dff4    0000005c     zcl_port.o (.text.zclGeneral_FindAllScenesForGroup)
                  0001e050    0000005c     zcl_ota.o (.text.zclOTA_SendQueryNextImageReq)
                  0001e0ac    0000005c     zglobals.o (.text.zgInitItems)
                  0001e108    0000005a     zstacktask.o (.text.sendActiveEPRspInd)
                  0001e162    0000005a     zstacktask.o (.text.sendMatchDescRspInd)
                  0001e1bc    0000005a     zstacktask.o (.text.sendZdoSrcRtgInd)
                  0001e216    00000002     --HOLE-- [fill = 0]
                  0001e218    00000058     drivers_cc26x2x7.a : ADCCC26XX.c.obj (.text.ADCCC26XX_convertToMicroVolts)
                  0001e270    00000058     zstacktask.o (.text.BDBBindNotificationsendMsgToAllCBs)
                  0001e2c8    00000058     drivers_cc26x2x7.a : Button.c.obj (.text.Button_gpioCallbackFxn)
                  0001e320    00000058     osal_port.o (.text.HEAPMGR_GETLARGESTFREEBUF)
                  0001e378    00000058     libZStack_nwk_zed.a : nl_mede.o (.text.NLME_NwkDiscReq2)
                  0001e3d0    00000058                         : nwk_util.o (.text.NLME_SendEndDevTimeoutReq)
                  0001e428    00000058     osal_port.o (.text.OsalPort_msgSend)
                  0001e480    00000058     rf_multiMode_cc26x2.a : RFCC26X2_multiMode.c.cc26x2.ticlang.o (.text.RF_applyRfCorePatch)
                  0001e4d8    00000058     libZStack_nwk_zed.a : ssp_hash.o (.text.SSP_KeyedHash)
                  0001e530    00000058     drivers_cc26x2x7.a : TRNGCC26XX.c.obj (.text.TRNG_init)
                  0001e588    00000058     zd_profile.o (.text.ZDP_EPRsp)
                  0001e5e0    00000058     zd_profile.o (.text.ZDP_MgmtPermitJoinReq)
                  0001e638    00000058     bdb_finding_and_binding.o (.text.bdb_SendIdentifyQuery)
                  0001e690    00000058     bdb.o (.text.bdb_ZclIdentifyCmdInd)
                  0001e6e8    00000058     bme280i2c.o (.text.bme280_read24)
                  0001e740    00000058     drivers_cc26x2x7.a : NVSSPI25X.c.obj (.text.doWriteVerify)
                  0001e798    00000058     zd_profile.o (.text.fillAndSend)
                  0001e7f0    00000058     maclib_nosecure_cc26x2_2_4g_tirtos7.a : mac_radio.o (.text.macRadioSetChannelRx)
                  0001e848    00000058                                           : mac_radio_tx.o (.text.macRadioTxPrepCsmaSlottedIeee)
                  0001e8a0    00000058                                           : mac_radio.o (.text.macRadioUpdateTxPower)
                  0001e8f8    00000058                                           : mac.o (.text.macRequestSFDTimeout)
                  0001e950    00000058     libZStack_nwk_zed.a : nwk_util.o (.text.nwkNeighborCheckAddr)
                  0001e9a8    00000058     nwk_globals.o (.text.nwk_InitializeDefaultPollRates)
                  0001ea00    00000058     sysbios.a : Hwi_asm_switch_gcc.s.obj (.text.ti_sysbios_family_arm_m3_Hwi_initStacks)
                  0001ea58    00000056     drivers_cc26x2x7.a : StructRingBuf.c.obj (.text.StructRingBuf_put)
                  0001eaae    00000056     util_timer.o (.text.UtilTimer_construct)
                  0001eb04    00000056     bdb.o (.text.bdb_AddRespondentNode)
                  0001eb5a    00000056     libZStack_nwk_zed.a : nwk.o (.text.nwk_BeaconToNative)
                  0001ebb0    00000054     drivers_cc26x2x7.a : AESCCMCC26XX.c.obj (.text.AESCCM_construct)
                  0001ec04    00000054     libZStack_nwk_zed.a : addr_mgr.o (.text.AddrMgrWriteNV)
                  0001ec58    00000054     epd1in54v2.o (.text.EpdSpiInit)
                  0001ecac    00000054     drivers_cc26x2x7.a : I2CCC26XX.c.obj (.text.I2CCC26XX_initHw)
                  0001ed00    00000054     libZStack_nwk_zed.a : nl_mede.o (.text.NLME_NetworkDiscoveryRequest)
                  0001ed54    00000054     nvocmp.o (.text.NVOCMP_compactNvApi)
                  0001eda8    00000054     nvocmp.o (.text.NVOCMP_getDstPage)
                  0001edfc    00000054     nvocmp.o (.text.NVOCMP_getItemLenApi)
                  0001ee50    00000054     rf_multiMode_cc26x2.a : RFCC26X2_multiMode.c.cc26x2.ticlang.o (.text.RF_getCurrentTime)
                  0001eea4    00000054     libZStack_nwk_zed.a : rtg.o (.text.RTG_MTORouteReq)
                  0001eef8    00000054     zd_app.o (.text.ZDApp_ProcessMsgCBs)
                  0001ef4c    00000054     zd_sec_mgr.o (.text.ZDSecMgrAuthenticationCheck)
                  0001efa0    00000054     libZStack_nwk_zed.a : aps_groups.o (.text.aps_GroupsRestoreFromNV)
                  0001eff4    00000054     bdb.o (.text.bdb_joinProcess)
                  0001f048    00000054     bdb.o (.text.bdb_tryNwkAssoc)
                  0001f09c    00000054     bdb_finding_and_binding.o (.text.bdb_zclFindingBindingAddBindEntry)
                  0001f0f0    00000054     drivers_cc26x2x7.a : NVSSPI25X.c.obj (.text.extFlashSpiWrite)
                  0001f144    00000054     maclib_nosecure_cc26x2_2_4g_tirtos7.a : mac_tx.o (.text.macTxAckReceivedCallback)
                  0001f198    00000054     libZStack_nwk_zed.a : nwk.o (.text.nwk_BeaconFromNative)
                  0001f1ec    00000054                         : nwk_bufs.o (.text.nwk_broadcastSend)
                  0001f240    00000054     osal_nv.o (.text.osal_nv_item_init_ex)
                  0001f294    00000054     zcl_port.o (.text.zclport_initializeNVItem)
                  0001f2e8    00000054     zcl_port.o (.text.zclport_registerZclHandleExternal)
                  0001f33c    00000054     zcl_port.o (.text.zclport_writeNV)
                  0001f390    00000052     libZStack_nwk_zed.a : rtg.o (.text.RTG_SendBrokenRoute)
                  0001f3e2    00000052     zd_app.o (.text.ZDApp_ProcessSecEvent)
                  0001f434    00000052     binding_table.o (.text.bindAddrIndexGet)
                  0001f486    00000002     --HOLE-- [fill = 0]
                  0001f488    00000050     libZStack_nwk_zed.a : aps.o (.text.APS_CmdInd)
                  0001f4d8    00000050                         : addr_mgr.o (.text.AddrMgrEntryGet)
                  0001f528    00000050     ti_drivers_config.o (.text.Board_shutDownExtFlash)
                  0001f578    00000050     drivers_cc26x2x7.a : NVSSPI25X.c.obj (.text.NVSSPI25X_read)
                  0001f5c8    00000050     rf_multiMode_cc26x2.a : RFCC26X2_multiMode.c.cc26x2.ticlang.o (.text.RF_wakeupNotification)
                  0001f618    00000050     libZStack_nwk_zed.a : ssp.o (.text.SSP_GetNwkKey)
                  0001f668    00000050     zd_app.o (.text.ZDApp_LeaveUpdate)
                  0001f6b8    00000050     zd_object.o (.text.ZDO_UpdateNwkStatus)
                  0001f708    00000050     bdb.o (.text.bdb_nwkDiscoveryAttempt)
                  0001f758    00000050     maclib_nosecure_cc26x2_2_4g_tirtos7.a : mac_radio.o (.text.macGetRadioTxPowerReg)
                  0001f7a8    00000050                                           : mac_tx.o (.text.macTxTimestampCallback)
                  0001f7f8    00000050     libZStack_nwk_zed.a : nwk.o (.text.nwk_getNetworkDesc)
                  0001f848    00000050     ota_client.o (.text.otaClient_DiscoverServer)
                  0001f898    00000050     maclib_nosecure_cc26x2_2_4g_tirtos7.a : mac_rx.o (.text.rxPostRxUpdates)
                  0001f8e8    00000050     ti_sysbios_config.o (.text.ti_sysbios_family_arm_m3_Hwi_excHandlerMin)
                  0001f938    00000050     ti_sysbios_config.o (.text.ti_sysbios_knl_Swi_post)
                  0001f988    00000050     ti_sysbios_config.o (.text.ti_sysbios_knl_Swi_runLoop)
                  0001f9d8    0000004e     drivers_cc26x2x7.a : AESECBCC26XX.c.obj (.text.AESECB_startOperation)
                  0001fa26    0000004e     ti_drivers_config.o (.text.Board_sendExtFlashByte)
                  0001fa74    0000004e     nvocmp.o (.text.NVOCMP_readItem)
                  0001fac2    0000004e     libZStack_nwk_zed.a : ssp.o (.text.SSP_BuildAuxHdr)
                  0001fb10    0000004e     zd_sec_mgr.o (.text.ZDSecMgrAddLinkKey)
                  0001fb5e    0000004e     zcl.o (.text.zclParseInDiscAttrsRspCmd)
                  0001fbac    0000004c     libZStack_nwk_zed.a : aps_mede.o (.text.APSME_GetRequest)
                  0001fbf8    0000004c                         : aps.o (.text.APS_Init)
                  0001fc44    0000004c     ti_sysbios_config.o (.text.BIOS_startFunc)
                  0001fc90    0000004c     binding_table.o (.text.BindRestoreFromNV)
                  0001fcdc    0000004c     epd1in54v2.o (.text.EpdSendCommand)
                  0001fd28    0000004c     maclib_nosecure_cc26x2_2_4g_tirtos7.a : mac_autopend.o (.text.MAC_SrcMatchAckAllPending)
                  0001fd74    0000004c                                           : mac_autopend.o (.text.MAC_SrcMatchEnable)
                  0001fdc0    0000004c     libZStack_nwk_zed.a : nwk_util.o (.text.NLME_InitNV)
                  0001fe0c    0000004c                         : nwk_util.o (.text.NLME_ProcessNetworkStatus)
                  0001fe58    0000004c     driverlib.lib : osc.o (.text.NOROM_OSC_HPOSCRelativeFrequencyOffsetGet)
                  0001fea4    0000004c     nvocmp.o (.text.NVOCMP_setItemInactive)
                  0001fef0    0000004c     drivers_cc26x2x7.a : NVSCC26XX.c.obj (.text.NVSCC26XX_init)
                  0001ff3c    0000004c                        : NVSCC26XX.c.obj (.text.NVSCC26XX_read)
                  0001ff88    0000004c     osal_port.o (.text.OsalPort_msgFind)
                  0001ffd4    0000004c     rf_multiMode_cc26x2.a : RFCC26X2_multiMode.c.cc26x2.ticlang.o (.text.RF_fsmXOSCState)
                  00020020    0000004c     drivers_cc26x2x7.a : StructRingBuf.c.obj (.text.StructRingBuf_get)
                  0002006c    0000004c     zd_profile.o (.text.ZDO_RegisterForZDOMsg)
                  000200b8    0000004c     af.o (.text.afRegisterExtended)
                  00020104    0000004c     libZStack_nwk_zed.a : aps_util.o (.text.apsAckFindMatchCB)
                  00020150    0000004c     bdb.o (.text.bdb_GenerateInstallCodeCRC)
                  0002019c    0000004c     bdb_reporting.o (.text.bdb_RepStartOrContinueReporting)
                  000201e8    0000004c     bdb_finding_and_binding.o (.text.bdb_ZclIdentifyQueryCmdInd)
                  00020234    0000004c     bdb_reporting.o (.text.bdb_clusterEndpointArrayIncrementAll)
                  00020280    0000004c     bdb.o (.text.bdb_setActiveCentralizedLinkKey)
                  000202cc    0000004c     bdb.o (.text.bdb_tcLinkKeyExchangeAttempt)
                  00020318    0000004c     bh1750.o (.text.bh1750_init)
                  00020364    0000004c     binding_table.o (.text.bindAddressClear)
                  000203b0    0000004c     bme280i2c.o (.text.bme280_read16)
                  000203fc    0000004c     drivers_cc26x2x7.a : SPICC26X2DMA.c.obj (.text.initHw)
                  00020448    0000004c     maclib_nosecure_cc26x2_2_4g_tirtos7.a : mac_low_level.o (.text.macLowLevelYield)
                  00020494    0000004c                                           : mac_mcu.o (.text.macMcuInit)
                  000204e0    0000004c                                           : mac_radio.o (.text.macRadioPowerDown)
                  0002052c    0000004c                                           : mac_rx_onoff.o (.text.macRxOffRequest)
                  00020578    0000004c                                           : mac_timer.o (.text.macTimerUpdActive)
                  000205c4    0000004c     libZStack_nwk_zed.a : nwk_util.o (.text.nwkNeighborAdd)
                  00020610    0000004c                         : nwk_util.o (.text.nwkNeighborInitTable)
                  0002065c    0000004c     osal_nv.o (.text.osal_nv_delete_ex)
                  000206a8    0000004c     ota_client.o (.text.otaClient_ProcessMatchDescRsp)
                  000206f4    0000004c     drivers_cc26x2x7.a : PowerCC26X2.c.obj (.text.switchXOSCHF)
                  00020740    0000004c     ti_sysbios_config.o (.text.ti_sysbios_knl_Swi_Instance_init)
                  0002078c    0000004c     zcl_general.o (.text.zclGeneral_RegisterCmdCallbacks)
                  000207d8    0000004c     zcl_ota.o (.text.zclOTA_SendUpgradeEndReq)
                  00020824    0000004c     zcl.o (.text.zclParseInDiscAttrsExtRspCmd)
                  00020870    0000004c     zcl.o (.text.zclParseInReadReportCfgCmd)
                  000208bc    0000004c     zcl.o (.text.zclWriteAttrData)
                  00020908    0000004a     driverlib.lib : chipinfo.o (.text.NOROM_ChipInfo_GetHwRevision)
                  00020952    0000004a     libZStack_nwk_zed.a : ssp.o (.text.SSP_BuildAuxHdr2)
                  0002099c    0000004a     zstacktask.o (.text.sendDeviceAnnounceInd)
                  000209e6    0000004a     zcl_general.o (.text.zclGeneral_SendSceneResponse)
                  00020a30    00000048     libZStack_nwk_zed.a : aps_mede.o (.text.APSME_SetDefaultKey)
                  00020a78    00000048                         : nl_mede.o (.text.NLME_LeaveReq)
                  00020ac0    00000048                         : nl_mede.o (.text.NLME_LeaveRsp)
                  00020b08    00000048     driverlib.lib : aux_sysif.o (.text.NOROM_AUXSYSIFOpModeChange)
                  00020b50    00000048     rf_multiMode_cc26x2.a : rfc.c.cc26x2.ticlang.o (.text.NOROM_RFCSynthPowerDown)
                  00020b98    00000048     drivers_cc26x2x7.a : NVS.c.obj (.text.NVS_open)
                  00020be0    00000048     osal_port.o (.text.OsalPort_heapFree)
                  00020c28    00000048     drivers_cc26x2x7.a : PowerCC26X2.c.obj (.text.PowerCC26XX_switchXOSC_HF)
                  00020c70    00000048     zd_app.o (.text.ZDApp_ForceConcentratorChange)
                  00020cb8    00000048     zd_object.o (.text.ZDO_ProcessActiveEPReq)
                  00020d00    00000048     zd_profile.o (.text.ZDP_SendData)
                  00020d48    00000048     zd_sec_mgr.o (.text.ZDSecMgrInitNV)
                  00020d90    00000048     libZStack_nwk_zed.a : aps_util.o (.text.apsProcessAck)
                  00020dd8    00000048     bdb.o (.text.bdb_NetworkRestoredResumeState)
                  00020e20    00000048     bdb_reporting.o (.text.bdb_RepLoadCfgRecords)
                  00020e68    00000048     bdb_reporting.o (.text.bdb_clusterEndpointArrayUpdateAt)
                  00020eb0    00000048     bdb.o (.text.bdb_nwkAssocAttemt)
                  00020ef8    00000048     bdb_finding_and_binding.o (.text.bdb_setEpDescListToActiveEndpoint)
                  00020f40    00000048     maclib_nosecure_cc26x2_2_4g_tirtos7.a : mac_rx_onoff.o (.text.macRxDisable)
                  00020f88    00000048     libZStack_nwk_zed.a : nwk.o (.text.nwkBuildDataCnf)
                  00020fd0    00000048                         : nwk_bufs.o (.text.nwk_broadcastReceive)
                  00021018    00000048     rf_multiMode_cc26x2.a : rf_patch_cpe_ieee_802_15_4.c.cc26x2.ticlang.o (.text.rf_patch_cpe_ieee_802_15_4)
                  00021060    00000048     zstacktask.o (.text.sendTcDeviceInd)
                  000210a8    00000048     ti_sysbios_config.o (.text.ti_sysbios_family_arm_cc26xx_Timer_start)
                  000210f0    00000048     ti_sysbios_config.o (.text.ti_sysbios_knl_Task_schedule)
                  00021138    00000048     libclang_rt.builtins.a : fixdfsi.S.obj (.text)
                  00021180    00000044     drivers_cc26x2x7.a : ADC.c.obj (.text.ADC_init)
                  000211c4    00000044     af.o (.text.AF_DataRequestSrcRtg)
                  00021208    00000044     libZStack_nwk_zed.a : aps_mede_cb.o (.text.APSME_TransportKeyInd)
                  0002124c    00000044                         : addr_mgr.o (.text.AddrMgrEntrySet)
                  00021290    00000044     zstacktask.o (.text.BDBsendMsgToAllCBs)
                  000212d4    00000044     ti_sysbios_config.o (.text.BIOS_atExitFunc)
                  00021318    00000044     binding_table.o (.text.BindInitNV)
                  0002135c    00000044     epd1in54v2.o (.text.EpdSendData)
                  000213a0    00000044     drivers_cc26x2x7.a : GPIOCC26X2.c.obj (.text.GPIO_hwiIntFxn)
                  000213e4    00000044     libZStack_nwk_zed.a : nwk_util.o (.text.NLME_SetUpdateID)
                  00021428    00000044     driverlib.lib : prcm.o (.text.NOROM_PRCMPowerDomainsAllOff)
                  0002146c    00000044                   : prcm.o (.text.NOROM_PRCMPowerDomainsAllOn)
                  000214b0    00000044     drivers_cc26x2x7.a : PWM.c.obj (.text.PWM_init)
                  000214f4    00000044     epdpaint.o (.text.PaintPaint)
                  00021538    00000044     rf_multiMode_cc26x2.a : RFCC26X2_multiMode.c.cc26x2.ticlang.o (.text.RF_TxPowerTable_findValue)
                  0002157c    00000044                           : RFCC26X2_multiMode.c.cc26x2.ticlang.o (.text.RF_cmdGet)
                  000215c0    00000044                           : RFCC26X2_multiMode.c.cc26x2.ticlang.o (.text.RF_updatePowerupDuration)
                  00021604    00000044     libZStack_nwk_zed.a : rtg.o (.text.RTG_ValidateSrcRtg)
                  00021648    00000044     drivers_cc26x2x7.a : SPI.c.obj (.text.SPI_init)
                  0002168c    00000044     zmac.o (.text.ZMacSetReq)
                  000216d0    00000044     bdb_finding_and_binding.o (.text.bdb_GetFBInitiatorStatus)
                  00021714    00000044     bdb_finding_and_binding.o (.text.bdb_SetIdentifyActiveEndpoint)
                  00021758    00000044     binding_table.o (.text.bindRemoveClusterIdFromList)
                  0002179c    00000044     bme280i2c.o (.text.bme280_read8)
                  000217e0    00000044     zmac.o (.text.convertTxOptions)
                  00021824    00000044     maclib_nosecure_cc26x2_2_4g_tirtos7.a : mac.o (.text.macRatDisableChannels)
                  00021868    00000044                                           : mac_rx.o (.text.macRxNokIsr)
                  000218ac    00000044                                           : mac_symbol_timer.o (.text.macSymbolTimerRealignIeee)
                  000218f0    00000044                                           : mac_tx.o (.text.macTxUpdateIE)
                  00021934    00000044     libZStack_nwk_zed.a : nwk_util.o (.text.nwkNeighborKeepPANID)
                  00021978    00000044     ota_client.o (.text.otaClient_StartTimer)
                  000219bc    00000044     libZStack_nwk_zed.a : reflecttrack.o (.text.reflectTrack_RemoveEntry)
                  00021a00    00000044     zstacktask.o (.text.sendZdoConcentratorInd)
                  00021a44    00000044     ti_sysbios_config.o (.text.ti_sysbios_family_arm_m3_Hwi_Instance_finalize)
                  00021a88    00000044     ti_sysbios_config.o (.text.ti_sysbios_family_arm_m3_Hwi_construct2)
                  00021acc    00000044     ti_sysbios_config.o (.text.ti_sysbios_family_arm_m3_Hwi_disableInterrupt)
                  00021b10    00000044     ti_sysbios_config.o (.text.ti_sysbios_family_arm_m3_Hwi_enableInterrupt)
                  00021b54    00000044     ti_sysbios_config.o (.text.ti_sysbios_knl_Swi_restore)
                  00021b98    00000044     zcl_general.o (.text.zclGeneral_AddGroup)
                  00021bdc    00000042     af.o (.text.afReflectError)
                  00021c1e    00000042     zcl.o (.text.zcl_DeviceOperational)
                  00021c60    00000040     drivers_cc26x2x7.a : ADCCC26XX.c.obj (.text.ADCCC26XX_close)
                  00021ca0    00000040                        : ADC.c.obj (.text.ADC_open)
                  00021ce0    00000040     libZStack_nwk_zed.a : aps_mede.o (.text.APSDE_FrameSend)
                  00021d20    00000040                         : addr_mgr.o (.text.AddrMgrInitNV)
                  00021d60    00000040                         : addr_mgr.o (.text.AddrMgrRestoreFromNV)
                  00021da0    00000040     zstacktask.o (.text.BDBFilterNwkDescriptorsendMsgCB)
                  00021de0    00000040     binding_table.o (.text.BindSetDefaultNV)
                  00021e20    00000040     epd1in54v2.o (.text.EpdSetMemoryArea)
                  00021e60    00000040     maclib_nosecure_cc26x2_2_4g_tirtos7.a : mac_timer.o (.text.MAC_PwrNextTimeout)
                  00021ea0    00000040     osal_port.o (.text.OsalPort_deleteTimer)
                  00021ee0    00000040     osal_port.o (.text.OsalPort_msgEnqueueMax)
                  00021f20    00000040     drivers_cc26x2x7.a : PWM.c.obj (.text.PWM_open)
                  00021f60    00000040                        : PowerCC26X2_calibrateRCOSC.c.obj (.text.PowerCC26X2_RCOSC_clockFunc)
                  00021fa0    00000040                        : PowerCC26X2_calibrateRCOSC_helpers.c.obj (.text.PowerCC26X2_setAclkRefSrc)
                  00021fe0    00000040     libZStack_nwk_zed.a : rtg.o (.text.RTG_nextHopIsBad)
                  00022020    00000040     drivers_cc26x2x7.a : SPI.c.obj (.text.SPI_open)
                  00022060    00000040     zd_app.o (.text.ZDApp_ProcessSecMsg)
                  000220a0    00000040     zd_sec_mgr.o (.text.ZDSecMgrApsLinkKeyInit)
                  000220e0    00000040     zd_sec_mgr.o (.text.ZDSecMgrEntryLookupExtGetIndex)
                  00022120    00000040     zmac.o (.text.ZMacInit)
                  00022160    00000040     zmac.o (.text.ZMacReset)
                  000221a0    00000040     bdb_reporting.o (.text.bdb_linkedListAttrAdd)
                  000221e0    00000040     binding_table.o (.text.bindFind)
                  00022220    00000040     bme280i2c.o (.text.bme280_write8)
                  00022260    00000040     drivers_cc26x2x7.a : LED.c.obj (.text.clockTimeoutHandler)
                  000222a0    00000040                        : NVSCC26XX.c.obj (.text.disableFlashCache)
                  000222e0    00000040     maclib_nosecure_cc26x2_2_4g_tirtos7.a : mac_radio_tx.o (.text.macRadioTxPrepSlotted)
[...]
20002adb  zgConcentratorRC                                                
20002adc  zgConcentratorRadius                                            
20002add  zgDeviceLogicalType                                             
20002ade  zgEndDeviceConfiguration                                        
20002adf  zgEndDeviceKeepAliveMessagesPerTimeout                          
20002ae0  zgEndDeviceTimeoutValue                                         
20002ae1  zgIndirectMsgTimeout                                            
20002ae2  zgMaxBcastRetires                                               
20002ae3  zgMaxDataRetries                                                
20002ae4  zgMaxMissingMacAckLinkFailure                                   
20002ae5  zgNwkEndDeviceTimeoutDefault                                    
20002ae6  zgNwkLeaveRequestAllowed                                        
20002ae7  zgNwkMgrMinTransmissions                                        
20002ae8  zgNwkMgrMode                                                    
20002ae9  zgNwkParentInformation                                          
20002aea  zgNwkProcessLocalLeaveCnf                                       
20002aeb  zgNwkSrcRtgExpiryTime                                           
20002aec  zgPassiveAckTimeout                                             
20002aed  zgPreConfigKeys                                                 
20002aee  zgRouteDiscoveryTime                                            
20002aef  zgRouteExpiryTime                                               
20002af0  zgRouterOffAssocCleanup                                         
20002af1  zgRxAlwaysOn                                                    
20002af2  zgSapiEndpoint                                                  
20002af3  zgSecurePermitJoin                                              
20002af4  zgStackProfile                                                  
20002af5  zgStartDelay                                                    
20002af6  zgZdoDirectCB                                                   
20002af8  image                                                           
20004a80  myTaskStack                                                     
20005638  AssociatedDevList                                               
20005bf0  myTaskStack1                                                    
20005df0  spiCC26X2DMAObjects                                             
20005ff0  ti_sysbios_knl_Idle_taskStack                                   
200061f0  taskTbl                                                         
20006358  i2cCC26xxObjects                                                
20006498  rtgTable                                                        
200066d8  crcBuf                                                          
200067d8  enhancedAckBuf                                                  
200068d4  ti_sysbios_family_arm_m3_Hwi_dispatchTable                      
200069ac  bdb_reportingClusterEndpointArray                               
20006a74  LEDObjects                                                      
20006b2c  macPib                                                          
20006bb4  trngCC26XXObjects                                               
20006c38  gpioCallbackFunctions                                           
20006cb4  gpioUserArgs                                                    
20006d30  _NIB                                                            
20006da4  neighborTable                                                   
20006e14  apsEndDeviceBroadcastTable                                      
20006ee8  rtgSrcTable                                                     
20006f48  ti_sysbios_knl_ClockSupport_timerStruct                         
20006fa8  myTask                                                          
20007000  myTask1                                                         
20007058  stackTask                                                       
200070b0  ti_sysbios_knl_Idle_taskStruct                                  
20007108  macScan                                                         
20007200  CryptoResourceCC26XX_accessSemaphore                            
20007250  CryptoResourceCC26XX_operationSemaphore                         
200072a0  rtDiscTable                                                     
200072f0  ButtonObjects                                                   
200075e0  UTC_clock                                                       
20007668  RF_cmdIEEERx                                                    
200076e4  macBeaconCoord                                                  
20007720  BindingTable                                                    
20007758  macDeviceAction1                                                
200077c4  dcBucket                                                        
200077f8  macBeaconDevice                                                 
2000782c  macMgmtAction1                                                  
2000785c  macSrcExtAddrList                                               
2000788c  ti_sysbios_knl_Swi_readyQs                                      
200078bc  ti_sysbios_knl_Task_readyQs                                     
200078ec  NVOCMP_nvHandle                                                 
2000791c  macCoord                                                        
20007948  macDevice                                                       
20007974  aesecbCC26XXObjects                                             
2000799c  nwk_pollRateTable                                               
200079c4  ApsLinkKeyRAMEntry                                              
200079e8  TCLinkKeyRAMEntry                                               
20007a0c  bcastHoldAckMask                                                
20007a30  zdoCBFunc                                                       
20007a54  RF_cmdIEEECsma                                                  
20007a74  RF_cmdRadioSetup                                                
20007a94  RF_params                                                       
20007ab4  macBeacon                                                       
20007ad4  udmaCC26XXObject                                                
20007b10  BIOS_heapCallbackObject                                         
20007b2c  BIOS_rtsGate                                                    
20007b48  CryptoResourceCC26XX_hwi                                        
20007b64  macCoordAction2                                                 
20007b80  macReset                                                        
20007b9c  macSrcShortAddrList                                             
20007bb8  stackSem                                                        
20007bd4  RF_cmdFsRx                                                      
20007bec  RF_cmdFsTx                                                      
20007c04  RF_cmdIEEETx                                                    
20007c1c  aesccmCC26XXObjects                                             
20007c34  macScanAction                                                   
20007c4c  rtgSrcRelayList                                                 
20007c8c  RF_cmdRxAckCmd                                                  
20007ca0  bdb_FindingBindingTargetSimpleDesc                              
20007cb4  macAckDbg                                                       
20007cc8  macDeviceAction2                                                
20007cdc  macMgmtAction2                                                  
20007cf0  macStatistics                                                   
20007d02  adcCC26xxObjects                                                
20007d04  macBeaconDeviceAction                                           
20007d14  macCoordAction3                                                 
20007d24  macData                                                         
20007d34  macDataTxDelay                                                  
20007d44  macFrmFilter                                                    
20007d54  macRxOutputIeee                                                 
20007d64  nwk_beaconPayload                                               
20007d74  ZDO_Config_Node_Descriptor                                      
20007d8e  bdb_reportingNextEventTimeout                                   
20007d90  coexMetricsStruct                                               
20007d9c  macMain                                                         
20007da8  nvsSPI25XObjects                                                
20007db4  zclSampleSw_DstAddr                                             
20007dc0  ZDAppNwkAddr                                                    
20007dca  bcastHoldHandle                                                 
20007dd3  AIB_apsUseExtendedPANID                                         
20007ddb  ZDO_UseExtendedPANID                                            
20007de3  aExtendedAddress                                                
20007dec  attrDefaultCfgRecordLinkedList                                  
20007df4  coexOverrideUseCases                                            
20007dfc  macBeaconCoordAction1                                           
20007e04  macCoordAction1                                                 
20007e0c  macRxDataEntryQueue                                             
20007e14  saveExtAddr                                                     
20007e28  AIB_apsTrustCenterAddress                                       
20007e2c  HEAPMGR_SIZE                                                    
20007e30  NwkDescList                                                     
20007e34  PowerCC26XX_swiKey                                              
20007e38  PowerCC26XX_taskKey                                             
20007e3c  TRNG_handle                                                     
20007e40  ZAESCCM_handle                                                  
20007e44  ZAESECB_handle                                                  
20007e48  ZDO_Config_Power_Descriptor                                     
20007e4c  _ScanChannels                                                   
20007e50  bdbCommissioningProcedureState                                  
20007e54  bdb_reportingAttrCfgRecordsArray                                
20007e58  dcCritical                                                      
20007e5c  dcLimited                                                       
20007e60  dcPtr                                                           
20007e64  dcRegulated                                                     
20007e68  dcTimeUsed                                                      
20007e6c  epList                                                          
20007e70  gAttrDataValue                                                  
20007e74  i2cHandle                                                       
20007e78  macPhyTxPower                                                   
20007e7c  macPrevPeriodRatCount                                           
20007e80  macRfDrvTblPtr                                                  
20007e84  macRxSymbol                                                     
20007e88  macSymbolTimerRollover                                          
20007e8c  macSymbolTimerTrigger                                           
20007e90  macTimerActive                                                  
20007e94  macTxTimestamp                                                  
20007e98  nwkDataBufQueue                                                 
20007e9c  pClockHandleEDScan                                              
20007ea0  pMacRadioConfig                                                 
20007ea4  pMaxPower                                                       
20007ea8  pRfMode                                                         
20007eac  pRfPowerTable                                                   
20007eb0  pTasksEvents                                                    
20007eb4  pheight                                                         
20007eb8  pimage                                                          
20007ebc  pinvert                                                         
20007ec0  protate                                                         
20007ec4  pwidth                                                          
20007ec8  runtimeChannel                                                  
20007ecc  rxRadioBufferPtr                                                
20007ed0  spi                                                             
20007ed4  t_fine                                                          
20007ed8  ti_sysbios_knl_Task_defaultStackHeap                            
20007edc  ti_sysbios_runtime_System_atexitHandlers                        
20007ee0  timerAlignedQ                                                   
20007ee4  timerUnalignedQ                                                 
20007ee8  zclOTA_DownloadedImageSize                                      
20007eec  bme280_dig_H2                                                   
20007eee  bme280_dig_H4                                                   
20007ef0  bme280_dig_H5                                                   
20007ef2  bme280_dig_P1                                                   
20007ef4  bme280_dig_P2                                                   
20007ef6  bme280_dig_P3                                                   
20007ef8  bme280_dig_P4                                                   
20007efa  bme280_dig_P5                                                   
20007efc  bme280_dig_P6                                                   
20007efe  bme280_dig_P7                                                   
20007f00  bme280_dig_P8                                                   
20007f02  bme280_dig_P9                                                   
20007f04  bme280_dig_T1                                                   
20007f06  bme280_dig_T2                                                   
20007f08  bme280_dig_T3                                                   
20007f0a  macRxDataEntryOffset                                            
20007f0c  macTxCsmaBackoffDelay                                           
20007f0e  rxCmdHandle                                                     
20007f10  txCmdHandle                                                     
20007f14  AIB_apsUseInsecureJoin                                          
20007f15  APS_Counter                                                     
20007f16  APS_TaskID                                                      
20007f17  NVOCMP_size                                                     
20007f18  NWK_TaskID                                                      
20007f19  ZDAppTaskID                                                     
20007f1a  ZDApp_LeaveCtrl                                                 
20007f1b  _tmpRejoinState                                                 
20007f1c  bdb_TaskID                                                      
20007f1d  bdb_reportingAcceptDefaultConfs                                 
20007f1e  bdb_reportingAttrCfgRecordsArrayCount                           
20007f1f  bdb_reportingAttrCfgRecordsArrayMaxSize                         
20007f20  bdb_reportingClusterEndpointArrayCount                          
20007f21  bdb_reportingNextClusterEndpointIndex                           
20007f22  bh1750_detect                                                   
20007f23  bme280_dig_H1                                                   
20007f24  bme280_dig_H3                                                   
20007f25  bme280_dig_H6                                                   
20007f26  dcStatus                                                        
20007f27  gAction                                                         
20007f28  lastRxPriority                                                  
20007f29  lastTxPriority                                                  
20007f2a  macAckTxActive                                                  
20007f2b  macMgmt                                                         
20007f2c  macPanCoordinator                                               
20007f2d  macPhyChannel                                                   
20007f2e  macPwr                                                          
20007f2f  macRxActive                                                     
20007f30  macRxEnableFlags                                                
20007f31  macRxFilter                                                     
20007f32  macRxOutgoingAckFlag                                            
20007f33  macSpecUsecsPerSymbol                                           
20007f34  macSrcResIndex                                                  
20007f35  macSymbolTimerImpending                                         
20007f36  macTaskId                                                       
20007f37  macTxActive                                                     
20007f38  macTxBe                                                         
20007f39  macTxGpInterframeDelay                                          
20007f3a  macTxType                                                       
20007f3b  macUnitBackoffPeriod                                            
20007f3c  nvsCC26XXObjects                                                
20007f3d  nwkStatus                                                       
20007f3e  otaServiceTaskId                                                
20007f3f  rreqCounter                                                     
20007f40  rxFhRsl                                                         
20007f41  rxPromiscuousMode                                               
20007f42  rxSeqNum                                                        
20007f43  stackServiceTaskId                                              
20007f44  txAckReq                                                        
20007f45  txSeqn                                                          
20007f46  zclOTA_ClientPdState                                            
20007f47  zclOTA_OtaUpgradeEndReqTransSeq                                 
20007f48  zclOTA_Permit                                                   
20007f49  zgUseDefaultTCLK                                                
20007f4a  heapStart                                                       
20023c00  __stack                                                         
20023c00  heapEnd                                                         
20024000  __STACK_END                                                     
20024000  __STACK_TOP                                                     
ffffffff  __TI_pprof_out_hndl                                             
ffffffff  __TI_prof_data_size                                             
ffffffff  __TI_prof_data_start                                            
ffffffff  __binit__                                                       
ffffffff  binit                                                           
UNDEFED   ITM_flush                                                       
UNDEFED   ITM_restore                                                     
UNDEFED   PWM_config                                                      
UNDEFED   PWM_count                                                       
UNDEFED   __mpu_init                                                      

[2395 symbols]
