******************************************************************************
            TI ARM Clang Linker PC v2.1.3                      
******************************************************************************
>> Linked Wed Apr  2 21:44:43 2025

OUTPUT FILE NAME:   <zed_sw_ota_client_offchip_CC26X2R1_LAUNCHXL_tirtos7_ticlang.out>
ENTRY POINT SYMBOL: "ResetISR"  address: 00029a21


MEMORY CONFIGURATION

         name            origin    length      used     unused   attr    fill
----------------------  --------  ---------  --------  --------  ----  --------
  FLASH_IMG_HDR         00000000   000000a8  00000095  00000013  R  X
  ENTRY                 000000a8   00000040  0000003c  00000004  R  X
  FLASH                 000000e8   00051e30  0002e6a4  0002378c  R  X
  FLASH_NV              00052000   00004000  00004000  00000000  RW X
  FLASH_LAST            00056000   00002000  00000000  00002000  R  X
  GPRAM                 11000000   00002000  00000000  00002000  RW X
  SRAM                  20000000   00014000  00006816  0000d7ea  RW X
  LOG_DATA              90000000   00040000  00000000  00040000  R   


SEGMENT ALLOCATION MAP

run origin  load origin   length   init length attrs members
----------  ----------- ---------- ----------- ----- -------
00000000    00000000    0000008d   0000008d    r--
  00000000    00000000    0000008d   0000008d    r-- .image_header
00000090    00000090    00000008   00000008    rw-
  00000090    00000090    00000008   00000008    rw- .args
000000a8    000000a8    0002e6e4   0002e6e4    r-x
  000000a8    000000a8    0000003c   0000003c    r-- .resetVecs
  000000e8    000000e8    00029a08   00029a08    r-x .text
  00029af0    00029af0    00004854   00004854    r-- .rodata
  0002e344    0002e344    000000d0   000000d0    r-- config_const
  0002e414    0002e414    00000378   00000378    r-- .cinit
00052000    00052000    00004000   00000000    rw-
  00052000    00052000    00004000   00000000    rw- .TI.bound:flashBuf0
2000010c    2000010c    00000010   00000000    rw-
  2000010c    2000010c    00000010   00000000    rw- .data:RAM_MAC_BASE_ADDR
20001830    20001830    00000010   00000000    rw-
  20001830    20001830    00000010   00000000    rw- .TI.bound:dmaSpi0RxControlTableEntry
20001840    20001840    00000010   00000000    rw-
  20001840    20001840    00000010   00000000    rw- .TI.bound:dmaSpi0TxControlTableEntry
20001850    20001850    00000010   00000000    rw-
  20001850    20001850    00000010   00000000    rw- .TI.bound:dmaUart1RxControlTableEntry
20001860    20001860    00000010   00000000    rw-
  20001860    20001860    00000010   00000000    rw- .TI.bound:dmaUart1TxControlTableEntry
20001900    20001900    00000010   00000000    rw-
  20001900    20001900    00000010   00000000    rw- .TI.bound:dmaSpi1RxControlTableEntry
20001910    20001910    00000010   00000000    rw-
  20001910    20001910    00000010   00000000    rw- .TI.bound:dmaSpi1TxControlTableEntry
20001a30    20001a30    00000010   00000000    rw-
  20001a30    20001a30    00000010   00000000    rw- .TI.bound:dmaSpi0RxAltControlTableEntry
20001a40    20001a40    00000010   00000000    rw-
  20001a40    20001a40    00000010   00000000    rw- .TI.bound:dmaSpi0TxAltControlTableEntry
20001b00    20001b00    00000010   00000000    rw-
  20001b00    20001b00    00000010   00000000    rw- .TI.bound:dmaSpi1RxAltControlTableEntry
20001b10    20001b10    00000010   00000000    rw-
  20001b10    20001b10    00000010   00000000    rw- .TI.bound:dmaSpi1TxAltControlTableEntry
20001c00    20001c00    00006366   00000000    rw-
  20001c00    20001c00    000000d8   00000000    rw- .ramVecs
  20001cd8    20001cd8    00000e1f   00000000    rw- .data
  20002af8    20002af8    0000546e   00000000    rw- .bss
20013c00    20013c00    00000400   00000000    rw-
  20013c00    20013c00    00000400   00000000    rw- .stack


SECTION ALLOCATION MAP

 output                                  attributes/
section   page    origin      length       input sections
--------  ----  ----------  ----------   ----------------
.image_header 
*          0    00000000    0000008d     
                  00000000    0000008d     oad_image_header_app.o (.image_header)

.resetVecs 
*          0    000000a8    0000003c     
                  000000a8    0000003c     ti_sysbios_config.o (.resetVecs)

EntrySection 
*          0    000000e4    00000000     UNINITIALIZED

.text      0    000000e8    00029a08     
                  000000e8    000018a8     zstacktask.o (.text.appMsg)
                  00001990    00000a24     zcl_samplesw.o (.text.sampleApp_task)
                  000023b4    0000089c     zcl_general.o (.text.zclGeneral_HdlIncoming)
                  00002c50    00000844     epd1in54v2.o (.text.epd1in54Refresh)
                  00003494    00000634     bdb.o (.text.bdb_event_loop)
                  00003ac8    0000055c     maclib_nosecure_cc26x2_2_4g_tirtos7.a : mac_rx.o (.text.macRxFrameIsr)
                  00004024    000004bc     ota_client.o (.text.otaClient_HdlIncoming)
                  000044e0    00000490     rf_multiMode_cc26x2.a : RFCC26X2_multiMode.c.cc26x2.ticlang.o (.text.RF_fsmActiveState)
                  00004970    00000404     zcl_ota.o (.text.zclOTA_ProcessImageData)
                  00004d74    000003b4     libZStack_nwk_zed.a : nwk.o (.text.nwk_data_ind_processing)
                  00005128    000003b0                         : aps_frag.o (.text.APSF_ProcessEvent)
                  000054d8    0000036c     zstacktask.o (.text.ZStackTaskProcessEvent)
                  00005844    00000364     bdb.o (.text.bdb_reportCommissioningState)
                  00005ba8    000002d8     bme280i2c.o (.text.bme280_readPressure)
                  00005e80    000002c8     drivers_cc26x2.a : SPICC26X2DMA.c.obj (.text.SPICC26X2DMA_transfer)
                  00006148    000002c0     bdb_reporting.o (.text.bdb_ProcessInConfigReportCmd)
                  00006408    000002b8     zstackstartup.o (.text.stackTaskFxn)
                  000066c0    000002ac     libZStack_nwk_zed.a : nwk.o (.text.nwk_event_loop)
                  0000696c    000002a8     nvocmp.o (.text.NVOCMP_initNvApi)
                  00006c14    000002a0     libZStack_nwk_zed.a : aps.o (.text.APS_event_loop)
                  00006eb4    0000029c     rf_multiMode_cc26x2.a : RFCC26X2_multiMode.c.cc26x2.ticlang.o (.text.RF_open)
                  00007150    00000298     ti_sysbios_config.o (.text.ti_sysbios_runtime_System_doPrint)
                  000073e8    00000284     nvocmp.o (.text.NVOCMP_compactPage)
                  0000766c    00000274     zmac_cb.o (.text.MAC_CbackEvent)
                  000078e0    0000026c     bdb_reporting.o (.text.bdb_RepChangedAttrValue)
                  00007b4c    0000026c     zcl.o (.text.zcl_ProcessMessageMSG)
                  00007db8    0000025c     libZStack_nwk_zed.a : aps_mede.o (.text.APSME_FrameSecRemoveCM)
                  00008014    0000022c                         : nl_mede_cb.o (.text.NLDE_DataIndication)
                  00008240    00000214     zd_object.o (.text.ZDO_ProcessMgmtLqiReq)
                  00008454    00000214     maclib_nosecure_cc26x2_2_4g_tirtos7.a : mac_radio_tx.o (.text.macRadioTxGo)
                  00008668    0000020c     zcl.o (.text.zclProcessInWriteUndividedCmd)
                  00008874    000001f4     nvocmp.o (.text.NVOCMP_addItem)
                  00008a68    000001ec     zd_object.o (.text.ZDO_ProcessMatchDescReq)
                  00008c54    000001e8     rf_multiMode_cc26x2.a : RFCC26X2_multiMode.c.cc26x2.ticlang.o (.text.RF_scheduleCmd)
                  00008e3c    000001e4     bdb_finding_and_binding.o (.text.bdb_checkMatchingEndpoints)
                  00009020    000001e0     epd1in54v2.o (.text.sampleApp_task_1)
                  00009200    000001dc     rf_multiMode_cc26x2.a : RFCC26X2_multiMode.c.cc26x2.ticlang.o (.text.RF_dispatchNextCmd)
                  000093dc    000001dc     maclib_nosecure_cc26x2_2_4g_tirtos7.a : mac.o (.text.macSendReceiveCmdIeee)
                  000095b8    000001d0     libZStack_nwk_zed.a : aps_mede.o (.text.APSDE_DataReq)
                  00009788    000001c8     bdb.o (.text.bdb_StartCommissioning)
                  00009950    000001c4     af.o (.text.AF_DataRequest)
                  00009b14    000001c4     ota_client.o (.text.otaClient_event_loop)
                  00009cd8    000001c0     maclib_nosecure_cc26x2_2_4g_tirtos7.a : mac_radio_tx.o (.text.macRadioCsmaTxCb)
                  00009e98    000001b8     libZStack_nwk_zed.a : aps_mede.o (.text.APSME_FrameSecSetupCM)
                  0000a050    000001b8                         : aps.o (.text.APS_Reflect)
                  0000a208    000001b6     libclang_rt.builtins.a : adddf3.S.obj (.text)
                  0000a3be    00000002     ti_sysbios_config.o (.text.BIOS_nullFunc)
                  0000a3c0    000001b4     bme280i2c.o (.text.bme280_readHumidity)
                  0000a574    000001b0     zd_sec_mgr.o (.text.ZDSecMgrTransportKeyInd)
                  0000a724    000001b0     libZStack_nwk_zed.a : ssp_hash.o (.text.sspMMOHash)
                  0000a8d4    000001ae     drivers_cc26x2.a : SPICC26X2DMA.c.obj (.text.SPICC26X2DMA_hwiFxn)
                  0000aa82    00000002     ti_drivers_config.o (.text.Board_initHook)
                  0000aa84    000001ac     maclib_nosecure_cc26x2_2_4g_tirtos7.a : mac_hl_patch.o (.text.macWrapperDeleteKeyAndAssociatedDevices)
                  0000ac30    000001a4     zmac.o (.text.ZMacEventLoop)
                  0000add4    000001a0     drivers_cc26x2.a : AESECBCC26XX.c.obj (.text.AESECB_addDataInternal)
                  0000af74    000001a0     maclib_nosecure_cc26x2_2_4g_tirtos7.a : mac_tx.o (.text.macTxFrame)
                  0000b114    0000019c     zd_app.o (.text.ZDApp_ProcessNetworkJoin)
                  0000b2b0    00000198     binding_table.o (.text.bindAddEntry)
                  0000b448    00000198     zcl.o (.text.zclProcessInDiscAttrs)
                  0000b5e0    00000194     drivers_cc26x2.a : PowerCC26X2_calibrateRCOSC.c.obj (.text.PowerCC26X2_auxISR)
                  0000b774    00000194     bdb_reporting.o (.text.bdb_RepReport)
                  0000b908    00000190     drivers_cc26x2.a : SPICC26X2DMA.c.obj (.text.SPICC26X2DMA_open)
                  0000ba98    0000018c     bdb_reporting.o (.text.bdb_RepConstructReportingData)
                  0000bc24    00000188     drivers_cc26x2.a : AESCCMCC26XX.c.obj (.text.AESCCM_startOperation)
                  0000bdac    00000188     maclib_nosecure_cc26x2_2_4g_tirtos7.a : mac_hl_patch.o (.text.macRxBeaconCritical)
                  0000bf34    0000017c                                           : mac_hl_patch.o (.text.MAC_McpsDataReq)
                  0000c0b0    0000017c     af.o (.text.afIncomingData)
                  0000c22c    0000017c     zcl.o (.text.zcl_SendCommandEx)
                  0000c3a8    00000178     bdb_reporting.o (.text.bdb_repAttrBuildClusterEndPointArrayBasedOnConfRecordsArray)
                  0000c520    00000178     maclib_nosecure_cc26x2_2_4g_tirtos7.a : mac_rx.o (.text.rxPayloadIsr)
                  0000c698    00000174     crc32.o (.text.CRC32_calc)
                  0000c80c    0000016c     drivers_cc26x2.a : SPICC26X2DMA.c.obj (.text.configNextTransfer)
                  0000c978    0000015c                      : NVSSPI25X.c.obj (.text.NVSSPI25X_write)
                  0000cad4    0000015c     bdb_reporting.o (.text.bdb_ProcessInReadReportCfgCmd)
                  0000cc30    0000015c     libZStack_nwk_zed.a : nwk_util.o (.text.nwk_SetCurrentPollRateType)
                  0000cd8c    00000158     drivers_cc26x2.a : PowerCC26X2.c.obj (.text.Power_sleep)
                  0000cee4    00000158     maclib_nosecure_cc26x2_2_4g_tirtos7.a : mac_tx.o (.text.txCsmaDelay)
                  0000d03c    00000156     zcl.o (.text.zclProcessInWriteCmd)
                  0000d192    00000002     drivers_cc26x2.a : I2C.c.obj (.text.I2C_init)
                  0000d194    00000154     bme280i2c.o (.text.BME280Init)
                  0000d2e8    00000150     zd_sec_mgr.o (.text.APSME_TCLinkKeyLoad)
                  0000d438    00000150     libZStack_nwk_zed.a : nwk_util.o (.text.NLDE_BuildMsg)
                  0000d588    00000150     bme280i2c.o (.text.bme280_readTemperature)
                  0000d6d8    00000150     libZStack_nwk_zed.a : nwk.o (.text.nwk_beacon_notify_ind_processing)
                  0000d828    0000014c     rf_multiMode_cc26x2.a : RFCC26X2_multiMode.c.cc26x2.ticlang.o (.text.RF_radioOpDoneCb)
                  0000d974    00000144     libZStack_nwk_zed.a : aps.o (.text.APS_DataIndReflect)
                  0000dab8    00000144                         : nl_mede.o (.text.NLME_ReJoinReq)
                  0000dbfc    0000013c                         : rtg.o (.text.RTG_AddRtgEntry)
                  0000dd38    00000138     nvocmp.o (.text.NVOCMP_findItem)
                  0000de70    00000138     zd_object.o (.text.ZDO_ProcessBindUnbindReq)
                  0000dfa8    00000138     maclib_nosecure_cc26x2_2_4g_tirtos7.a : mac_hl_patch.o (.text.macWrapperDeleteAllDevices)
                  0000e0e0    00000136     libclang_rt.builtins.a : divdf3.S.obj (.text)
                  0000e216    00000002     libZStack_nwk_zed.a : nl_mede.o (.text.NLME_DeviceJoiningInit)
                  0000e218    00000134     rf_multiMode_cc26x2.a : RFCC26X2_multiMode.c.cc26x2.ticlang.o (.text.RF_ratSetupChannel)
                  0000e34c    00000130     driverlib.lib : aes.o (.text.NOROM_AESWriteToKeyStore)
                  0000e47c    0000012c     drivers_cc26x2.a : I2CCC26XX.c.obj (.text.I2C_open)
                  0000e5a8    0000012c     rf_multiMode_cc26x2.a : RFCC26X2_multiMode.c.cc26x2.ticlang.o (.text.RF_close)
                  0000e6d4    0000012c     libZStack_nwk_zed.a : ssp.o (.text.SSP_NwkSecurityProc)
                  0000e800    0000012c     drivers_cc26x2.a : TRNGCC26XX.c.obj (.text.TRNGCC26XX_hwiFxn)
                  0000e92c    0000012c     maclib_nosecure_cc26x2_2_4g_tirtos7.a : mac_hl_patch.o (.text.macScanNextChan)
                  0000ea58    00000128     libZStack_nwk_zed.a : rtg.o (.text.NLME_RouteDiscoveryRequest)
                  0000eb80    00000128     zd_app.o (.text.ZDOInitDeviceEx)
                  0000eca8    00000128     zcl.o (.text.zcl_SendReadReportCfgRspCmdEx)
                  0000edd0    00000126     drivers_cc26x2.a : I2C.c.obj (.text.I2C_transferTimeout)
                  0000eef6    00000002     rf_multiMode_cc26x2.a : rfc.c.cc26x2.ticlang.o (.text.NOROM_RFCCpePatchReset)
                  0000eef8    00000124                           : RFCC26X2_multiMode.c.cc26x2.ticlang.o (.text.RF_abortCmd)
                  0000f01c    00000124                           : RFCC26X2_multiMode.c.cc26x2.ticlang.o (.text.RF_fsmSetupState)
                  0000f140    00000124     mac_settings.o (.text.rfSetConfigIeee)
                  0000f264    00000120     zd_sec_mgr.o (.text.APSME_TCLinkKeySync)
                  0000f384    00000120     drivers_cc26x2.a : Button.c.obj (.text.Button_clockTimeoutHandler)
                  0000f4a4    00000120     ti_sysbios_config.o (.text.ti_sysbios_family_arm_cc26xx_Timer_construct)
                  0000f5c4    00000120     zcl.o (.text.zclParseInConfigReportCmd)
                  0000f6e4    0000011c     sysbios.a : Hwi_asm_gcc.s.obj (.text.ti_sysbios_family_arm_m3_Hwi_dispatch)
                  0000f800    00000118     libZStack_nwk_zed.a : aps_mede.o (.text.APSDE_FrameAlloc)
                  0000f918    00000118     drivers_cc26x2.a : PowerCC26X2.c.obj (.text.Power_init)
                  0000fa30    00000118     rf_multiMode_cc26x2.a : RFCC26X2_multiMode.c.cc26x2.ticlang.o (.text.RF_decodeOverridePointers)
                  0000fb48    00000114     libZStack_nwk_zed.a : aps_frag.o (.text.APSF_SendFragmented)
                  0000fc5c    00000114     maclib_nosecure_cc26x2_2_4g_tirtos7.a : mac_radio.o (.text.macRadioInitIeee)
                  0000fd70    00000114     zcl.o (.text.zclProcessInReadCmd)
                  0000fe84    00000110     drivers_cc26x2.a : LED.c.obj (.text.LED_open)
                  0000ff94    00000110     zd_sec_mgr.o (.text.ZDSecMgrEntryFree)
                  000100a4    00000110     libZStack_nwk_zed.a : nwk_bufs.o (.text.nwk_MacDataBuffersAdd)
                  000101b4    0000010c                         : nwk_util.o (.text.NLDE_DataReqSend)
                  000102c0    0000010c     drivers_cc26x2.a : NVSSPI25X.c.obj (.text.NVSSPI25X_open)
                  000103cc    0000010c                      : PowerCC26X2_calibrateRCOSC.c.obj (.text.PowerCC26X2_calibrate)
                  000104d8    0000010c     utc_clock.o (.text.UTC_convertUTCTime)
                  000105e4    00000108     drivers_cc26x2.a : NVSCC26XX.c.obj (.text.NVSCC26XX_write)
                  000106ec    00000108     rf_multiMode_cc26x2.a : RFCC26X2_multiMode.c.cc26x2.ticlang.o (.text.RF_fsmPowerUpState)
                  000107f4    00000108     libZStack_nwk_zed.a : nwk.o (.text.nwk_associate_cnf_processing)
                  000108fc    00000104     drivers_cc26x2.a : GPIOCC26X2.c.obj (.text.GPIO_init)
                  00010a00    00000104     libZStack_nwk_zed.a : nl_mede_cb.o (.text.NLDE_DataCnf)
                  00010b04    00000104     zd_app.o (.text.ZDO_beaconNotifyIndCB)
                  00010c08    00000102     drivers_cc26x2.a : SPICC26X2DMA.c.obj (.text.csnCallback)
                  00010d0a    00000002                      : NVSSPI25X.c.obj (.text.NVSSPI25X_deinitSpiCs)
                  00010d0c    00000100     libZStack_nwk_zed.a : aps_mede.o (.text.APSDE_FrameHdrSet)
                  00010e0c    000000fc     rf_multiMode_cc26x2.a : RFCC26X2_multiMode.c.cc26x2.ticlang.o (.text.RF_hwiCpe0Active)
                  00010f08    000000fc     zd_sec_mgr.o (.text.ZDSecMgrEntryInit)
                  00011004    000000fc     maclib_nosecure_cc26x2_2_4g_tirtos7.a : mac.o (.text.macRxCb)
                  00011100    000000fc     libclang_rt.builtins.a : muldf3.S.obj (.text)
                  000111fc    000000f8     drivers_cc26x2.a : ADCCC26XX.c.obj (.text.ADCCC26XX_convertChain)
                  000112f4    000000f8     libZStack_nwk_zed.a : nwk_util.o (.text.NLDE_ParseMsg)
                  000113ec    000000f8     drivers_cc26x2.a : TRNGCC26XX.c.obj (.text.TRNG_getRandom)
                  000114e4    000000f8     zd_profile.o (.text.ZDP_MgmtLqiRsp)
                  000115dc    000000f4     driverlib.lib : sys_ctrl.o (.text.NOROM_SysCtrlStandby)
                  000116d0    000000f4     maclib_nosecure_cc26x2_2_4g_tirtos7.a : mac.o (.text.macSetupRATChanCompare)
                  000117c4    000000f0                                           : mac_hl_patch.o (.text.macBuildDataFrame)
                  000118b4    000000ec     libZStack_nwk_zed.a : addr_mgr.o (.text.AddrMgrEntryUpdate)
                  000119a0    000000ec     zd_sec_mgr.o (.text.ZDSecMgrNwkKeyInit)
                  00011a8c    000000ec     zcl.o (.text.zcl_SendReadRsp)
                  00011b78    000000e8     nwk_globals.o (.text.NIB_init)
                  00011c60    000000e4     drivers_cc26x2.a : ADCCC26XX.c.obj (.text.ADCCC26XX_convert)
                  00011d44    000000e4     libZStack_nwk_zed.a : aps_mede.o (.text.APSME_VerifyKeyReq)
                  00011e28    000000e4     driverlib.lib : setup.o (.text.NOROM_SetupTrimDevice)
                  00011f0c    000000e4     ti_sysbios_config.o (.text.ti_sysbios_knl_Semaphore_pend)
                  00011ff0    000000e4     maclib_nosecure_cc26x2_2_4g_tirtos7.a : mac_tx.o (.text.txComplete)
                  000120d4    000000e2     drivers_cc26x2.a : I2CCC26XX.c.obj (.text.I2CCC26XX_hwiFxn)
                  000121b6    00000002     rf_multiMode_cc26x2.a : RFCC26X2_multiMode.c.cc26x2.ticlang.o (.text.RF_defaultCallback)
                  000121b8    000000e0     libZStack_nwk_zed.a : aps_mede.o (.text.APSME_AddTCLinkKey)
                  00012298    000000e0                         : nwk_util.o (.text.NLME_LeaveCmdProcess)
                  00012378    000000e0                         : nl_mede.o (.text.NLME_NetworkFormationRequest)
                  00012458    000000e0     drivers_cc26x2.a : SPICC26X2DMA.c.obj (.text.SPICC26X2DMA_control)
                  00012538    000000e0     maclib_nosecure_cc26x2_2_4g_tirtos7.a : mac_hl_patch.o (.text.macEdScanISR)
                  00012618    000000de     libZStack_nwk_zed.a : aps_util.o (.text.APSDE_ParseMsg)
                  000126f6    00000002     zd_app.o (.text.ZDO_PollConfirmCB)
                  000126f8    000000dc     drivers_cc26x2.a : Button.c.obj (.text.Button_open)
                  000127d4    000000dc     rf_multiMode_cc26x2.a : RFCC26X2_multiMode.c.cc26x2.ticlang.o (.text.RF_control)
                  000128b0    000000dc     bdb_finding_and_binding.o (.text.bdb_ProcessRespondentList)
                  0001298c    000000dc     drivers_cc26x2.a : NVSSPI25X.c.obj (.text.doErase)
                  00012a68    000000dc     zd_profile.o (.text.zdpProcessAddrReq)
                  00012b44    000000d8     zd_app.o (.text.ZDApp_event_loop)
                  00012c1c    000000d8     ti_sysbios_config.o (.text.ti_sysbios_family_arm_m3_Hwi_excFillContext)
                  00012cf4    000000d8     maclib_nosecure_cc26x2_2_4g_tirtos7.a : mac_tx.o (.text.txCsmaPrep)
                  00012dcc    000000d8     zcl.o (.text.zclSerializeData)
                  00012ea4    000000d6     utc_clock.o (.text.UTC_convertUTCSecs)
                  00012f7a    00000002     zd_object.o (.text.ZDO_ProcessNodeDescRsp)
                  00012f7c    000000d4     zd_object.o (.text.ZDO_StartDevice)
                  00013050    000000d4     ota_client.o (.text.otaClient_Init)
                  00013124    000000d0     zd_profile.o (.text.ZDP_MgmtBindRsp)
                  000131f4    000000d0     bdb.o (.text.bdb_filterNwkDisc)
                  000132c4    000000d0     drivers_cc26x2.a : PowerCC26X2.c.obj (.text.configureXOSCHF)
                  00013394    000000d0     maclib_nosecure_cc26x2_2_4g_tirtos7.a : mac_hl_patch.o (.text.macApiStartReq)
                  00013464    000000d0                                           : mac_hl_patch.o (.text.macBuildHeaderIes)
                  00013534    000000d0                                           : mac_symbol_timer.o (.text.macSymbolTimerUpdateWakeup)
                  00013604    000000d0     libZStack_nwk_zed.a : nwk_util.o (.text.nwkNeighborFindRandom)
                  000136d4    000000cc                         : aps_mede_cb.o (.text.APSME_ConfirmKeyInd)
                  000137a0    000000cc     zd_profile.o (.text.ZDP_SimpleDescMsg)
                  0001386c    000000cc     ti_sysbios_config.o (.text.ti_sysbios_knl_Clock_workFuncDynamic)
                  00013938    000000ca     rf_multiMode_cc26x2.a : RFCC26X2_multiMode.c.cc26x2.ticlang.o (.text.RF_updatePaConfiguration)
                  00013a02    00000002     zd_object.o (.text.ZDO_ProcessSimpleDescRsp)
                  00013a04    000000c8     osal_port_timers.o (.text.createTimerEntry)
                  00013acc    000000c8     maclib_nosecure_cc26x2_2_4g_tirtos7.a : mac_hl_patch.o (.text.macAutoPendMaintainSrcMatchTable)
                  00013b94    000000c8                                           : mac_hl_patch.o (.text.macMgmtReset)
                  00013c5c    000000c8     libZStack_nwk_zed.a : nwk.o (.text.nwk_data_cnf_processing)
                  00013d24    000000c4                         : nl_mede.o (.text.NLME_JoinRequest)
                  00013de8    000000c4                         : nwk_util.o (.text.NLME_RestoreFromNV)
                  00013eac    000000c4     driverlib.lib : setup.o (.text.TrimAfterColdResetWakeupFromShutDown)
                  00013f70    000000c4     libZStack_nwk_zed.a : ssp.o (.text.ccmStar)
                  00014034    000000c4     maclib_nosecure_cc26x2_2_4g_tirtos7.a : mac_duty_cycle.o (.text.macDutyCycleNotify)
                  000140f8    000000c4                                           : mac_timer.o (.text.macSymbolTimerTriggerCallback)
                  000141bc    000000c4     main.o (.text.main)
                  00014280    000000c4     zcl.o (.text.zclProcessInDiscCmd)
                  00014344    000000c2     libZStack_nwk_zed.a : ssp.o (.text.SSP_Process)
                  00014406    000000c0     zcl_general.o (.text.zclGeneral_SendSceneViewRsp)
                  000144c6    000000be     zcl.o (.text.zcl_SendReportCmdEx)
                  00014584    000000bc     rf_multiMode_cc26x2.a : RFCC26X2_multiMode.c.cc26x2.ticlang.o (.text.RF_swiHw)
                  00014640    000000bc     libZStack_nwk_zed.a : rtg.o (.text.RTG_AddSrcRtgEntry_Guaranteed)
                  000146fc    000000bc     bdb_reporting.o (.text.bdb_RepAddAttrCfgRecordDefaultToList)
                  000147b8    000000bc     bdb.o (.text.bdb_rejoinNwk)
                  00014874    000000bc     maclib_nosecure_cc26x2_2_4g_tirtos7.a : mac_duty_cycle.o (.text.macDutyCycleInit)
                  00014930    000000bc     zstacktask.o (.text.sendNodeDescRspInd)
                  000149ec    000000b8     bdb_reporting.o (.text.bdb_RepProcessEvent)
                  00014aa4    000000b8     maclib_nosecure_cc26x2_2_4g_tirtos7.a : mac_hl_patch.o (.text.macDataTxComplete)
                  00014b5c    000000b8                                           : mac_tx.o (.text.macTxChannelBusyCallback)
                  00014c14    000000b8     libZStack_nwk_zed.a : nwk_util.o (.text.nwk_SetConfigPollRate)
                  00014ccc    000000b8     ti_sysbios_config.o (.text.ti_sysbios_knl_Task_Instance_finalize)
                  00014d84    000000b4     maclib_nosecure_cc26x2_2_4g_tirtos7.a : mac_hl_patch.o (.text.MAC_MlmeScanReq)
                  00014e38    000000b4     libZStack_nwk_zed.a : nwk_util.o (.text.NLME_ProcessEndDevTimeoutRsp)
                  00014eec    000000b4     driverlib.lib : osc.o (.text.NOROM_OSCHF_AttemptToSwitchToXosc)
                  00014fa0    000000b4     ti_sysbios_config.o (.text.PowerCC26XX_standbyPolicy)
                  00015054    000000b4     drivers_cc26x2.a : PowerCC26X2.c.obj (.text.Power_releaseDependency)
                  00015108    000000b4     zd_app.o (.text.ZDApp_RestoreNwkSecMaterial)
                  000151bc    000000b4     maclib_nosecure_cc26x2_2_4g_tirtos7.a : mac_hl_patch.o (.text.macAutoPendAddSrcMatchTableEntry)
                  00015270    000000b4                                           : mac_hl_patch.o (.text.macBeaconCheckTxTime)
                  00015324    000000b4     ti_sysbios_config.o (.text.ti_sysbios_knl_Task_setPri)
                  000153d8    000000b2     zcl.o (.text.zclParseInReadRspCmd)
                  0001548a    00000002     zdiags.o (.text.ZDiagsUpdateStats)
                  0001548c    000000b0     libZStack_nwk_zed.a : aps_mede_cb.o (.text.APSDE_DataIndication)
                  0001553c    000000b0     zd_sec_mgr.o (.text.APSME_TCLinkKeyInit)
                  000155ec    000000b0     drivers_cc26x2.a : PowerCC26X2.c.obj (.text.Power_setDependency)
                  0001569c    000000b0     libZStack_nwk_zed.a : nwk_util.o (.text.RTG_UpdateNeighborEntry)
                  0001574c    000000b0     zd_profile.o (.text.ZDP_EndDeviceBindReq)
                  000157fc    000000b0     zd_profile.o (.text.ZDP_MatchDescReq)
                  000158ac    000000b0     maclib_nosecure_cc26x2_2_4g_tirtos7.a : mac_hl_patch.o (.text.macApiBeaconStartReq)
                  0001595c    000000b0     libclang_rt.builtins.a : udivmoddi4.S.obj (.text)
                  00015a0c    000000ae     zcl_port.o (.text.zcl_AF_DataRequest)
                  00015aba    00000002     libclang_rt.builtins.a : aeabi_div0.c.obj (.text.__aeabi_ldiv0)
                  00015abc    000000ac     libZStack_nwk_zed.a : aps.o (.text.APS_GetBind)
                  00015b68    000000ac     rf_multiMode_cc26x2.a : RFCC26X2_multiMode.c.cc26x2.ticlang.o (.text.RF_pendCmd)
                  00015c14    000000ac     bdb_reporting.o (.text.bdb_repAttrCfgRecordsArrayAdd)
                  00015cc0    000000ac     bh1750.o (.text.bh1750_Read)
                  00015d6c    000000ac     maclib_nosecure_cc26x2_2_4g_tirtos7.a : mac.o (.text.macGetRFCmdDuration)
                  00015e18    000000ac                                           : mac_symbol_timer.o (.text.macSymbolTimerInit)
                  00015ec4    000000a8     epdpaint.o (.text.PaintDrawPixel)
                  00015f6c    000000a8     zd_object.o (.text.ZDO_ProcessMgmtBindReq)
                  00016014    000000a4     osal_port.o (.text.OsalPort_heapMalloc)
                  000160b8    000000a4     rf_multiMode_cc26x2.a : RFCC26X2_multiMode.c.cc26x2.ticlang.o (.text.RF_initRadioSetup)
                  0001615c    000000a4     zd_app.o (.text.ZDApp_ProcessOSALMsg)
                  00016200    000000a4     maclib_nosecure_cc26x2_2_4g_tirtos7.a : mac_hl_patch.o (.text.macTrackTimeoutCallback)
                  000162a4    000000a4                                           : mac_radio.o (.text.scheduleNopWakeupCmd)
                  00016348    000000a4     ti_sysbios_config.o (.text.ti_sysbios_knl_Task_Instance_init)
                  000163ec    000000a0     drivers_cc26x2.a : I2CCC26XX.c.obj (.text.I2CCC26XX_swiFxn)
                  0001648c    000000a0     nvocmp.o (.text.NVOCMP_readContItemApi)
                  0001652c    000000a0     rf_multiMode_cc26x2.a : RFCC26X2_multiMode.c.cc26x2.ticlang.o (.text.RF_calculateDispatchTime)
                  000165cc    000000a0                           : RFCC26X2_multiMode.c.cc26x2.ticlang.o (.text.RF_requestAccess)
                  0001666c    000000a0     libZStack_nwk_zed.a : ssp.o (.text.SSP_SwitchNwkKey)
                  0001670c    000000a0     zd_sec_mgr.o (.text.ZDSecMgrDeviceRemove)
                  000167ac    000000a0     zmac.o (.text.ZMacAssociateReq)
                  0001684c    0000009e     zstackapi.o (.text.Zstackapi_freeIndMsg)
                  000168ea    0000009e     drivers_cc26x2.a : SPICC26X2DMA.c.obj (.text.finishTransfer)
                  00016988    0000009c     bdb_reporting.o (.text.bdb_RepFindAttrEntry)
                  00016a24    0000009a     libZStack_nwk_zed.a : aps.o (.text.APS_DataConfirmReflect)
                  00016abe    0000009a     zcl.o (.text.zclParseInReportCmd)
                  00016b58    0000009a     zcl.o (.text.zclParseInWriteCmd)
                  00016bf2    00000002     libc.a : _lock.c.obj (.text._nop)
                  00016bf4    00000098     libZStack_nwk_zed.a : aps_frag.o (.text.APSF_ProcessAck)
                  00016c8c    00000098                         : aps_mede.o (.text.APSME_RemoveDeviceReq)
                  00016d24    00000098     nvocmp.o (.text.NVOCMP_erase)
                  00016dbc    00000098     rf_multiMode_cc26x2.a : RFCC26X2_multiMode.c.cc26x2.ticlang.o (.text.RF_defaultSubmitPolicy)
                  00016e54    00000098     libZStack_nwk_zed.a : rtg.o (.text.RTG_UpdateRtDiscEntry)
                  00016eec    00000096     rf_multiMode_cc26x2.a : RFCC26X2_multiMode.c.cc26x2.ticlang.o (.text.RF_verifyGap)
                  00016f82    00000096     zcl.o (.text.zclFindNextCmdRec)
                  00017018    00000094     maclib_nosecure_cc26x2_2_4g_tirtos7.a : mac_autopend.o (.text.MAC_SrcMatchAddEntry)
                  000170ac    00000094     rf_multiMode_cc26x2.a : RFCC26X2_multiMode.c.cc26x2.ticlang.o (.text.RF_ratRestartChannels)
                  00017140    00000094     zd_app.o (.text.ZDO_JoinConfirmCB)
                  000171d4    00000094     zd_object.o (.text.ZDO_ProcessMgmtLeaveReq)
                  00017268    00000094     bdb_finding_and_binding.o (.text.bdb_ProcessIEEEAddrRsp)
                  000172fc    00000094     maclib_nosecure_cc26x2_2_4g_tirtos7.a : mac_hl_patch.o (.text.macCcmDecrypt)
                  00017390    00000094                                           : mac_radio.o (.text.macRadioUpdateChannel)
                  00017424    00000094                                           : mac_rx.o (.text.macRxInit)
                  000174b8    00000094                                           : mac_timer.o (.text.macTimerUpdateSymbolTimer)
                  0001754c    00000094     zstacktask.o (.text.sendSimpleDescRspInd)
                  000175e0    00000094     ti_sysbios_config.o (.text.ti_sysbios_knl_Clock_startI)
                  00017674    00000094     ti_sysbios_config.o (.text.ti_sysbios_knl_Task_sleep)
                  00017708    00000092     drivers_cc26x2.a : SPICC26X2DMA.c.obj (.text.SPICC26X2DMA_transferCancel)
                  0001779a    00000002                      : PowerCC26X2.c.obj (.text.emptyClockFunc)
                  0001779c    00000090     libZStack_nwk_zed.a : aps.o (.text.APS_EndDeviceBroadcastCheck)
                  0001782c    00000090     epd1in54v2.o (.text.EpdSetFrameMemoryXY)
                  000178bc    00000090     drivers_cc26x2.a : GPIOCC26XX.c.obj (.text.GPIO_setConfigAndMux)
                  0001794c    00000090     maclib_nosecure_cc26x2_2_4g_tirtos7.a : mac_hl_patch.o (.text.macCcmEncrypt)
                  000179dc    00000090                                           : mac_radio.o (.text.macRadioUpdateChannelRx)
                  00017a6c    00000090                                           : mac_hl_patch.o (.text.macScanRxCoordRealign)
                  00017afc    00000090                                           : mac_sleep.o (.text.macSleep)
                  00017b8c    00000090                                           : mac_autopend.o (.text.macSrcMatchCheckSrcAddr)
                  00017c1c    00000090     zcl_port.o (.text.zclGeneral_AddScene)
                  00017cac    00000090     zcl_port.o (.text.zcl_HandleExternal)
                  00017d3c    0000008c     libZStack_nwk_zed.a : nwk_util.o (.text.NLDE_ParseMsg2)
                  00017dc8    0000008c                         : nwk_util.o (.text.NLME_LeaveCmdSend)
                  00017e54    0000008c                         : nwk_util.o (.text.NLME_SendNetworkReport)
                  00017ee0    0000008c     nvocmp.o (.text.NVOCMP_updateItemApi)
                  00017f6c    0000008c     drivers_cc26x2.a : TRNGCC26XX.c.obj (.text.TRNG_construct)
                  00017ff8    0000008c     zstacktask.o (.text.ZStackTaskInit)
                  00018084    0000008c     maclib_nosecure_cc26x2_2_4g_tirtos7.a : mac_tx.o (.text.macTxStartQueuedFrame)
                  00018110    0000008c     ti_sysbios_config.o (.text.ti_sysbios_knl_Clock_init)
                  0001819c    0000008c     zcl_general.o (.text.zclGeneral_SendGroupGetMembershipRequest)
                  00018228    0000008a     zcl.o (.text.zcl_SendConfigReportRspCmdEx)
                  000182b2    00000002     drivers_cc26x2.a : CryptoResourceCC26XX.c.obj (.text.errorSpin)
                  000182b4    00000088     libZStack_nwk_zed.a : addr_mgr.o (.text.AddrMgrEntryLookupNwk)
                  0001833c    00000088                         : nwk_util.o (.text.NLME_CheckNewAddrSet)
                  000183c4    00000088     nvocmp.o (.text.NVOCMP_deleteItemApi)
                  0001844c    00000088     rf_multiMode_cc26x2.a : RFCC26X2_multiMode.c.cc26x2.ticlang.o (.text.RF_cmdDispatchTime)
                  000184d4    00000088                           : RFCC26X2_multiMode.c.cc26x2.ticlang.o (.text.RF_discardPendCmd)
                  0001855c    00000088     zd_app.o (.text.ZDApp_SaveNwkKey)
                  000185e4    00000088     zmac.o (.text.ZMacDataReqSec)
                  0001866c    00000088     bdb_reporting.o (.text.bdb_RepUpdateMarkBindings)
                  000186f4    00000088     maclib_nosecure_cc26x2_2_4g_tirtos7.a : mac_pwr.o (.text.macPwrVote)
                  0001877c    00000088     zcl_port.o (.text.zclport_registerEndpoint)
                  00018804    00000084     libZStack_nwk_zed.a : aps_mede.o (.text.APSME_SearchTCLinkKeyEntry)
                  00018888    00000084     nvocmp.o (.text.NVOCMP_createItemApi)
                  0001890c    00000084     nvocmp.o (.text.NVOCMP_readHeader)
                  00018990    00000084     rf_multiMode_cc26x2.a : RFCC26X2_multiMode.c.cc26x2.ticlang.o (.text.RF_getInfo)
                  00018a14    00000084                           : RFCC26X2_multiMode.c.cc26x2.ticlang.o (.text.RF_yield)
                  00018a98    00000084     zd_sec_mgr.o (.text.ZDSecMgrReadKeyFromNv)
                  00018b1c    00000084     maclib_nosecure_cc26x2_2_4g_tirtos7.a : mac_mcu.o (.text.macMcuOverflowSetPeriod)
                  00018ba0    00000084     libZStack_nwk_zed.a : nwk_util.o (.text.nwkChangePanID)
                  00018c24    00000084                         : nwk.o (.text.nwk_data_req_send)
                  00018ca8    00000084     zcl.o (.text.zcl_SendWriteRsp)
                  00018d2c    00000082     zcl_general.o (.text.zclGeneral_SendSceneGetMembershipResponse)
                  00018dae    00000082     zcl.o (.text.zcl_SendDiscoverAttrsRspCmd)
                  00018e30    00000080     zd_sec_mgr.o (.text.APSME_LinkKeySet)
                  00018eb0    00000080     libZStack_nwk_zed.a : nwk_util.o (.text.NLDE_SendMsg)
                  00018f30    00000080                         : nl_mede.o (.text.NLME_GetRequest)
                  00018fb0    00000080     driverlib.lib : sys_ctrl.o (.text.NOROM_SysCtrlSetRechargeBeforePowerDown)
                  00019030    00000080     drivers_cc26x2.a : NVSSPI25X.c.obj (.text.NVSSPI25X_close)
                  000190b0    00000080     osal_port.o (.text.OsalPort_setTimer)
                  00019130    00000080     libZStack_nwk_zed.a : rtg.o (.text.RTG_GetRtgEntry)
                  000191b0    00000080     zd_app.o (.text.ZDO_LeaveInd)
                  00019230    00000080     zd_profile.o (.text.ZDP_IncomingData)
                  000192b0    00000080     zd_sec_mgr.o (.text.ZDSecMgrSetDefaultNV)
                  00019330    00000080     drivers_cc26x2.a : NVSCC26XX.c.obj (.text.doErase)
                  000193b0    00000080     maclib_nosecure_cc26x2_2_4g_tirtos7.a : mac_tx.o (.text.macTxDoneCallback)
                  00019430    00000080     libZStack_nwk_zed.a : nwk_bufs.o (.text.nwk_MacDataBuffersDealloc)
                  000194b0    00000080     ti_sysbios_config.o (.text.ti_sysbios_family_arm_m3_Hwi_initNVIC)
                  00019530    00000080     ti_sysbios_config.o (.text.ti_sysbios_gates_GateMutexPri_enter)
                  000195b0    00000080     zcl_ota.o (.text.zclOTA_SendImageBlockReq)
                  00019630    00000080     zcl.o (.text.zcl_SendDiscoverAttrsExtRsp)
                  000196b0    00000080     zcl.o (.text.zcl_SendDiscoverCmdsRspCmd)
                  00019730    0000007e     libZStack_nwk_zed.a : nwk_util.o (.text.NLME_CmdCnf)
                  000197ae    0000007e     driverlib.lib : chipinfo.o (.text.NOROM_ChipInfo_GetChipType)
                  0001982c    0000007c     maclib_nosecure_cc26x2_2_4g_tirtos7.a : mac_hl_patch.o (.text.MAC_ResumeReq)
                  000198a8    0000007c     libZStack_nwk_zed.a : nwk_util.o (.text.NLME_RejoinRspCmdProcess)
                  00019924    0000007c     rf_multiMode_cc26x2.a : RFCC26X2_multiMode.c.cc26x2.ticlang.o (.text.RF_ratDisableChannel)
                  000199a0    0000007c     utc_clock.o (.text.UTC_timeUpdateHandler)
                  00019a1c    0000007c     binding_table.o (.text.bindFindExisting)
                  00019a98    0000007c     drivers_cc26x2.a : NVSSPI25X.c.obj (.text.doRead)
                  00019b14    0000007c     maclib_nosecure_cc26x2_2_4g_tirtos7.a : mac_mcu.o (.text.macMcuOverflowSetCompare)
                  00019b90    0000007c                                           : mac_radio.o (.text.macRadioStartScan)
                  00019c0c    0000007c     ti_sysbios_config.o (.text.ti_sysbios_family_arm_m3_Hwi_postInit)
                  00019c88    0000007c     zcl_port.o (.text.zclGeneral_FindScene)
                  00019d04    0000007c     zcl_port.o (.text.zclGeneral_RemoveScene)
                  00019d80    0000007c     zcl_general.o (.text.zclGeneral_SendGroupViewResponse)
                  00019dfc    0000007a     epdpaint.o (.text.PaintDrawCharAt)
                  00019e76    0000007a     zd_object.o (.text.ZDO_ParseNodeDescRsp)
                  00019ef0    00000078     libZStack_nwk_zed.a : aps_mede.o (.text.APSME_CmdPkt)
                  00019f68    00000078                         : aps_mede.o (.text.APSME_LookupExtAddr)
                  00019fe0    00000078                         : addr_mgr.o (.text.AddrMgrEntryAdd)
                  0001a058    00000078                         : assoc_list.o (.text.AssocGetWithAddress)
                  0001a0d0    00000078     driverlib.lib : osc.o (.text.NOROM_OSCHF_SwitchToRcOscTurnOffXosc)
                  0001a148    00000078                   : osc.o (.text.NOROM_OSC_CapArrayAdjustWorkaround_Boot)
                  0001a1c0    00000078     nvocmp.o (.text.NVOCMP_loadApiPtrs)
                  0001a238    00000078     drivers_cc26x2.a : NVSCC26XX.c.obj (.text.NVSCC26XX_open)
                  0001a2b0    00000078     osal_port.o (.text.OsalPort_heapInit)
                  0001a328    00000078     rf_multiMode_cc26x2.a : RFCC26X2_multiMode.c.cc26x2.ticlang.o (.text.RF_ratFreeChannel)
                  0001a3a0    00000078     drivers_cc26x2.a : SPICC26X2DMA.c.obj (.text.SPICC26X2DMA_close)
                  0001a418    00000078     zd_app.o (.text.ZDApp_StoreNwkSecMaterial)
                  0001a490    00000078     maclib_nosecure_cc26x2_2_4g_tirtos7.a : mac.o (.text.macRequestBackoff)
                  0001a508    00000078                                           : mac_timer.o (.text.macTimerRealign)
                  0001a580    00000078                                           : mac_hl_patch.o (.text.macTrackStartCallback)
                  0001a5f8    00000078     ti_sysbios_config.o (.text.ti_sysbios_knl_Task_postInit)
                  0001a670    00000076     libZStack_nwk_zed.a : aps_util.o (.text.apsGenerateAck)
                  0001a6e6    00000076     zcl_general.o (.text.zclGeneral_SendAddGroupRequestEx)
                  0001a75c    00000076     zcl.o (.text.zcl_SendRead)
                  0001a7d2    00000074     libZStack_nwk_zed.a : aps_mede.o (.text.APSME_RequestKeyReq)
                  0001a846    00000002     maclib_nosecure_cc26x2_2_4g_tirtos7.a : mac_pwr.o (.text.macApiPwrOnReq)
                  0001a848    00000074     libZStack_nwk_zed.a : addr_mgr.o (.text.AddrMgrEntryLookupExt)
                  0001a8bc    00000074     epd1in54v2.o (.text.EpdSetFrameMemoryImageXY)
                  0001a930    00000074     drivers_cc26x2.a : I2CCC26XX.c.obj (.text.I2C_close)
                  0001a9a4    00000074     nvocmp.o (.text.NVOCMP_readItemApi)
                  0001aa18    00000074     epdpaint.o (.text.PaintDrawAbsolutePixel)
                  0001aa8c    00000074     drivers_cc26x2.a : PowerCC26X2_calibrateRCOSC_helpers.c.obj (.text.PowerCC26X2_updateSubSecInc)
                  0001ab00    00000074     rf_multiMode_cc26x2.a : RFCC26X2_multiMode.c.cc26x2.ticlang.o (.text.RF_hwiHw)
                  0001ab74    00000074     libZStack_nwk_zed.a : rtg.o (.text.RTG_CheckRtStatus)
                  0001abe8    00000074     zd_sec_mgr.o (.text.ZDSecMgrClearNVKeyValues)
                  0001ac5c    00000074     bdb.o (.text.bdb_parentLost)
                  0001acd0    00000074     bdb_finding_and_binding.o (.text.bdb_zclFindingBindingEpType)
                  0001ad44    00000074     maclib_nosecure_cc26x2_2_4g_tirtos7.a : mac_timer.o (.text.macTimerSetRollover)
                  0001adb8    00000074     libZStack_nwk_zed.a : nwk.o (.text.nwkPollConfirmProcessing)
                  0001ae2c    00000074                         : nwk_util.o (.text.nwkProcessPanIdScan)
                  0001aea0    00000074     ti_sysbios_config.o (.text.ti_sysbios_knl_Swi_restoreHwi)
                  0001af14    00000074     zglobals.o (.text.zgInit)
                  0001af88    00000072     libZStack_nwk_zed.a : nwk_util.o (.text.NLME_SendNetworkStatus)
                  0001affa    00000002     maclib_nosecure_cc26x2_2_4g_tirtos7.a : mac_radio.o (.text.macRadioSetRE)
                  0001affc    00000070     drivers_cc26x2.a : AESCCMCC26XX.c.obj (.text.AESCCM_cleanup)
                  0001b06c    00000070                      : AESECBCC26XX.c.obj (.text.AESECB_construct)
                  0001b0dc    00000070     libZStack_nwk_zed.a : aps_mede.o (.text.APSME_CmdTransportKey)
                  0001b14c    00000070     osal_port.o (.text.OsalPort_pwrmgrTaskState)
                  0001b1bc    00000070     zd_profile.o (.text.ZDO_SendMsgCBs)
                  0001b22c    00000070     zd_profile.o (.text.ZDP_BindUnbindReq)
                  0001b29c    00000070     zd_sec_mgr.o (.text.ZDSecMgrSaveApsLinkKey)
                  0001b30c    00000070     bdb_finding_and_binding.o (.text.bdb_ProcessSimpleDesc)
                  0001b37c    00000070     maclib_nosecure_cc26x2_2_4g_tirtos7.a : mac_hl_patch.o (.text.macAutoPoll)
                  0001b3ec    00000070                                           : mac_duty_cycle.o (.text.macDutyCycleTimerCB)
                  0001b45c    00000070                                           : mac_rx.o (.text.macRxHaltCleanup)
                  0001b4cc    00000070                                           : mac_symbol_timer.o (.text.macSymbolTimerPeriodIsr)
                  0001b53c    00000070     libZStack_nwk_zed.a : nwk_bufs.o (.text.nwkDB_Add)
                  0001b5ac    00000070     ota_client.o (.text.otaClient_sendImageBlockReq)
                  0001b61c    00000070     zstackstartup.o (.text.stackTask_init)
                  0001b68c    00000070     ti_sysbios_config.o (.text.ti_sysbios_family_arm_m3_Hwi_Instance_init)
                  0001b6fc    00000070     ti_sysbios_config.o (.text.ti_sysbios_knl_Task_startup)
                  0001b76c    00000070     ti_sysbios_config.o (.text.ti_sysbios_runtime_System_formatNum)
                  0001b7dc    0000006e     drivers_cc26x2.a : LED.c.obj (.text.LED_startBlinking)
                  0001b84a    0000006e     zd_object.o (.text.ZDO_ParseSimpleDescBuf)
                  0001b8b8    0000006e     libclang_rt.builtins.a : comparedf2.c.obj (.text.__gedf2)
                  0001b926    00000002     maclib_nosecure_cc26x2_2_4g_tirtos7.a : mac_radio_tx.o (.text.macRadioTxCancelTxAck)
                  0001b928    0000006e     libclang_rt.builtins.a : comparedf2.c.obj (.text.__ledf2)
                  0001b996    0000006e     zstacktask.o (.text.sendBeaconNotifyInd)
                  0001ba04    0000006e     libclang_rt.builtins.a : truncdfsf2.S.obj (.text)
                  0001ba72    00000002     maclib_nosecure_cc26x2_2_4g_tirtos7.a : mac_rx.o (.text.macRxRadioPowerUpInit)
                  0001ba74    0000006c     drivers_cc26x2.a : AESECBCC26XX.c.obj (.text.AESECB_hwiFxn)
                  0001bae0    0000006c     nvocmp.o (.text.NVOCMP_eraseNvApi)
                  0001bb4c    0000006c     nvocmp.o (.text.NVOCMP_writeItemApi)
                  0001bbb8    0000006c     osal_port.o (.text.OsalPort_msgFindDequeue)
                  0001bc24    0000006c     rf_multiMode_cc26x2.a : RFCC26X2_multiMode.c.cc26x2.ticlang.o (.text.RF_getTxPower)
                  0001bc90    0000006c                           : RFCC26X2_multiMode.c.cc26x2.ticlang.o (.text.RF_issueRadioFreeCb)
                  0001bcfc    0000006c     drivers_cc26x2.a : Random.c.obj (.text.Random_seedAutomatic)
                  0001bd68    0000006c     zd_sec_mgr.o (.text.ZDSecMgrWriteNV)
                  0001bdd4    0000006c     maclib_nosecure_cc26x2_2_4g_tirtos7.a : mac_low_level.o (.text.macLowLevelInit)
                  0001be40    0000006c     drivers_cc26x2.a : PowerCC26X2.c.obj (.text.oscillatorISR)
                  0001beac    0000006c     zstackapi.o (.text.sendReqRsp)
                  0001bf18    0000006c     ti_sysbios_config.o (.text.ti_sysbios_family_arm_m3_Hwi_dispatchC)
                  0001bf84    0000006a     drivers_cc26x2.a : I2CCC26XX.c.obj (.text.I2CSupport_primeTransfer)
                  0001bfee    0000006a     nvocmp.o (.text.NVOCMP_verifyCRC)
                  0001c058    0000006a     libc.a : copy_decompress_lzss.c.obj (.text:decompress:lzss)
                  0001c0c2    00000068     rf_multiMode_cc26x2.a : RFCC26X2_multiMode.c.cc26x2.ticlang.o (.text.RF_detachOverrides)
                  0001c12a    00000002     maclib_nosecure_cc26x2_2_4g_tirtos7.a : mac_hl_patch.o (.text.macSetDefaultsByPatch)
                  0001c12c    00000068     libZStack_nwk_zed.a : rtg.o (.text.RTG_GetRtgSrcIndex)
                  0001c194    00000068     zd_app.o (.text.ZDApp_LeaveReset)
                  0001c1fc    00000068     zd_app.o (.text.ZDApp_RestoreNetworkState)
                  0001c264    00000068     zd_sec_mgr.o (.text.ZDSecMgrSaveTCLinkKey)
                  0001c2cc    00000068     maclib_nosecure_cc26x2_2_4g_tirtos7.a : mac_rx_onoff.o (.text.macRxOn)
                  0001c334    00000068                                           : mac.o (.text.macSetTxPowerVal)
                  0001c39c    00000068                                           : mac_timer.o (.text.macTimerGetNextTimer)
                  0001c404    00000068     zstackapi.o (.text.sendReqDefaultRsp)
                  0001c46c    00000068     ti_sysbios_config.o (.text.ti_sysbios_knl_Swi_run)
                  0001c4d4    00000068     zcl_port.o (.text.zclGeneral_RemoveAllScenes)
                  0001c53c    00000066     libZStack_nwk_zed.a : nwk_util.o (.text.NLDE_DataIndSend)
                  0001c5a2    00000002     nwk_globals.o (.text.nwk_Status)
                  0001c5a4    00000064     drivers_cc26x2.a : AESCCMCC26XX.c.obj (.text.AESCCM_hwiFxn)
                  0001c608    00000064     libZStack_nwk_zed.a : aps_mede.o (.text.APSME_LinkKeySync)
                  0001c66c    00000064     binding_table.o (.text.InitBindingTable)
                  0001c6d0    00000064     osal_port.o (.text.OsalPort_clearEvent)
                  0001c734    00000064     drivers_cc26x2.a : PowerCC26X2_calibrateRCOSC.c.obj (.text.PowerCC26X2_initiateCalibration)
                  0001c798    00000064     rf_multiMode_cc26x2.a : RFCC26X2_multiMode.c.cc26x2.ticlang.o (.text.RF_attachOverrides)
                  0001c7fc    00000064                           : RFCC26X2_multiMode.c.cc26x2.ticlang.o (.text.RF_dispatchNextEvent)
                  0001c860    00000064                           : RFCC26X2_multiMode.c.cc26x2.ticlang.o (.text.RF_hwiCpe0PowerFsm)
                  0001c8c4    00000064     drivers_cc26x2.a : UDMACC26XX.c.obj (.text.UDMACC26XX_open)
                  0001c928    00000064     zd_profile.o (.text.ZDP_NodeDescMsg)
                  0001c98c    00000064     zd_sec_mgr.o (.text.ZDSecMgrGenerateKeyFromSeed)
                  0001c9f0    00000064     libZStack_nwk_zed.a : aps_groups.o (.text.aps_AddGroup)
                  0001ca54    00000064     maclib_nosecure_cc26x2_2_4g_tirtos7.a : mac_timer.o (.text.macTimerAddTimer)
                  0001cab8    00000064                                           : mac_hl_patch.o (.text.macTrackPeriodCallback)
                  0001cb1c    00000064     libZStack_nwk_zed.a : nwk_util.o (.text.nwk_GetConfigPollRate)
                  0001cb80    00000064     ti_sysbios_config.o (.text.ti_sysbios_gates_GateMutexPri_leave)
                  0001cbe4    00000064     ti_sysbios_config.o (.text.ti_sysbios_knl_Idle_init)
                  0001cc48    00000064     ti_sysbios_config.o (.text.ti_sysbios_knl_TaskSupport_buildTaskStack)
                  0001ccac    00000064     zcl.o (.text.zclParseHdr)
                  0001cd10    00000062     rf_multiMode_cc26x2.a : RFCC26X2_multiMode.c.cc26x2.ticlang.o (.text.RF_syncCb)
                  0001cd72    00000002     ti_sysbios_config.o (.text.ti_sysbios_runtime_System_exitSpin)
                  0001cd74    00000062     libclang_rt.builtins.a : aeabi_dcmp.S.obj (.text)
                  0001cdd6    00000002     --HOLE-- [fill = 0]
                  0001cdd8    00000060     drivers_cc26x2.a : CryptoResourceCC26XX.c.obj (.text.CryptoResourceCC26XX_constructRTOSObjects)
                  0001ce38    00000060     epd1in54v2.o (.text.EpdClearFrameMemory)
                  0001ce98    00000060     libZStack_nwk_zed.a : nwk_util.o (.text.NLME_NetworkReportCB)
                  0001cef8    00000060     nvocmp.o (.text.NVOCMP_checkItem)
                  0001cf58    00000060     osal_port.o (.text.OsalPort_setEvent)
                  0001cfb8    00000060     zd_app.o (.text.ZDAppDetermineDeviceType)
                  0001d018    00000060     zd_object.o (.text.ZDO_ParseAddrRsp)
                  0001d078    00000060     zd_object.o (.text.ZDO_ProcessSimpleDescReq)
                  0001d0d8    00000060     zd_profile.o (.text.ZDP_NwkAddrReq)
                  0001d138    00000060     binding_table.o (.text.bindAddrMgrLocalLoad)
                  0001d198    00000060     maclib_nosecure_cc26x2_2_4g_tirtos7.a : mac_radio.o (.text.macRadioWakeupCb)
                  0001d1f8    00000060                                           : mac_timer.o (.text.macSymbolTimerRolloverCallback)
                  0001d258    00000060                                           : mac_timer.o (.text.macTimerCancel)
                  0001d2b8    00000060     libZStack_nwk_zed.a : nwk.o (.text.nwk_scan_cnf_processing)
                  0001d318    00000060     ota_client.o (.text.otaClient_loadExtImage)
                  0001d378    00000060     ota_client.o (.text.otaClient_setAttributes)
                  0001d3d8    00000060     zstacktask.o (.text.sendIeeeAddrRspInd)
                  0001d438    00000060     zstacktask.o (.text.sendNwkAddrRspInd)
                  0001d498    00000060     ti_sysbios_config.o (.text.ti_sysbios_knl_Clock_walkQueueDynamic)
                  0001d4f8    00000060     ti_sysbios_config.o (.text.ti_sysbios_knl_Semaphore_post)
                  0001d558    00000060     ti_sysbios_config.o (.text.ti_sysbios_knl_Swi_schedule)
                  0001d5b8    00000060     osal_port_timers.o (.text.timerCb)
                  0001d618    00000060     zcl.o (.text.zclFindNextAttrRec)
                  0001d678    00000060     zcl.o (.text.zclParseInWriteRspCmd)
                  0001d6d8    0000005e     libZStack_nwk_zed.a : aps_mede.o (.text.APSME_FrameSecApplyCM)
                  0001d736    0000005e                         : aps.o (.text.APS_ReflectMonitor)
                  0001d794    0000005e     rf_multiMode_cc26x2.a : rfc.c.cc26x2.ticlang.o (.text.NOROM_RFCAnaDivTxOverride)
                  0001d7f2    00000002     --HOLE-- [fill = 0]
                  0001d7f4    0000005c     drivers_cc26x2.a : ADCCC26XX.c.obj (.text.ADCCC26XX_open)
                  0001d850    0000005c     epd1in54v2.o (.text.DelayUs)
                  0001d8ac    0000005c     libZStack_nwk_zed.a : nl_mede.o (.text.NLDE_DataReq)
                  0001d908    0000005c     drivers_cc26x2.a : NVSSPI25X.c.obj (.text.NVSSPI25X_control)
                  0001d964    0000005c     osal_port_timers.o (.text.OsalPortTimers_stopTimer)
                  0001d9c0    0000005c     osal_port.o (.text.OsalPort_msgReceive)
                  0001da1c    0000005c     libZStack_nwk_zed.a : rtg.o (.text.RTG_SendRErr)
                  0001da78    0000005c                         : ssp.o (.text.SSP_ParseAuxHdr)
                  0001dad4    0000005c     drivers_cc26x2.a : TRNGCC26XX.c.obj (.text.TRNGCC26XX_startTrng)
                  0001db30    0000005c     zd_app.o (.text.ZDApp_AnnounceNewAddress)
                  0001db8c    0000005c     zmac.o (.text.ZMacScanReq)
                  0001dbe8    0000005c     zmac.o (.text.ZMacSetZigbeeMACParams)
                  0001dc44    0000005c     bdb.o (.text.bdb_nwkJoiningFormation)
                  0001dca0    0000005c     bh1750.o (.text.bh1750_WaitUs)
                  0001dcfc    0000005c     bh1750.o (.text.bh1750_Write)
                  0001dd58    0000005c     binding_table.o (.text.bindRemoveDev)
                  0001ddb4    0000005c     bme280i2c.o (.text.bme_HW_WaitUs)
                  0001de10    0000005c     drivers_cc26x2.a : NVSSPI25X.c.obj (.text.extFlashWaitReady)
                  0001de6c    0000005c     maclib_nosecure_cc26x2_2_4g_tirtos7.a : mac_sleep.o (.text.macCanSleep)
                  0001dec8    0000005c                                           : mac_radio.o (.text.macRadioSetChannel)
                  0001df24    0000005c                                           : mac_symbol_timer.o (.text.macSymbolTimerEventHandler)
                  0001df80    0000005c     libZStack_nwk_zed.a : nwk_util.o (.text.nlmeAddConflictedAddrTable)
                  0001dfdc    0000005c                         : nwk_util.o (.text.nwkNeighborRemoveStranded)
                  0001e038    0000005c     ota_client.o (.text.otaClient_ProcessUnhandledFoundationZCLMsgs)
                  0001e094    0000005c     zstacktask.o (.text.sendLeaveInd)
                  0001e0f0    0000005c     zcl_port.o (.text.zclGeneral_FindAllScenesForGroup)
                  0001e14c    0000005c     zcl_ota.o (.text.zclOTA_SendQueryNextImageReq)
                  0001e1a8    0000005c     zglobals.o (.text.zgInitItems)
                  0001e204    0000005a     zstacktask.o (.text.sendActiveEPRspInd)
                  0001e25e    0000005a     zstacktask.o (.text.sendMatchDescRspInd)
                  0001e2b8    0000005a     zstacktask.o (.text.sendZdoSrcRtgInd)
                  0001e312    00000002     --HOLE-- [fill = 0]
                  0001e314    00000058     drivers_cc26x2.a : ADCCC26XX.c.obj (.text.ADCCC26XX_convertToMicroVolts)
                  0001e36c    00000058     zstacktask.o (.text.BDBBindNotificationsendMsgToAllCBs)
                  0001e3c4    00000058     drivers_cc26x2.a : Button.c.obj (.text.Button_gpioCallbackFxn)
                  0001e41c    00000058     osal_port.o (.text.HEAPMGR_GETLARGESTFREEBUF)
                  0001e474    00000058     libZStack_nwk_zed.a : nl_mede.o (.text.NLME_NwkDiscReq2)
                  0001e4cc    00000058                         : nwk_util.o (.text.NLME_SendEndDevTimeoutReq)
                  0001e524    00000058     osal_port.o (.text.OsalPort_msgSend)
                  0001e57c    00000058     rf_multiMode_cc26x2.a : RFCC26X2_multiMode.c.cc26x2.ticlang.o (.text.RF_applyRfCorePatch)
                  0001e5d4    00000058     libZStack_nwk_zed.a : ssp_hash.o (.text.SSP_KeyedHash)
                  0001e62c    00000058     drivers_cc26x2.a : TRNGCC26XX.c.obj (.text.TRNG_init)
                  0001e684    00000058     zd_profile.o (.text.ZDP_EPRsp)
                  0001e6dc    00000058     zd_profile.o (.text.ZDP_MgmtPermitJoinReq)
                  0001e734    00000058     bdb_finding_and_binding.o (.text.bdb_SendIdentifyQuery)
                  0001e78c    00000058     bdb.o (.text.bdb_ZclIdentifyCmdInd)
                  0001e7e4    00000058     bme280i2c.o (.text.bme280_read24)
                  0001e83c    00000058     drivers_cc26x2.a : NVSSPI25X.c.obj (.text.doWriteVerify)
                  0001e894    00000058     zd_profile.o (.text.fillAndSend)
                  0001e8ec    00000058     maclib_nosecure_cc26x2_2_4g_tirtos7.a : mac_radio.o (.text.macRadioSetChannelRx)
                  0001e944    00000058                                           : mac_radio_tx.o (.text.macRadioTxPrepCsmaSlottedIeee)
                  0001e99c    00000058                                           : mac_radio.o (.text.macRadioUpdateTxPower)
                  0001e9f4    00000058                                           : mac.o (.text.macRequestSFDTimeout)
                  0001ea4c    00000058     libZStack_nwk_zed.a : nwk_util.o (.text.nwkNeighborCheckAddr)
                  0001eaa4    00000058     nwk_globals.o (.text.nwk_InitializeDefaultPollRates)
                  0001eafc    00000058     sysbios.a : Hwi_asm_switch_gcc.s.obj (.text.ti_sysbios_family_arm_m3_Hwi_initStacks)
                  0001eb54    00000056     drivers_cc26x2.a : StructRingBuf.c.obj (.text.StructRingBuf_put)
                  0001ebaa    00000056     util_timer.o (.text.UtilTimer_construct)
                  0001ec00    00000056     bdb.o (.text.bdb_AddRespondentNode)
                  0001ec56    00000056     libZStack_nwk_zed.a : nwk.o (.text.nwk_BeaconToNative)
                  0001ecac    00000054     drivers_cc26x2.a : AESCCMCC26XX.c.obj (.text.AESCCM_construct)
                  0001ed00    00000054     libZStack_nwk_zed.a : addr_mgr.o (.text.AddrMgrWriteNV)
                  0001ed54    00000054     epd1in54v2.o (.text.EpdSpiInit)
                  0001eda8    00000054     drivers_cc26x2.a : I2CCC26XX.c.obj (.text.I2CCC26XX_initHw)
                  0001edfc    00000054     libZStack_nwk_zed.a : nl_mede.o (.text.NLME_NetworkDiscoveryRequest)
                  0001ee50    00000054     nvocmp.o (.text.NVOCMP_compactNvApi)
                  0001eea4    00000054     nvocmp.o (.text.NVOCMP_getDstPage)
                  0001eef8    00000054     nvocmp.o (.text.NVOCMP_getItemLenApi)
                  0001ef4c    00000054     rf_multiMode_cc26x2.a : RFCC26X2_multiMode.c.cc26x2.ticlang.o (.text.RF_getCurrentTime)
                  0001efa0    00000054     libZStack_nwk_zed.a : rtg.o (.text.RTG_MTORouteReq)
                  0001eff4    00000054     zd_app.o (.text.ZDApp_ProcessMsgCBs)
                  0001f048    00000054     zd_sec_mgr.o (.text.ZDSecMgrAuthenticationCheck)
                  0001f09c    00000054     libZStack_nwk_zed.a : aps_groups.o (.text.aps_GroupsRestoreFromNV)
                  0001f0f0    00000054     bdb.o (.text.bdb_joinProcess)
                  0001f144    00000054     bdb.o (.text.bdb_tryNwkAssoc)
                  0001f198    00000054     bdb_finding_and_binding.o (.text.bdb_zclFindingBindingAddBindEntry)
                  0001f1ec    00000054     drivers_cc26x2.a : NVSSPI25X.c.obj (.text.extFlashSpiWrite)
                  0001f240    00000054     maclib_nosecure_cc26x2_2_4g_tirtos7.a : mac_tx.o (.text.macTxAckReceivedCallback)
                  0001f294    00000054     libZStack_nwk_zed.a : nwk.o (.text.nwk_BeaconFromNative)
                  0001f2e8    00000054                         : nwk_bufs.o (.text.nwk_broadcastSend)
                  0001f33c    00000054     osal_nv.o (.text.osal_nv_item_init_ex)
                  0001f390    00000054     zcl_port.o (.text.zclport_initializeNVItem)
                  0001f3e4    00000054     zcl_port.o (.text.zclport_registerZclHandleExternal)
                  0001f438    00000054     zcl_port.o (.text.zclport_writeNV)
                  0001f48c    00000052     driverlib.lib : chipinfo.o (.text.NOROM_ChipInfo_GetHwRevision)
                  0001f4de    00000052     libZStack_nwk_zed.a : rtg.o (.text.RTG_SendBrokenRoute)
                  0001f530    00000052     zd_app.o (.text.ZDApp_ProcessSecEvent)
                  0001f582    00000052     binding_table.o (.text.bindAddrIndexGet)
                  0001f5d4    00000050     libZStack_nwk_zed.a : aps.o (.text.APS_CmdInd)
                  0001f624    00000050                         : addr_mgr.o (.text.AddrMgrEntryGet)
                  0001f674    00000050     ti_drivers_config.o (.text.Board_shutDownExtFlash)
                  0001f6c4    00000050     drivers_cc26x2.a : NVSSPI25X.c.obj (.text.NVSSPI25X_read)
                  0001f714    00000050     rf_multiMode_cc26x2.a : RFCC26X2_multiMode.c.cc26x2.ticlang.o (.text.RF_wakeupNotification)
                  0001f764    00000050     libZStack_nwk_zed.a : ssp.o (.text.SSP_GetNwkKey)
                  0001f7b4    00000050     zd_app.o (.text.ZDApp_LeaveUpdate)
                  0001f804    00000050     zd_object.o (.text.ZDO_UpdateNwkStatus)
                  0001f854    00000050     bdb.o (.text.bdb_nwkDiscoveryAttempt)
                  0001f8a4    00000050     maclib_nosecure_cc26x2_2_4g_tirtos7.a : mac_radio.o (.text.macGetRadioTxPowerReg)
                  0001f8f4    00000050                                           : mac_tx.o (.text.macTxTimestampCallback)
                  0001f944    00000050     libZStack_nwk_zed.a : nwk.o (.text.nwk_getNetworkDesc)
                  0001f994    00000050     ota_client.o (.text.otaClient_DiscoverServer)
                  0001f9e4    00000050     maclib_nosecure_cc26x2_2_4g_tirtos7.a : mac_rx.o (.text.rxPostRxUpdates)
                  0001fa34    00000050     ti_sysbios_config.o (.text.ti_sysbios_family_arm_m3_Hwi_excHandlerMin)
                  0001fa84    00000050     ti_sysbios_config.o (.text.ti_sysbios_knl_Swi_post)
                  0001fad4    00000050     ti_sysbios_config.o (.text.ti_sysbios_knl_Swi_runLoop)
                  0001fb24    0000004e     drivers_cc26x2.a : AESECBCC26XX.c.obj (.text.AESECB_startOperation)
                  0001fb72    0000004e     ti_drivers_config.o (.text.Board_sendExtFlashByte)
                  0001fbc0    0000004e     nvocmp.o (.text.NVOCMP_readItem)
                  0001fc0e    0000004e     libZStack_nwk_zed.a : ssp.o (.text.SSP_BuildAuxHdr)
                  0001fc5c    0000004e     zd_sec_mgr.o (.text.ZDSecMgrAddLinkKey)
                  0001fcaa    0000004e     zcl.o (.text.zclParseInDiscAttrsRspCmd)
                  0001fcf8    0000004c     libZStack_nwk_zed.a : aps_mede.o (.text.APSME_GetRequest)
                  0001fd44    0000004c                         : aps.o (.text.APS_Init)
                  0001fd90    0000004c     ti_sysbios_config.o (.text.BIOS_startFunc)
                  0001fddc    0000004c     binding_table.o (.text.BindRestoreFromNV)
                  0001fe28    0000004c     epd1in54v2.o (.text.EpdSendCommand)
                  0001fe74    0000004c     maclib_nosecure_cc26x2_2_4g_tirtos7.a : mac_autopend.o (.text.MAC_SrcMatchAckAllPending)
                  0001fec0    0000004c                                           : mac_autopend.o (.text.MAC_SrcMatchEnable)
                  0001ff0c    0000004c     libZStack_nwk_zed.a : nwk_util.o (.text.NLME_InitNV)
                  0001ff58    0000004c                         : nwk_util.o (.text.NLME_ProcessNetworkStatus)
                  0001ffa4    0000004c     driverlib.lib : osc.o (.text.NOROM_OSC_HPOSCRelativeFrequencyOffsetGet)
                  0001fff0    0000004c     nvocmp.o (.text.NVOCMP_setItemInactive)
                  0002003c    0000004c     drivers_cc26x2.a : NVSCC26XX.c.obj (.text.NVSCC26XX_init)
                  00020088    0000004c                      : NVSCC26XX.c.obj (.text.NVSCC26XX_read)
                  000200d4    0000004c     osal_port.o (.text.OsalPort_msgFind)
                  00020120    0000004c     rf_multiMode_cc26x2.a : RFCC26X2_multiMode.c.cc26x2.ticlang.o (.text.RF_fsmXOSCState)
                  0002016c    0000004c     drivers_cc26x2.a : StructRingBuf.c.obj (.text.StructRingBuf_get)
                  000201b8    0000004c     zd_profile.o (.text.ZDO_RegisterForZDOMsg)
                  00020204    0000004c     af.o (.text.afRegisterExtended)
                  00020250    0000004c     libZStack_nwk_zed.a : aps_util.o (.text.apsAckFindMatchCB)
                  0002029c    0000004c     bdb.o (.text.bdb_GenerateInstallCodeCRC)
                  000202e8    0000004c     bdb_reporting.o (.text.bdb_RepStartOrContinueReporting)
                  00020334    0000004c     bdb_finding_and_binding.o (.text.bdb_ZclIdentifyQueryCmdInd)
                  00020380    0000004c     bdb_reporting.o (.text.bdb_clusterEndpointArrayIncrementAll)
                  000203cc    0000004c     bdb.o (.text.bdb_setActiveCentralizedLinkKey)
                  00020418    0000004c     bdb.o (.text.bdb_tcLinkKeyExchangeAttempt)
                  00020464    0000004c     bh1750.o (.text.bh1750_init)
                  000204b0    0000004c     binding_table.o (.text.bindAddressClear)
                  000204fc    0000004c     bme280i2c.o (.text.bme280_read16)
                  00020548    0000004c     drivers_cc26x2.a : SPICC26X2DMA.c.obj (.text.initHw)
                  00020594    0000004c     maclib_nosecure_cc26x2_2_4g_tirtos7.a : mac_low_level.o (.text.macLowLevelYield)
                  000205e0    0000004c                                           : mac_mcu.o (.text.macMcuInit)
                  0002062c    0000004c                                           : mac_radio.o (.text.macRadioPowerDown)
                  00020678    0000004c                                           : mac_rx_onoff.o (.text.macRxOffRequest)
                  000206c4    0000004c                                           : mac_timer.o (.text.macTimerUpdActive)
                  00020710    0000004c     libZStack_nwk_zed.a : nwk_util.o (.text.nwkNeighborAdd)
                  0002075c    0000004c                         : nwk_util.o (.text.nwkNeighborInitTable)
                  000207a8    0000004c     osal_nv.o (.text.osal_nv_delete_ex)
                  000207f4    0000004c     ota_client.o (.text.otaClient_ProcessMatchDescRsp)
                  00020840    0000004c     drivers_cc26x2.a : PowerCC26X2.c.obj (.text.switchXOSCHF)
                  0002088c    0000004c     ti_sysbios_config.o (.text.ti_sysbios_knl_Swi_Instance_init)
                  000208d8    0000004c     zcl_general.o (.text.zclGeneral_RegisterCmdCallbacks)
                  00020924    0000004c     zcl_ota.o (.text.zclOTA_SendUpgradeEndReq)
                  00020970    0000004c     zcl.o (.text.zclParseInDiscAttrsExtRspCmd)
                  000209bc    0000004c     zcl.o (.text.zclParseInReadReportCfgCmd)
                  00020a08    0000004c     zcl.o (.text.zclWriteAttrData)
                  00020a54    0000004a     libZStack_nwk_zed.a : ssp.o (.text.SSP_BuildAuxHdr2)
                  00020a9e    0000004a     zstacktask.o (.text.sendDeviceAnnounceInd)
                  00020ae8    0000004a     zcl_general.o (.text.zclGeneral_SendSceneResponse)
                  00020b32    00000048     libZStack_nwk_zed.a : aps_mede.o (.text.APSME_SetDefaultKey)
                  00020b7a    00000002     --HOLE-- [fill = 0]
                  00020b7c    00000048                         : nl_mede.o (.text.NLME_LeaveReq)
                  00020bc4    00000048                         : nl_mede.o (.text.NLME_LeaveRsp)
                  00020c0c    00000048     driverlib.lib : aux_sysif.o (.text.NOROM_AUXSYSIFOpModeChange)
                  00020c54    00000048     rf_multiMode_cc26x2.a : rfc.c.cc26x2.ticlang.o (.text.NOROM_RFCSynthPowerDown)
                  00020c9c    00000048     drivers_cc26x2.a : NVS.c.obj (.text.NVS_open)
                  00020ce4    00000048     osal_port.o (.text.OsalPort_heapFree)
                  00020d2c    00000048     drivers_cc26x2.a : PowerCC26X2.c.obj (.text.PowerCC26XX_switchXOSC_HF)
                  00020d74    00000048     zd_app.o (.text.ZDApp_ForceConcentratorChange)
                  00020dbc    00000048     zd_object.o (.text.ZDO_ProcessActiveEPReq)
                  00020e04    00000048     zd_profile.o (.text.ZDP_SendData)
                  00020e4c    00000048     zd_sec_mgr.o (.text.ZDSecMgrInitNV)
                  00020e94    00000048     libZStack_nwk_zed.a : aps_util.o (.text.apsProcessAck)
                  00020edc    00000048     bdb.o (.text.bdb_NetworkRestoredResumeState)
                  00020f24    00000048     bdb_reporting.o (.text.bdb_RepLoadCfgRecords)
                  00020f6c    00000048     bdb_reporting.o (.text.bdb_clusterEndpointArrayUpdateAt)
                  00020fb4    00000048     bdb.o (.text.bdb_nwkAssocAttemt)
                  00020ffc    00000048     bdb_finding_and_binding.o (.text.bdb_setEpDescListToActiveEndpoint)
                  00021044    00000048     maclib_nosecure_cc26x2_2_4g_tirtos7.a : mac_rx_onoff.o (.text.macRxDisable)
                  0002108c    00000048     libZStack_nwk_zed.a : nwk.o (.text.nwkBuildDataCnf)
                  000210d4    00000048                         : nwk_bufs.o (.text.nwk_broadcastReceive)
                  0002111c    00000048     rf_multiMode_cc26x2.a : rf_patch_cpe_ieee_802_15_4.c.cc26x2.ticlang.o (.text.rf_patch_cpe_ieee_802_15_4)
                  00021164    00000048     zstacktask.o (.text.sendTcDeviceInd)
                  000211ac    00000048     ti_sysbios_config.o (.text.ti_sysbios_family_arm_cc26xx_Timer_start)
                  000211f4    00000048     ti_sysbios_config.o (.text.ti_sysbios_knl_Task_schedule)
                  0002123c    00000048     libclang_rt.builtins.a : fixdfsi.S.obj (.text)
                  00021284    00000044     drivers_cc26x2.a : ADC.c.obj (.text.ADC_init)
                  000212c8    00000044     af.o (.text.AF_DataRequestSrcRtg)
                  0002130c    00000044     libZStack_nwk_zed.a : aps_mede_cb.o (.text.APSME_TransportKeyInd)
                  00021350    00000044                         : addr_mgr.o (.text.AddrMgrEntrySet)
                  00021394    00000044     zstacktask.o (.text.BDBsendMsgToAllCBs)
                  000213d8    00000044     ti_sysbios_config.o (.text.BIOS_atExitFunc)
                  0002141c    00000044     binding_table.o (.text.BindInitNV)
                  00021460    00000044     epd1in54v2.o (.text.EpdSendData)
                  000214a4    00000044     drivers_cc26x2.a : GPIOCC26X2.c.obj (.text.GPIO_hwiIntFxn)
                  000214e8    00000044     libZStack_nwk_zed.a : nwk_util.o (.text.NLME_SetUpdateID)
                  0002152c    00000044     driverlib.lib : prcm.o (.text.NOROM_PRCMPowerDomainsAllOff)
                  00021570    00000044                   : prcm.o (.text.NOROM_PRCMPowerDomainsAllOn)
                  000215b4    00000044     drivers_cc26x2.a : PWM.c.obj (.text.PWM_init)
                  000215f8    00000044     epdpaint.o (.text.PaintPaint)
                  0002163c    00000044     rf_multiMode_cc26x2.a : RFCC26X2_multiMode.c.cc26x2.ticlang.o (.text.RF_TxPowerTable_findValue)
                  00021680    00000044                           : RFCC26X2_multiMode.c.cc26x2.ticlang.o (.text.RF_cmdGet)
                  000216c4    00000044                           : RFCC26X2_multiMode.c.cc26x2.ticlang.o (.text.RF_updatePowerupDuration)
                  00021708    00000044     libZStack_nwk_zed.a : rtg.o (.text.RTG_ValidateSrcRtg)
                  0002174c    00000044     drivers_cc26x2.a : SPI.c.obj (.text.SPI_init)
                  00021790    00000044     zmac.o (.text.ZMacSetReq)
                  000217d4    00000044     bdb_finding_and_binding.o (.text.bdb_GetFBInitiatorStatus)
                  00021818    00000044     bdb_finding_and_binding.o (.text.bdb_SetIdentifyActiveEndpoint)
                  0002185c    00000044     binding_table.o (.text.bindRemoveClusterIdFromList)
                  000218a0    00000044     bme280i2c.o (.text.bme280_read8)
                  000218e4    00000044     zmac.o (.text.convertTxOptions)
                  00021928    00000044     maclib_nosecure_cc26x2_2_4g_tirtos7.a : mac.o (.text.macRatDisableChannels)
                  0002196c    00000044                                           : mac_rx.o (.text.macRxNokIsr)
                  000219b0    00000044                                           : mac_symbol_timer.o (.text.macSymbolTimerRealignIeee)
                  000219f4    00000044                                           : mac_tx.o (.text.macTxUpdateIE)
                  00021a38    00000044     libZStack_nwk_zed.a : nwk_util.o (.text.nwkNeighborKeepPANID)
                  00021a7c    00000044     ota_client.o (.text.otaClient_StartTimer)
                  00021ac0    00000044     libZStack_nwk_zed.a : reflecttrack.o (.text.reflectTrack_RemoveEntry)
                  00021b04    00000044     zstacktask.o (.text.sendZdoConcentratorInd)
                  00021b48    00000044     ti_sysbios_config.o (.text.ti_sysbios_family_arm_m3_Hwi_Instance_finalize)
                  00021b8c    00000044     ti_sysbios_config.o (.text.ti_sysbios_family_arm_m3_Hwi_construct2)
                  00021bd0    00000044     ti_sysbios_config.o (.text.ti_sysbios_family_arm_m3_Hwi_disableInterrupt)
                  00021c14    00000044     ti_sysbios_config.o (.text.ti_sysbios_family_arm_m3_Hwi_enableInterrupt)
                  00021c58    00000044     ti_sysbios_config.o (.text.ti_sysbios_knl_Swi_restore)
                  00021c9c    00000044     zcl_general.o (.text.zclGeneral_AddGroup)
                  00021ce0    00000042     af.o (.text.afReflectError)
                  00021d22    00000042     zcl.o (.text.zcl_DeviceOperational)
                  00021d64    00000040     drivers_cc26x2.a : ADCCC26XX.c.obj (.text.ADCCC26XX_close)
                  00021da4    00000040                      : ADC.c.obj (.text.ADC_open)
                  00021de4    00000040     libZStack_nwk_zed.a : aps_mede.o (.text.APSDE_FrameSend)
                  00021e24    00000040                         : addr_mgr.o (.text.AddrMgrInitNV)
                  00021e64    00000040                         : addr_mgr.o (.text.AddrMgrRestoreFromNV)
                  00021ea4    00000040     zstacktask.o (.text.BDBFilterNwkDescriptorsendMsgCB)
                  00021ee4    00000040     binding_table.o (.text.BindSetDefaultNV)
                  00021f24    00000040     epd1in54v2.o (.text.EpdSetMemoryArea)
                  00021f64    00000040     maclib_nosecure_cc26x2_2_4g_tirtos7.a : mac_timer.o (.text.MAC_PwrNextTimeout)
                  00021fa4    00000040     osal_port.o (.text.OsalPort_deleteTimer)
                  00021fe4    00000040     osal_port.o (.text.OsalPort_msgEnqueueMax)
                  00022024    00000040     drivers_cc26x2.a : PWM.c.obj (.text.PWM_open)
                  00022064    00000040                      : PowerCC26X2_calibrateRCOSC.c.obj (.text.PowerCC26X2_RCOSC_clockFunc)
                  000220a4    00000040                      : PowerCC26X2_calibrateRCOSC_helpers.c.obj (.text.PowerCC26X2_setAclkRefSrc)
                  000220e4    00000040     libZStack_nwk_zed.a : rtg.o (.text.RTG_nextHopIsBad)
                  00022124    00000040     drivers_cc26x2.a : SPI.c.obj (.text.SPI_open)
                  00022164    00000040     zd_app.o (.text.ZDApp_ProcessSecMsg)
                  000221a4    00000040     zd_sec_mgr.o (.text.ZDSecMgrApsLinkKeyInit)
                  000221e4    00000040     zd_sec_mgr.o (.text.ZDSecMgrEntryLookupExtGetIndex)
                  00022224    00000040     zmac.o (.text.ZMacInit)
                  00022264    00000040     zmac.o (.text.ZMacReset)
                  000222a4    00000040     bdb_reporting.o (.text.bdb_linkedListAttrAdd)
                  000222e4    00000040     binding_table.o (.text.bindFind)
                  00022324    00000040     bme280i2c.o (.text.bme280_write8)
                  00022364    00000040     drivers_cc26x2.a : LED.c.obj (.text.clockTimeoutHandler)
                  000223a4    00000040                      : NVSCC26XX.c.obj (.text.disableFlashCache)
                  000223e4    00000040     maclib_nosecure_cc26x2_2_4g_tirtos7.a : mac_radio_tx.o (.text.macRadioTxPrepSlotted)
                  00022424    00000040                                           : mac_timer.o (.text.macTimerRecalcUnaligned)
[...]
20002ae5  zgNwkEndDeviceTimeoutDefault                                       
20002ae6  zgNwkLeaveRequestAllowed                                           
20002ae7  zgNwkMgrMinTransmissions                                           
20002ae8  zgNwkMgrMode                                                       
20002ae9  zgNwkParentInformation                                             
20002aea  zgNwkProcessLocalLeaveCnf                                          
20002aeb  zgNwkSrcRtgExpiryTime                                              
20002aec  zgPassiveAckTimeout                                                
20002aed  zgPreConfigKeys                                                    
20002aee  zgRouteDiscoveryTime                                               
20002aef  zgRouteExpiryTime                                                  
20002af0  zgRouterOffAssocCleanup                                            
20002af1  zgRxAlwaysOn                                                       
20002af2  zgSapiEndpoint                                                     
20002af3  zgSecurePermitJoin                                                 
20002af4  zgStackProfile                                                     
20002af5  zgStartDelay                                                       
20002af6  zgZdoDirectCB                                                      
20002af8  image                                                              
20004a80  myTaskStack                                                        
20005638  AssociatedDevList                                                  
20005bf0  myTaskStack1                                                       
20005df0  spiCC26X2DMAObjects                                                
20005ff0  ti_sysbios_knl_Idle_taskStack                                      
200061f0  taskTbl                                                            
20006358  i2cCC26xxObjects                                                   
20006498  rtgTable                                                           
200066d8  crcBuf                                                             
200067d8  enhancedAckBuf                                                     
200068d4  ti_sysbios_family_arm_m3_Hwi_dispatchTable                         
200069ac  bdb_reportingClusterEndpointArray                                  
20006a74  LEDObjects                                                         
20006b2c  macPib                                                             
20006bb4  trngCC26XXObjects                                                  
20006c38  gpioCallbackFunctions                                              
20006cb4  gpioUserArgs                                                       
20006d30  _NIB                                                               
20006da4  neighborTable                                                      
20006e14  apsEndDeviceBroadcastTable                                         
20006ee8  rtgSrcTable                                                        
20006f48  ti_sysbios_knl_ClockSupport_timerStruct                            
20006fa8  myTask                                                             
20007000  myTask1                                                            
20007058  stackTask                                                          
200070b0  ti_sysbios_knl_Idle_taskStruct                                     
20007108  BindingTable                                                       
2000715c  macScan                                                            
20007254  CryptoResourceCC26XX_accessSemaphore                               
200072a4  CryptoResourceCC26XX_operationSemaphore                            
200072f4  rtDiscTable                                                        
20007344  ButtonObjects                                                      
20007634  UTC_clock                                                          
200076b8  RF_cmdIEEERx                                                       
20007734  macBeaconCoord                                                     
20007770  macDeviceAction1                                                   
200077dc  dcBucket                                                           
20007810  macBeaconDevice                                                    
20007844  macMgmtAction1                                                     
20007874  macSrcExtAddrList                                                  
200078a4  ti_sysbios_knl_Swi_readyQs                                         
200078d4  ti_sysbios_knl_Task_readyQs                                        
20007904  NVOCMP_nvHandle                                                    
20007934  macCoord                                                           
20007960  macDevice                                                          
2000798c  aesecbCC26XXObjects                                                
200079b4  nwk_pollRateTable                                                  
200079dc  ApsLinkKeyRAMEntry                                                 
20007a00  TCLinkKeyRAMEntry                                                  
20007a24  bcastHoldAckMask                                                   
20007a48  zdoCBFunc                                                          
20007a6c  RF_cmdIEEECsma                                                     
20007a8c  RF_cmdRadioSetup                                                   
20007aac  RF_params                                                          
20007acc  macBeacon                                                          
20007aec  udmaCC26XXObject                                                   
20007b28  BIOS_heapCallbackObject                                            
20007b44  BIOS_rtsGate                                                       
20007b60  CryptoResourceCC26XX_hwi                                           
20007b7c  macCoordAction2                                                    
20007b98  macReset                                                           
20007bb4  macSrcShortAddrList                                                
20007bd0  stackSem                                                           
20007bec  RF_cmdFsRx                                                         
20007c04  RF_cmdFsTx                                                         
20007c1c  RF_cmdIEEETx                                                       
20007c34  aesccmCC26XXObjects                                                
20007c4c  macScanAction                                                      
20007c64  rtgSrcRelayList                                                    
20007ca4  RF_cmdRxAckCmd                                                     
20007cb8  bdb_FindingBindingTargetSimpleDesc                                 
20007ccc  macAckDbg                                                          
20007ce0  macDeviceAction2                                                   
20007cf4  macMgmtAction2                                                     
20007d08  macStatistics                                                      
20007d1a  adcCC26xxObjects                                                   
20007d1c  macBeaconDeviceAction                                              
20007d2c  macCoordAction3                                                    
20007d3c  macData                                                            
20007d4c  macDataTxDelay                                                     
20007d5c  macFrmFilter                                                       
20007d6c  macRxOutputIeee                                                    
20007d7c  nwk_beaconPayload                                                  
20007d8c  ZDO_Config_Node_Descriptor                                         
20007da6  bdb_reportingNextEventTimeout                                      
20007da8  coexMetricsStruct                                                  
20007db4  macMain                                                            
20007dc0  nvsSPI25XObjects                                                   
20007dcc  zclSampleSw_DstAddr                                                
20007dd8  ZDAppNwkAddr                                                       
20007de2  bcastHoldHandle                                                    
20007deb  AIB_apsUseExtendedPANID                                            
20007df3  ZDO_UseExtendedPANID                                               
20007dfb  aExtendedAddress                                                   
20007e04  attrDefaultCfgRecordLinkedList                                     
20007e0c  coexOverrideUseCases                                               
20007e14  macBeaconCoordAction1                                              
20007e1c  macCoordAction1                                                    
20007e24  macRxDataEntryQueue                                                
20007e2c  saveExtAddr                                                        
20007e44  AIB_apsTrustCenterAddress                                          
20007e48  HEAPMGR_SIZE                                                       
20007e4c  NwkDescList                                                        
20007e50  PowerCC26XX_swiKey                                                 
20007e54  PowerCC26XX_taskKey                                                
20007e58  TRNG_handle                                                        
20007e5c  ZAESCCM_handle                                                     
20007e60  ZAESECB_handle                                                     
20007e64  ZDO_Config_Power_Descriptor                                        
20007e68  _ScanChannels                                                      
20007e6c  bdbCommissioningProcedureState                                     
20007e70  bdb_reportingAttrCfgRecordsArray                                   
20007e74  dcCritical                                                         
20007e78  dcLimited                                                          
20007e7c  dcPtr                                                              
20007e80  dcRegulated                                                        
20007e84  dcTimeUsed                                                         
20007e88  epList                                                             
20007e8c  gAttrDataValue                                                     
20007e90  i2cHandle                                                          
20007e94  macPhyTxPower                                                      
20007e98  macPrevPeriodRatCount                                              
20007e9c  macRfDrvTblPtr                                                     
20007ea0  macRxSymbol                                                        
20007ea4  macSymbolTimerRollover                                             
20007ea8  macSymbolTimerTrigger                                              
20007eac  macTimerActive                                                     
20007eb0  macTxTimestamp                                                     
20007eb4  nwkDataBufQueue                                                    
20007eb8  pClockHandleEDScan                                                 
20007ebc  pMacRadioConfig                                                    
20007ec0  pMaxPower                                                          
20007ec4  pRfMode                                                            
20007ec8  pRfPowerTable                                                      
20007ecc  pTasksEvents                                                       
20007ed0  pheight                                                            
20007ed4  pimage                                                             
20007ed8  pinvert                                                            
20007edc  protate                                                            
20007ee0  pwidth                                                             
20007ee4  runtimeChannel                                                     
20007ee8  rxRadioBufferPtr                                                   
20007eec  spi                                                                
20007ef0  t_fine                                                             
20007ef4  ti_sysbios_knl_Task_defaultStackHeap                               
20007ef8  ti_sysbios_runtime_System_atexitHandlers                           
20007efc  timerAlignedQ                                                      
20007f00  timerUnalignedQ                                                    
20007f04  zclOTA_DownloadedImageSize                                         
20007f08  bme280_dig_H2                                                      
20007f0a  bme280_dig_H4                                                      
20007f0c  bme280_dig_H5                                                      
20007f0e  bme280_dig_P1                                                      
20007f10  bme280_dig_P2                                                      
20007f12  bme280_dig_P3                                                      
20007f14  bme280_dig_P4                                                      
20007f16  bme280_dig_P5                                                      
20007f18  bme280_dig_P6                                                      
20007f1a  bme280_dig_P7                                                      
20007f1c  bme280_dig_P8                                                      
20007f1e  bme280_dig_P9                                                      
20007f20  bme280_dig_T1                                                      
20007f22  bme280_dig_T2                                                      
20007f24  bme280_dig_T3                                                      
20007f26  macRxDataEntryOffset                                               
20007f28  macTxCsmaBackoffDelay                                              
20007f2a  rxCmdHandle                                                        
20007f2c  txCmdHandle                                                        
20007f30  AIB_apsUseInsecureJoin                                             
20007f31  APS_Counter                                                        
20007f32  APS_TaskID                                                         
20007f33  NVOCMP_size                                                        
20007f34  NWK_TaskID                                                         
20007f35  ZDAppTaskID                                                        
20007f36  ZDApp_LeaveCtrl                                                    
20007f37  _tmpRejoinState                                                    
20007f38  bdb_TaskID                                                         
20007f39  bdb_reportingAcceptDefaultConfs                                    
20007f3a  bdb_reportingAttrCfgRecordsArrayCount                              
20007f3b  bdb_reportingAttrCfgRecordsArrayMaxSize                            
20007f3c  bdb_reportingClusterEndpointArrayCount                             
20007f3d  bdb_reportingNextClusterEndpointIndex                              
20007f3e  bh1750_detect                                                      
20007f3f  bme280_dig_H1                                                      
20007f40  bme280_dig_H3                                                      
20007f41  bme280_dig_H6                                                      
20007f42  dcStatus                                                           
20007f43  gAction                                                            
20007f44  lastRxPriority                                                     
20007f45  lastTxPriority                                                     
20007f46  macAckTxActive                                                     
20007f47  macMgmt                                                            
20007f48  macPanCoordinator                                                  
20007f49  macPhyChannel                                                      
20007f4a  macPwr                                                             
20007f4b  macRxActive                                                        
20007f4c  macRxEnableFlags                                                   
20007f4d  macRxFilter                                                        
20007f4e  macRxOutgoingAckFlag                                               
20007f4f  macSpecUsecsPerSymbol                                              
20007f50  macSrcResIndex                                                     
20007f51  macSymbolTimerImpending                                            
20007f52  macTaskId                                                          
20007f53  macTxActive                                                        
20007f54  macTxBe                                                            
20007f55  macTxGpInterframeDelay                                             
20007f56  macTxType                                                          
20007f57  macUnitBackoffPeriod                                               
20007f58  nvsCC26XXObjects                                                   
20007f59  nwkStatus                                                          
20007f5a  otaServiceTaskId                                                   
20007f5b  rreqCounter                                                        
20007f5c  rxFhRsl                                                            
20007f5d  rxPromiscuousMode                                                  
20007f5e  rxSeqNum                                                           
20007f5f  stackServiceTaskId                                                 
20007f60  txAckReq                                                           
20007f61  txSeqn                                                             
20007f62  zclOTA_ClientPdState                                               
20007f63  zclOTA_OtaUpgradeEndReqTransSeq                                    
20007f64  zclOTA_Permit                                                      
20007f65  zgUseDefaultTCLK                                                   
20007f66  heapStart                                                          
20013c00  __stack                                                            
20013c00  heapEnd                                                            
20014000  __STACK_END                                                        
20014000  __STACK_TOP                                                        
ffffffff  __TI_pprof_out_hndl                                                
ffffffff  __TI_prof_data_size                                                
ffffffff  __TI_prof_data_start                                               
ffffffff  __binit__                                                          
ffffffff  binit                                                              
UNDEFED   ITM_flush                                                          
UNDEFED   ITM_restore                                                        
UNDEFED   PWM_config                                                         
UNDEFED   PWM_count                                                          
UNDEFED   __mpu_init                                                         

[2397 symbols]
