******************************************************************************
            TI ARM Clang Linker PC v2.1.3                      
******************************************************************************
>> Linked Wed Feb 12 19:50:18 2025

OUTPUT FILE NAME:   <zed_sw_ota_client_offchip_CC26X2R1_LAUNCHXL_tirtos7_ticlang.out>
ENTRY POINT SYMBOL: "ResetISR"  address: 000288d9


MEMORY CONFIGURATION

         name            origin    length      used     unused   attr    fill
----------------------  --------  ---------  --------  --------  ----  --------
  FLASH_IMG_HDR         00000000   000000a8  00000095  00000013  R  X
  ENTRY                 000000a8   00000040  0000003c  00000004  R  X
  FLASH                 000000e8   00051e30  0002af7b  00026eb5  R  X
  FLASH_NV              00052000   00004000  00004000  00000000  RW X
  FLASH_LAST            00056000   00002000  00000000  00002000  R  X
  GPRAM                 11000000   00002000  00000000  00002000  RW X
  SRAM                  20000000   00014000  000051d6  0000ee2a  RW X
  LOG_DATA              90000000   00040000  00000000  00040000  R   


SEGMENT ALLOCATION MAP

run origin  load origin   length   init length attrs members
----------  ----------- ---------- ----------- ----- -------
00000000    00000000    0000008d   0000008d    r--
  00000000    00000000    0000008d   0000008d    r-- .image_header
00000090    00000090    00000008   00000008    rw-
  00000090    00000090    00000008   00000008    rw- .args
000000a8    000000a8    0002afbc   0002afbc    r-x
  000000a8    000000a8    0000003c   0000003c    r-- .resetVecs
  000000e8    000000e8    000288c0   000288c0    r-x .text
  000289a8    000289a8    0000228f   0000228f    r-- .rodata
  0002ac38    0002ac38    000000d0   000000d0    r-- config_const
  0002ad08    0002ad08    0000035c   0000035c    r-- .cinit
00052000    00052000    00004000   00000000    rw-
  00052000    00052000    00004000   00000000    rw- .TI.bound:flashBuf0
2000010c    2000010c    00000010   00000000    rw-
  2000010c    2000010c    00000010   00000000    rw- .data:RAM_MAC_BASE_ADDR
20001830    20001830    00000010   00000000    rw-
  20001830    20001830    00000010   00000000    rw- .TI.bound:dmaSpi0RxControlTableEntry
20001840    20001840    00000010   00000000    rw-
  20001840    20001840    00000010   00000000    rw- .TI.bound:dmaSpi0TxControlTableEntry
20001850    20001850    00000010   00000000    rw-
  20001850    20001850    00000010   00000000    rw- .TI.bound:dmaUart1RxControlTableEntry
20001860    20001860    00000010   00000000    rw-
  20001860    20001860    00000010   00000000    rw- .TI.bound:dmaUart1TxControlTableEntry
20001900    20001900    00000010   00000000    rw-
  20001900    20001900    00000010   00000000    rw- .TI.bound:dmaSpi1RxControlTableEntry
20001910    20001910    00000010   00000000    rw-
  20001910    20001910    00000010   00000000    rw- .TI.bound:dmaSpi1TxControlTableEntry
20001a30    20001a30    00000010   00000000    rw-
  20001a30    20001a30    00000010   00000000    rw- .TI.bound:dmaSpi0RxAltControlTableEntry
20001a40    20001a40    00000010   00000000    rw-
  20001a40    20001a40    00000010   00000000    rw- .TI.bound:dmaSpi0TxAltControlTableEntry
20001b00    20001b00    00000010   00000000    rw-
  20001b00    20001b00    00000010   00000000    rw- .TI.bound:dmaSpi1RxAltControlTableEntry
20001b10    20001b10    00000010   00000000    rw-
  20001b10    20001b10    00000010   00000000    rw- .TI.bound:dmaSpi1TxAltControlTableEntry
20001c00    20001c00    00004d26   00000000    rw-
  20001c00    20001c00    000000d8   00000000    rw- .ramVecs
  20001cd8    20001cd8    00000dd3   00000000    rw- .data
  20002ab0    20002ab0    00003e76   00000000    rw- .bss
20013c00    20013c00    00000400   00000000    rw-
  20013c00    20013c00    00000400   00000000    rw- .stack


SECTION ALLOCATION MAP

 output                                  attributes/
section   page    origin      length       input sections
--------  ----  ----------  ----------   ----------------
.image_header 
*          0    00000000    0000008d     
                  00000000    0000008d     oad_image_header_app.o (.image_header)

.resetVecs 
*          0    000000a8    0000003c     
                  000000a8    0000003c     ti_sysbios_config.o (.resetVecs)

EntrySection 
*          0    000000e4    00000000     UNINITIALIZED

.text      0    000000e8    000288c0     
                  000000e8    000018a8     zstacktask.o (.text.appMsg)
                  00001990    00000a24     zcl_samplesw.o (.text.sampleApp_task)
                  000023b4    0000089c     zcl_general.o (.text.zclGeneral_HdlIncoming)
                  00002c50    00000634     bdb.o (.text.bdb_event_loop)
                  00003284    0000055c     maclib_nosecure_cc26x2_2_4g_tirtos7.a : mac_rx.o (.text.macRxFrameIsr)
                  000037e0    000004bc     ota_client.o (.text.otaClient_HdlIncoming)
                  00003c9c    00000490     rf_multiMode_cc26x2.a : RFCC26X2_multiMode.c.cc26x2.ticlang.o (.text.RF_fsmActiveState)
                  0000412c    00000404     zcl_ota.o (.text.zclOTA_ProcessImageData)
                  00004530    000003b4     libZStack_nwk_zed.a : nwk.o (.text.nwk_data_ind_processing)
                  000048e4    000003b0                         : aps_frag.o (.text.APSF_ProcessEvent)
                  00004c94    0000036c     zstacktask.o (.text.ZStackTaskProcessEvent)
                  00005000    00000364     bdb.o (.text.bdb_reportCommissioningState)
                  00005364    00000004     libZStack_nwk_zed.a : aps_mede.o (.text.APSME_FrameSecApplyExtCM)
                  00005368    000002d8     bme280i2c.o (.text.bme280_readPressure)
                  00005640    000002c8     drivers_cc26x2.a : SPICC26X2DMA.c.obj (.text.SPICC26X2DMA_transfer)
                  00005908    000002c0     bdb_reporting.o (.text.bdb_ProcessInConfigReportCmd)
                  00005bc8    000002b8     zstackstartup.o (.text.stackTaskFxn)
                  00005e80    000002ac     libZStack_nwk_zed.a : nwk.o (.text.nwk_event_loop)
                  0000612c    000002a8     nvocmp.o (.text.NVOCMP_initNvApi)
                  000063d4    000002a0     libZStack_nwk_zed.a : aps.o (.text.APS_event_loop)
                  00006674    0000029c     rf_multiMode_cc26x2.a : RFCC26X2_multiMode.c.cc26x2.ticlang.o (.text.RF_open)
                  00006910    00000298     ti_sysbios_config.o (.text.ti_sysbios_runtime_System_doPrint)
                  00006ba8    00000284     nvocmp.o (.text.NVOCMP_compactPage)
                  00006e2c    00000274     zmac_cb.o (.text.MAC_CbackEvent)
                  000070a0    0000026c     bdb_reporting.o (.text.bdb_RepChangedAttrValue)
                  0000730c    0000026c     zcl.o (.text.zcl_ProcessMessageMSG)
                  00007578    0000025c     libZStack_nwk_zed.a : aps_mede.o (.text.APSME_FrameSecRemoveCM)
                  000077d4    0000022c                         : nl_mede_cb.o (.text.NLDE_DataIndication)
                  00007a00    00000214     zd_object.o (.text.ZDO_ProcessMgmtLqiReq)
                  00007c14    00000214     maclib_nosecure_cc26x2_2_4g_tirtos7.a : mac_radio_tx.o (.text.macRadioTxGo)
                  00007e28    0000020c     zcl.o (.text.zclProcessInWriteUndividedCmd)
                  00008034    000001f4     nvocmp.o (.text.NVOCMP_addItem)
                  00008228    000001ec     zd_object.o (.text.ZDO_ProcessMatchDescReq)
                  00008414    000001e8     rf_multiMode_cc26x2.a : RFCC26X2_multiMode.c.cc26x2.ticlang.o (.text.RF_scheduleCmd)
                  000085fc    000001e4     bdb_finding_and_binding.o (.text.bdb_checkMatchingEndpoints)
                  000087e0    000001dc     rf_multiMode_cc26x2.a : RFCC26X2_multiMode.c.cc26x2.ticlang.o (.text.RF_dispatchNextCmd)
                  000089bc    000001dc     maclib_nosecure_cc26x2_2_4g_tirtos7.a : mac.o (.text.macSendReceiveCmdIeee)
                  00008b98    000001d0     libZStack_nwk_zed.a : aps_mede.o (.text.APSDE_DataReq)
                  00008d68    000001c8     bdb.o (.text.bdb_StartCommissioning)
                  00008f30    000001c4     af.o (.text.AF_DataRequest)
                  000090f4    000001c4     ota_client.o (.text.otaClient_event_loop)
                  000092b8    000001c0     maclib_nosecure_cc26x2_2_4g_tirtos7.a : mac_radio_tx.o (.text.macRadioCsmaTxCb)
                  00009478    000001b8     libZStack_nwk_zed.a : aps_mede.o (.text.APSME_FrameSecSetupCM)
                  00009630    000001b8                         : aps.o (.text.APS_Reflect)
                  000097e8    000001b6     libclang_rt.builtins.a : adddf3.S.obj (.text)
                  0000999e    00000002     ti_sysbios_config.o (.text.BIOS_nullFunc)
                  000099a0    000001b4     bme280i2c.o (.text.bme280_readHumidity)
                  00009b54    000001b0     zd_sec_mgr.o (.text.ZDSecMgrTransportKeyInd)
                  00009d04    000001b0     libZStack_nwk_zed.a : ssp_hash.o (.text.sspMMOHash)
                  00009eb4    000001ae     drivers_cc26x2.a : SPICC26X2DMA.c.obj (.text.SPICC26X2DMA_hwiFxn)
                  0000a062    00000002     ti_drivers_config.o (.text.Board_initHook)
                  0000a064    000001ac     maclib_nosecure_cc26x2_2_4g_tirtos7.a : mac_hl_patch.o (.text.macWrapperDeleteKeyAndAssociatedDevices)
                  0000a210    000001a4     zmac.o (.text.ZMacEventLoop)
                  0000a3b4    000001a0     drivers_cc26x2.a : AESECBCC26XX.c.obj (.text.AESECB_addDataInternal)
                  0000a554    000001a0     maclib_nosecure_cc26x2_2_4g_tirtos7.a : mac_tx.o (.text.macTxFrame)
                  0000a6f4    0000019c     zd_app.o (.text.ZDApp_ProcessNetworkJoin)
                  0000a890    00000198     binding_table.o (.text.bindAddEntry)
                  0000aa28    00000198     zcl.o (.text.zclProcessInDiscAttrs)
                  0000abc0    00000194     drivers_cc26x2.a : PowerCC26X2_calibrateRCOSC.c.obj (.text.PowerCC26X2_auxISR)
                  0000ad54    00000194     bdb_reporting.o (.text.bdb_RepReport)
                  0000aee8    00000190     drivers_cc26x2.a : SPICC26X2DMA.c.obj (.text.SPICC26X2DMA_open)
                  0000b078    0000018c     bdb_reporting.o (.text.bdb_RepConstructReportingData)
                  0000b204    00000188     drivers_cc26x2.a : AESCCMCC26XX.c.obj (.text.AESCCM_startOperation)
                  0000b38c    00000188     maclib_nosecure_cc26x2_2_4g_tirtos7.a : mac_hl_patch.o (.text.macRxBeaconCritical)
                  0000b514    0000017c                                           : mac_hl_patch.o (.text.MAC_McpsDataReq)
                  0000b690    0000017c     af.o (.text.afIncomingData)
                  0000b80c    0000017c     zcl.o (.text.zcl_SendCommandEx)
                  0000b988    00000178     bdb_reporting.o (.text.bdb_repAttrBuildClusterEndPointArrayBasedOnConfRecordsArray)
                  0000bb00    00000178     maclib_nosecure_cc26x2_2_4g_tirtos7.a : mac_rx.o (.text.rxPayloadIsr)
                  0000bc78    00000174     crc32.o (.text.CRC32_calc)
                  0000bdec    0000016c     drivers_cc26x2.a : SPICC26X2DMA.c.obj (.text.configNextTransfer)
                  0000bf58    0000015c                      : NVSSPI25X.c.obj (.text.NVSSPI25X_write)
                  0000c0b4    0000015c     bdb_reporting.o (.text.bdb_ProcessInReadReportCfgCmd)
                  0000c210    0000015c     libZStack_nwk_zed.a : nwk_util.o (.text.nwk_SetCurrentPollRateType)
                  0000c36c    00000158     drivers_cc26x2.a : PowerCC26X2.c.obj (.text.Power_sleep)
                  0000c4c4    00000158     maclib_nosecure_cc26x2_2_4g_tirtos7.a : mac_tx.o (.text.txCsmaDelay)
                  0000c61c    00000156     zcl.o (.text.zclProcessInWriteCmd)
                  0000c772    00000002     drivers_cc26x2.a : I2C.c.obj (.text.I2C_init)
                  0000c774    00000154     bme280i2c.o (.text.BME280Init)
                  0000c8c8    00000150     zd_sec_mgr.o (.text.APSME_TCLinkKeyLoad)
                  0000ca18    00000150     libZStack_nwk_zed.a : nwk_util.o (.text.NLDE_BuildMsg)
                  0000cb68    00000150     bme280i2c.o (.text.bme280_readTemperature)
                  0000ccb8    00000150     libZStack_nwk_zed.a : nwk.o (.text.nwk_beacon_notify_ind_processing)
                  0000ce08    0000014c     rf_multiMode_cc26x2.a : RFCC26X2_multiMode.c.cc26x2.ticlang.o (.text.RF_radioOpDoneCb)
                  0000cf54    00000144     libZStack_nwk_zed.a : aps.o (.text.APS_DataIndReflect)
                  0000d098    00000144                         : nl_mede.o (.text.NLME_ReJoinReq)
                  0000d1dc    0000013c                         : rtg.o (.text.RTG_AddRtgEntry)
                  0000d318    00000138     nvocmp.o (.text.NVOCMP_findItem)
                  0000d450    00000138     zd_object.o (.text.ZDO_ProcessBindUnbindReq)
                  0000d588    00000138     maclib_nosecure_cc26x2_2_4g_tirtos7.a : mac_hl_patch.o (.text.macWrapperDeleteAllDevices)
                  0000d6c0    00000136     libclang_rt.builtins.a : divdf3.S.obj (.text)
                  0000d7f6    00000002     libZStack_nwk_zed.a : nl_mede.o (.text.NLME_DeviceJoiningInit)
                  0000d7f8    00000134     rf_multiMode_cc26x2.a : RFCC26X2_multiMode.c.cc26x2.ticlang.o (.text.RF_ratSetupChannel)
                  0000d92c    00000130     driverlib.lib : aes.o (.text.NOROM_AESWriteToKeyStore)
                  0000da5c    0000012c     drivers_cc26x2.a : I2CCC26XX.c.obj (.text.I2C_open)
                  0000db88    0000012c     rf_multiMode_cc26x2.a : RFCC26X2_multiMode.c.cc26x2.ticlang.o (.text.RF_close)
                  0000dcb4    0000012c     libZStack_nwk_zed.a : ssp.o (.text.SSP_NwkSecurityProc)
                  0000dde0    0000012c     drivers_cc26x2.a : TRNGCC26XX.c.obj (.text.TRNGCC26XX_hwiFxn)
                  0000df0c    0000012c     maclib_nosecure_cc26x2_2_4g_tirtos7.a : mac_hl_patch.o (.text.macScanNextChan)
                  0000e038    00000128     libZStack_nwk_zed.a : rtg.o (.text.NLME_RouteDiscoveryRequest)
                  0000e160    00000128     zd_app.o (.text.ZDOInitDeviceEx)
                  0000e288    00000128     zcl.o (.text.zcl_SendReadReportCfgRspCmdEx)
                  0000e3b0    00000126     drivers_cc26x2.a : I2C.c.obj (.text.I2C_transferTimeout)
                  0000e4d6    00000002     rf_multiMode_cc26x2.a : rfc.c.cc26x2.ticlang.o (.text.NOROM_RFCCpePatchReset)
                  0000e4d8    00000124                           : RFCC26X2_multiMode.c.cc26x2.ticlang.o (.text.RF_abortCmd)
                  0000e5fc    00000124                           : RFCC26X2_multiMode.c.cc26x2.ticlang.o (.text.RF_fsmSetupState)
                  0000e720    00000124     mac_settings.o (.text.rfSetConfigIeee)
                  0000e844    00000120     zd_sec_mgr.o (.text.APSME_TCLinkKeySync)
                  0000e964    00000120     drivers_cc26x2.a : Button.c.obj (.text.Button_clockTimeoutHandler)
                  0000ea84    00000120     ti_sysbios_config.o (.text.ti_sysbios_family_arm_cc26xx_Timer_construct)
                  0000eba4    00000120     zcl.o (.text.zclParseInConfigReportCmd)
                  0000ecc4    0000011c     sysbios.a : Hwi_asm_gcc.s.obj (.text.ti_sysbios_family_arm_m3_Hwi_dispatch)
                  0000ede0    00000118     libZStack_nwk_zed.a : aps_mede.o (.text.APSDE_FrameAlloc)
                  0000eef8    00000118     drivers_cc26x2.a : PowerCC26X2.c.obj (.text.Power_init)
                  0000f010    00000118     rf_multiMode_cc26x2.a : RFCC26X2_multiMode.c.cc26x2.ticlang.o (.text.RF_decodeOverridePointers)
                  0000f128    00000114     libZStack_nwk_zed.a : aps_frag.o (.text.APSF_SendFragmented)
                  0000f23c    00000114     maclib_nosecure_cc26x2_2_4g_tirtos7.a : mac_radio.o (.text.macRadioInitIeee)
                  0000f350    00000114     zcl.o (.text.zclProcessInReadCmd)
                  0000f464    00000110     drivers_cc26x2.a : LED.c.obj (.text.LED_open)
                  0000f574    00000110     zd_sec_mgr.o (.text.ZDSecMgrEntryFree)
                  0000f684    00000110     libZStack_nwk_zed.a : nwk_bufs.o (.text.nwk_MacDataBuffersAdd)
                  0000f794    0000010c                         : nwk_util.o (.text.NLDE_DataReqSend)
                  0000f8a0    0000010c     drivers_cc26x2.a : NVSSPI25X.c.obj (.text.NVSSPI25X_open)
                  0000f9ac    0000010c                      : PowerCC26X2_calibrateRCOSC.c.obj (.text.PowerCC26X2_calibrate)
                  0000fab8    0000010c     utc_clock.o (.text.UTC_convertUTCTime)
                  0000fbc4    00000108     drivers_cc26x2.a : NVSCC26XX.c.obj (.text.NVSCC26XX_write)
                  0000fccc    00000108     rf_multiMode_cc26x2.a : RFCC26X2_multiMode.c.cc26x2.ticlang.o (.text.RF_fsmPowerUpState)
                  0000fdd4    00000108     libZStack_nwk_zed.a : nwk.o (.text.nwk_associate_cnf_processing)
                  0000fedc    00000104     drivers_cc26x2.a : GPIOCC26X2.c.obj (.text.GPIO_init)
                  0000ffe0    00000104     libZStack_nwk_zed.a : nl_mede_cb.o (.text.NLDE_DataCnf)
                  000100e4    00000104     zd_app.o (.text.ZDO_beaconNotifyIndCB)
                  000101e8    00000102     drivers_cc26x2.a : SPICC26X2DMA.c.obj (.text.csnCallback)
                  000102ea    00000002                      : NVSSPI25X.c.obj (.text.NVSSPI25X_deinitSpiCs)
                  000102ec    00000100     libZStack_nwk_zed.a : aps_mede.o (.text.APSDE_FrameHdrSet)
                  000103ec    000000fc     rf_multiMode_cc26x2.a : RFCC26X2_multiMode.c.cc26x2.ticlang.o (.text.RF_hwiCpe0Active)
                  000104e8    000000fc     zd_sec_mgr.o (.text.ZDSecMgrEntryInit)
                  000105e4    000000fc     maclib_nosecure_cc26x2_2_4g_tirtos7.a : mac.o (.text.macRxCb)
                  000106e0    000000fc     libclang_rt.builtins.a : muldf3.S.obj (.text)
                  000107dc    000000f8     drivers_cc26x2.a : ADCCC26XX.c.obj (.text.ADCCC26XX_convertChain)
                  000108d4    000000f8     libZStack_nwk_zed.a : nwk_util.o (.text.NLDE_ParseMsg)
                  000109cc    000000f8     drivers_cc26x2.a : TRNGCC26XX.c.obj (.text.TRNG_getRandom)
                  00010ac4    000000f8     zd_profile.o (.text.ZDP_MgmtLqiRsp)
                  00010bbc    000000f4     driverlib.lib : sys_ctrl.o (.text.NOROM_SysCtrlStandby)
                  00010cb0    000000f4     maclib_nosecure_cc26x2_2_4g_tirtos7.a : mac.o (.text.macSetupRATChanCompare)
                  00010da4    000000f0                                           : mac_hl_patch.o (.text.macBuildDataFrame)
                  00010e94    000000ec     libZStack_nwk_zed.a : addr_mgr.o (.text.AddrMgrEntryUpdate)
                  00010f80    000000ec     zd_sec_mgr.o (.text.ZDSecMgrNwkKeyInit)
                  0001106c    000000ec     zcl.o (.text.zcl_SendReadRsp)
                  00011158    000000e8     nwk_globals.o (.text.NIB_init)
                  00011240    000000e4     drivers_cc26x2.a : ADCCC26XX.c.obj (.text.ADCCC26XX_convert)
                  00011324    000000e4     libZStack_nwk_zed.a : aps_mede.o (.text.APSME_VerifyKeyReq)
                  00011408    000000e4     driverlib.lib : setup.o (.text.NOROM_SetupTrimDevice)
                  000114ec    000000e4     ti_sysbios_config.o (.text.ti_sysbios_knl_Semaphore_pend)
                  000115d0    000000e4     maclib_nosecure_cc26x2_2_4g_tirtos7.a : mac_tx.o (.text.txComplete)
                  000116b4    000000e2     drivers_cc26x2.a : I2CCC26XX.c.obj (.text.I2CCC26XX_hwiFxn)
                  00011796    00000002     rf_multiMode_cc26x2.a : RFCC26X2_multiMode.c.cc26x2.ticlang.o (.text.RF_defaultCallback)
                  00011798    000000e0     libZStack_nwk_zed.a : aps_mede.o (.text.APSME_AddTCLinkKey)
                  00011878    000000e0                         : nwk_util.o (.text.NLME_LeaveCmdProcess)
                  00011958    000000e0                         : nl_mede.o (.text.NLME_NetworkFormationRequest)
                  00011a38    000000e0     drivers_cc26x2.a : SPICC26X2DMA.c.obj (.text.SPICC26X2DMA_control)
                  00011b18    000000e0     maclib_nosecure_cc26x2_2_4g_tirtos7.a : mac_hl_patch.o (.text.macEdScanISR)
                  00011bf8    000000de     libZStack_nwk_zed.a : aps_util.o (.text.APSDE_ParseMsg)
                  00011cd6    00000002     zd_app.o (.text.ZDO_PollConfirmCB)
                  00011cd8    000000dc     drivers_cc26x2.a : Button.c.obj (.text.Button_open)
                  00011db4    000000dc     rf_multiMode_cc26x2.a : RFCC26X2_multiMode.c.cc26x2.ticlang.o (.text.RF_control)
                  00011e90    000000dc     bdb_finding_and_binding.o (.text.bdb_ProcessRespondentList)
                  00011f6c    000000dc     drivers_cc26x2.a : NVSSPI25X.c.obj (.text.doErase)
                  00012048    000000dc     zd_profile.o (.text.zdpProcessAddrReq)
                  00012124    000000d8     zd_app.o (.text.ZDApp_event_loop)
                  000121fc    000000d8     ti_sysbios_config.o (.text.ti_sysbios_family_arm_m3_Hwi_excFillContext)
                  000122d4    000000d8     maclib_nosecure_cc26x2_2_4g_tirtos7.a : mac_tx.o (.text.txCsmaPrep)
                  000123ac    000000d8     zcl.o (.text.zclSerializeData)
                  00012484    000000d6     utc_clock.o (.text.UTC_convertUTCSecs)
                  0001255a    00000002     zd_object.o (.text.ZDO_ProcessNodeDescRsp)
                  0001255c    000000d4     zd_object.o (.text.ZDO_StartDevice)
                  00012630    000000d4     ota_client.o (.text.otaClient_Init)
                  00012704    000000d0     zd_profile.o (.text.ZDP_MgmtBindRsp)
                  000127d4    000000d0     bdb.o (.text.bdb_filterNwkDisc)
                  000128a4    000000d0     drivers_cc26x2.a : PowerCC26X2.c.obj (.text.configureXOSCHF)
                  00012974    000000d0     maclib_nosecure_cc26x2_2_4g_tirtos7.a : mac_hl_patch.o (.text.macApiStartReq)
                  00012a44    000000d0                                           : mac_hl_patch.o (.text.macBuildHeaderIes)
                  00012b14    000000d0                                           : mac_symbol_timer.o (.text.macSymbolTimerUpdateWakeup)
                  00012be4    000000d0     libZStack_nwk_zed.a : nwk_util.o (.text.nwkNeighborFindRandom)
                  00012cb4    000000cc                         : aps_mede_cb.o (.text.APSME_ConfirmKeyInd)
                  00012d80    000000cc     zd_profile.o (.text.ZDP_SimpleDescMsg)
                  00012e4c    000000cc     ti_sysbios_config.o (.text.ti_sysbios_knl_Clock_workFuncDynamic)
                  00012f18    000000ca     rf_multiMode_cc26x2.a : RFCC26X2_multiMode.c.cc26x2.ticlang.o (.text.RF_updatePaConfiguration)
                  00012fe2    00000002     zd_object.o (.text.ZDO_ProcessSimpleDescRsp)
                  00012fe4    000000c8     osal_port_timers.o (.text.createTimerEntry)
                  000130ac    000000c8     maclib_nosecure_cc26x2_2_4g_tirtos7.a : mac_hl_patch.o (.text.macAutoPendMaintainSrcMatchTable)
                  00013174    000000c8                                           : mac_hl_patch.o (.text.macMgmtReset)
                  0001323c    000000c8     libZStack_nwk_zed.a : nwk.o (.text.nwk_data_cnf_processing)
                  00013304    000000c4                         : nl_mede.o (.text.NLME_JoinRequest)
                  000133c8    000000c4                         : nwk_util.o (.text.NLME_RestoreFromNV)
                  0001348c    000000c4     driverlib.lib : setup.o (.text.TrimAfterColdResetWakeupFromShutDown)
                  00013550    000000c4     libZStack_nwk_zed.a : ssp.o (.text.ccmStar)
                  00013614    000000c4     maclib_nosecure_cc26x2_2_4g_tirtos7.a : mac_duty_cycle.o (.text.macDutyCycleNotify)
                  000136d8    000000c4                                           : mac_timer.o (.text.macSymbolTimerTriggerCallback)
                  0001379c    000000c4     zcl.o (.text.zclProcessInDiscCmd)
                  00013860    000000c2     libZStack_nwk_zed.a : ssp.o (.text.SSP_Process)
                  00013922    000000c0     zcl_general.o (.text.zclGeneral_SendSceneViewRsp)
                  000139e2    000000be     zcl.o (.text.zcl_SendReportCmdEx)
                  00013aa0    000000bc     rf_multiMode_cc26x2.a : RFCC26X2_multiMode.c.cc26x2.ticlang.o (.text.RF_swiHw)
                  00013b5c    000000bc     libZStack_nwk_zed.a : rtg.o (.text.RTG_AddSrcRtgEntry_Guaranteed)
                  00013c18    000000bc     bdb_reporting.o (.text.bdb_RepAddAttrCfgRecordDefaultToList)
                  00013cd4    000000bc     bdb.o (.text.bdb_rejoinNwk)
                  00013d90    000000bc     maclib_nosecure_cc26x2_2_4g_tirtos7.a : mac_duty_cycle.o (.text.macDutyCycleInit)
                  00013e4c    000000bc     zstacktask.o (.text.sendNodeDescRspInd)
                  00013f08    000000b8     bdb_reporting.o (.text.bdb_RepProcessEvent)
                  00013fc0    000000b8     maclib_nosecure_cc26x2_2_4g_tirtos7.a : mac_hl_patch.o (.text.macDataTxComplete)
                  00014078    000000b8                                           : mac_tx.o (.text.macTxChannelBusyCallback)
                  00014130    000000b8     libZStack_nwk_zed.a : nwk_util.o (.text.nwk_SetConfigPollRate)
                  000141e8    000000b8     ti_sysbios_config.o (.text.ti_sysbios_knl_Task_Instance_finalize)
                  000142a0    000000b4     maclib_nosecure_cc26x2_2_4g_tirtos7.a : mac_hl_patch.o (.text.MAC_MlmeScanReq)
                  00014354    000000b4     libZStack_nwk_zed.a : nwk_util.o (.text.NLME_ProcessEndDevTimeoutRsp)
                  00014408    000000b4     driverlib.lib : osc.o (.text.NOROM_OSCHF_AttemptToSwitchToXosc)
                  000144bc    000000b4     ti_sysbios_config.o (.text.PowerCC26XX_standbyPolicy)
                  00014570    000000b4     drivers_cc26x2.a : PowerCC26X2.c.obj (.text.Power_releaseDependency)
                  00014624    000000b4     zd_app.o (.text.ZDApp_RestoreNwkSecMaterial)
                  000146d8    000000b4     maclib_nosecure_cc26x2_2_4g_tirtos7.a : mac_hl_patch.o (.text.macAutoPendAddSrcMatchTableEntry)
                  0001478c    000000b4                                           : mac_hl_patch.o (.text.macBeaconCheckTxTime)
                  00014840    000000b4     ti_sysbios_config.o (.text.ti_sysbios_knl_Task_setPri)
                  000148f4    000000b2     zcl.o (.text.zclParseInReadRspCmd)
                  000149a6    00000002     zdiags.o (.text.ZDiagsUpdateStats)
                  000149a8    000000b0     libZStack_nwk_zed.a : aps_mede_cb.o (.text.APSDE_DataIndication)
                  00014a58    000000b0     zd_sec_mgr.o (.text.APSME_TCLinkKeyInit)
                  00014b08    000000b0     drivers_cc26x2.a : PowerCC26X2.c.obj (.text.Power_setDependency)
                  00014bb8    000000b0     libZStack_nwk_zed.a : nwk_util.o (.text.RTG_UpdateNeighborEntry)
                  00014c68    000000b0     zd_profile.o (.text.ZDP_EndDeviceBindReq)
                  00014d18    000000b0     zd_profile.o (.text.ZDP_MatchDescReq)
                  00014dc8    000000b0     maclib_nosecure_cc26x2_2_4g_tirtos7.a : mac_hl_patch.o (.text.macApiBeaconStartReq)
                  00014e78    000000b0     libclang_rt.builtins.a : udivmoddi4.S.obj (.text)
                  00014f28    000000ae     zcl_port.o (.text.zcl_AF_DataRequest)
                  00014fd6    00000002     libclang_rt.builtins.a : aeabi_div0.c.obj (.text.__aeabi_ldiv0)
                  00014fd8    000000ac     libZStack_nwk_zed.a : aps.o (.text.APS_GetBind)
                  00015084    000000ac     rf_multiMode_cc26x2.a : RFCC26X2_multiMode.c.cc26x2.ticlang.o (.text.RF_pendCmd)
                  00015130    000000ac     bdb_reporting.o (.text.bdb_repAttrCfgRecordsArrayAdd)
                  000151dc    00000004     ti_sysbios_config.o (.text.ClockP_destruct)
                  000151e0    000000ac     bh1750.o (.text.bh1750_Read)
                  0001528c    000000ac     maclib_nosecure_cc26x2_2_4g_tirtos7.a : mac.o (.text.macGetRFCmdDuration)
                  00015338    000000ac                                           : mac_symbol_timer.o (.text.macSymbolTimerInit)
                  000153e4    000000a8     zd_object.o (.text.ZDO_ProcessMgmtBindReq)
                  0001548c    000000a4     osal_port.o (.text.OsalPort_heapMalloc)
                  00015530    000000a4     rf_multiMode_cc26x2.a : RFCC26X2_multiMode.c.cc26x2.ticlang.o (.text.RF_initRadioSetup)
                  000155d4    000000a4     zd_app.o (.text.ZDApp_ProcessOSALMsg)
                  00015678    000000a4     maclib_nosecure_cc26x2_2_4g_tirtos7.a : mac_hl_patch.o (.text.macTrackTimeoutCallback)
                  0001571c    000000a4                                           : mac_radio.o (.text.scheduleNopWakeupCmd)
                  000157c0    000000a4     ti_sysbios_config.o (.text.ti_sysbios_knl_Task_Instance_init)
                  00015864    000000a0     drivers_cc26x2.a : I2CCC26XX.c.obj (.text.I2CCC26XX_swiFxn)
                  00015904    000000a0     nvocmp.o (.text.NVOCMP_readContItemApi)
                  000159a4    000000a0     rf_multiMode_cc26x2.a : RFCC26X2_multiMode.c.cc26x2.ticlang.o (.text.RF_calculateDispatchTime)
                  00015a44    000000a0                           : RFCC26X2_multiMode.c.cc26x2.ticlang.o (.text.RF_requestAccess)
                  00015ae4    000000a0     libZStack_nwk_zed.a : ssp.o (.text.SSP_SwitchNwkKey)
                  00015b84    000000a0     zd_sec_mgr.o (.text.ZDSecMgrDeviceRemove)
                  00015c24    000000a0     zmac.o (.text.ZMacAssociateReq)
                  00015cc4    0000009e     zstackapi.o (.text.Zstackapi_freeIndMsg)
                  00015d62    0000009e     drivers_cc26x2.a : SPICC26X2DMA.c.obj (.text.finishTransfer)
                  00015e00    0000009c     bdb_reporting.o (.text.bdb_RepFindAttrEntry)
                  00015e9c    0000009a     libZStack_nwk_zed.a : aps.o (.text.APS_DataConfirmReflect)
                  00015f36    0000009a     zcl.o (.text.zclParseInReportCmd)
                  00015fd0    0000009a     zcl.o (.text.zclParseInWriteCmd)
                  0001606a    00000002     libc.a : _lock.c.obj (.text._nop)
                  0001606c    00000098     libZStack_nwk_zed.a : aps_frag.o (.text.APSF_ProcessAck)
                  00016104    00000098                         : aps_mede.o (.text.APSME_RemoveDeviceReq)
                  0001619c    00000098     nvocmp.o (.text.NVOCMP_erase)
                  00016234    00000098     rf_multiMode_cc26x2.a : RFCC26X2_multiMode.c.cc26x2.ticlang.o (.text.RF_defaultSubmitPolicy)
                  000162cc    00000098     libZStack_nwk_zed.a : rtg.o (.text.RTG_UpdateRtDiscEntry)
                  00016364    00000096     rf_multiMode_cc26x2.a : RFCC26X2_multiMode.c.cc26x2.ticlang.o (.text.RF_verifyGap)
                  000163fa    00000096     zcl.o (.text.zclFindNextCmdRec)
                  00016490    00000094     maclib_nosecure_cc26x2_2_4g_tirtos7.a : mac_autopend.o (.text.MAC_SrcMatchAddEntry)
                  00016524    00000094     rf_multiMode_cc26x2.a : RFCC26X2_multiMode.c.cc26x2.ticlang.o (.text.RF_ratRestartChannels)
                  000165b8    00000094     zd_app.o (.text.ZDO_JoinConfirmCB)
                  0001664c    00000094     zd_object.o (.text.ZDO_ProcessMgmtLeaveReq)
                  000166e0    00000094     bdb_finding_and_binding.o (.text.bdb_ProcessIEEEAddrRsp)
                  00016774    00000094     maclib_nosecure_cc26x2_2_4g_tirtos7.a : mac_hl_patch.o (.text.macCcmDecrypt)
                  00016808    00000094                                           : mac_radio.o (.text.macRadioUpdateChannel)
                  0001689c    00000094                                           : mac_rx.o (.text.macRxInit)
                  00016930    00000094                                           : mac_timer.o (.text.macTimerUpdateSymbolTimer)
                  000169c4    00000094     main.o (.text.main)
                  00016a58    00000094     zstacktask.o (.text.sendSimpleDescRspInd)
                  00016aec    00000094     ti_sysbios_config.o (.text.ti_sysbios_knl_Clock_startI)
                  00016b80    00000094     ti_sysbios_config.o (.text.ti_sysbios_knl_Task_sleep)
                  00016c14    00000092     drivers_cc26x2.a : SPICC26X2DMA.c.obj (.text.SPICC26X2DMA_transferCancel)
                  00016ca6    00000002                      : PowerCC26X2.c.obj (.text.emptyClockFunc)
                  00016ca8    00000090     libZStack_nwk_zed.a : aps.o (.text.APS_EndDeviceBroadcastCheck)
                  00016d38    00000090     drivers_cc26x2.a : GPIOCC26XX.c.obj (.text.GPIO_setConfigAndMux)
                  00016dc8    00000090     maclib_nosecure_cc26x2_2_4g_tirtos7.a : mac_hl_patch.o (.text.macCcmEncrypt)
                  00016e58    00000090                                           : mac_radio.o (.text.macRadioUpdateChannelRx)
                  00016ee8    00000090                                           : mac_hl_patch.o (.text.macScanRxCoordRealign)
                  00016f78    00000090                                           : mac_sleep.o (.text.macSleep)
                  00017008    00000090                                           : mac_autopend.o (.text.macSrcMatchCheckSrcAddr)
                  00017098    00000090     zcl_port.o (.text.zclGeneral_AddScene)
                  00017128    00000090     zcl_port.o (.text.zcl_HandleExternal)
                  000171b8    0000008c     libZStack_nwk_zed.a : nwk_util.o (.text.NLDE_ParseMsg2)
                  00017244    0000008c                         : nwk_util.o (.text.NLME_LeaveCmdSend)
                  000172d0    0000008c                         : nwk_util.o (.text.NLME_SendNetworkReport)
                  0001735c    0000008c     nvocmp.o (.text.NVOCMP_updateItemApi)
                  000173e8    0000008c     drivers_cc26x2.a : TRNGCC26XX.c.obj (.text.TRNG_construct)
                  00017474    0000008c     zstacktask.o (.text.ZStackTaskInit)
                  00017500    0000008c     maclib_nosecure_cc26x2_2_4g_tirtos7.a : mac_tx.o (.text.macTxStartQueuedFrame)
                  0001758c    0000008c     ti_sysbios_config.o (.text.ti_sysbios_knl_Clock_init)
                  00017618    0000008c     zcl_general.o (.text.zclGeneral_SendGroupGetMembershipRequest)
                  000176a4    0000008a     zcl.o (.text.zcl_SendConfigReportRspCmdEx)
                  0001772e    00000002     drivers_cc26x2.a : CryptoResourceCC26XX.c.obj (.text.errorSpin)
                  00017730    00000088     libZStack_nwk_zed.a : addr_mgr.o (.text.AddrMgrEntryLookupNwk)
                  000177b8    00000088                         : nwk_util.o (.text.NLME_CheckNewAddrSet)
                  00017840    00000088     nvocmp.o (.text.NVOCMP_deleteItemApi)
                  000178c8    00000088     rf_multiMode_cc26x2.a : RFCC26X2_multiMode.c.cc26x2.ticlang.o (.text.RF_cmdDispatchTime)
                  00017950    00000088                           : RFCC26X2_multiMode.c.cc26x2.ticlang.o (.text.RF_discardPendCmd)
                  000179d8    00000088     zd_app.o (.text.ZDApp_SaveNwkKey)
                  00017a60    00000088     zmac.o (.text.ZMacDataReqSec)
                  00017ae8    00000088     bdb_reporting.o (.text.bdb_RepUpdateMarkBindings)
                  00017b70    00000088     maclib_nosecure_cc26x2_2_4g_tirtos7.a : mac_pwr.o (.text.macPwrVote)
                  00017bf8    00000088     zcl_port.o (.text.zclport_registerEndpoint)
                  00017c80    00000084     libZStack_nwk_zed.a : aps_mede.o (.text.APSME_SearchTCLinkKeyEntry)
                  00017d04    00000084     nvocmp.o (.text.NVOCMP_createItemApi)
                  00017d88    00000084     nvocmp.o (.text.NVOCMP_readHeader)
                  00017e0c    00000084     rf_multiMode_cc26x2.a : RFCC26X2_multiMode.c.cc26x2.ticlang.o (.text.RF_getInfo)
                  00017e90    00000084                           : RFCC26X2_multiMode.c.cc26x2.ticlang.o (.text.RF_yield)
                  00017f14    00000084     zd_sec_mgr.o (.text.ZDSecMgrReadKeyFromNv)
                  00017f98    00000084     maclib_nosecure_cc26x2_2_4g_tirtos7.a : mac_mcu.o (.text.macMcuOverflowSetPeriod)
                  0001801c    00000084     libZStack_nwk_zed.a : nwk_util.o (.text.nwkChangePanID)
                  000180a0    00000084                         : nwk.o (.text.nwk_data_req_send)
                  00018124    00000084     zcl.o (.text.zcl_SendWriteRsp)
                  000181a8    00000082     zcl_general.o (.text.zclGeneral_SendSceneGetMembershipResponse)
                  0001822a    00000082     zcl.o (.text.zcl_SendDiscoverAttrsRspCmd)
                  000182ac    00000080     zd_sec_mgr.o (.text.APSME_LinkKeySet)
                  0001832c    00000080     libZStack_nwk_zed.a : nwk_util.o (.text.NLDE_SendMsg)
                  000183ac    00000080                         : nl_mede.o (.text.NLME_GetRequest)
                  0001842c    00000080     driverlib.lib : sys_ctrl.o (.text.NOROM_SysCtrlSetRechargeBeforePowerDown)
                  000184ac    00000080     drivers_cc26x2.a : NVSSPI25X.c.obj (.text.NVSSPI25X_close)
                  0001852c    00000080     osal_port.o (.text.OsalPort_setTimer)
                  000185ac    00000080     libZStack_nwk_zed.a : rtg.o (.text.RTG_GetRtgEntry)
                  0001862c    00000080     zd_app.o (.text.ZDO_LeaveInd)
                  000186ac    00000080     zd_profile.o (.text.ZDP_IncomingData)
                  0001872c    00000080     zd_sec_mgr.o (.text.ZDSecMgrSetDefaultNV)
                  000187ac    00000080     drivers_cc26x2.a : NVSCC26XX.c.obj (.text.doErase)
                  0001882c    00000080     maclib_nosecure_cc26x2_2_4g_tirtos7.a : mac_tx.o (.text.macTxDoneCallback)
                  000188ac    00000080     libZStack_nwk_zed.a : nwk_bufs.o (.text.nwk_MacDataBuffersDealloc)
                  0001892c    00000080     ti_sysbios_config.o (.text.ti_sysbios_family_arm_m3_Hwi_initNVIC)
                  000189ac    00000080     ti_sysbios_config.o (.text.ti_sysbios_gates_GateMutexPri_enter)
                  00018a2c    00000080     zcl_ota.o (.text.zclOTA_SendImageBlockReq)
                  00018aac    00000080     zcl.o (.text.zcl_SendDiscoverAttrsExtRsp)
                  00018b2c    00000080     zcl.o (.text.zcl_SendDiscoverCmdsRspCmd)
                  00018bac    0000007e     libZStack_nwk_zed.a : nwk_util.o (.text.NLME_CmdCnf)
                  00018c2a    0000007e     driverlib.lib : chipinfo.o (.text.NOROM_ChipInfo_GetChipType)
                  00018ca8    0000007c     maclib_nosecure_cc26x2_2_4g_tirtos7.a : mac_hl_patch.o (.text.MAC_ResumeReq)
                  00018d24    0000007c     libZStack_nwk_zed.a : nwk_util.o (.text.NLME_RejoinRspCmdProcess)
                  00018da0    0000007c     rf_multiMode_cc26x2.a : RFCC26X2_multiMode.c.cc26x2.ticlang.o (.text.RF_ratDisableChannel)
                  00018e1c    0000007c     utc_clock.o (.text.UTC_timeUpdateHandler)
                  00018e98    0000007c     binding_table.o (.text.bindFindExisting)
                  00018f14    0000007c     drivers_cc26x2.a : NVSSPI25X.c.obj (.text.doRead)
                  00018f90    0000007c     maclib_nosecure_cc26x2_2_4g_tirtos7.a : mac_mcu.o (.text.macMcuOverflowSetCompare)
                  0001900c    0000007c                                           : mac_radio.o (.text.macRadioStartScan)
                  00019088    0000007c     ti_sysbios_config.o (.text.ti_sysbios_family_arm_m3_Hwi_postInit)
                  00019104    0000007c     zcl_port.o (.text.zclGeneral_FindScene)
                  00019180    0000007c     zcl_port.o (.text.zclGeneral_RemoveScene)
                  000191fc    0000007c     zcl_general.o (.text.zclGeneral_SendGroupViewResponse)
                  00019278    0000007a     zd_object.o (.text.ZDO_ParseNodeDescRsp)
                  000192f2    00000002     maclib_nosecure_cc26x2_2_4g_tirtos7.a : mac_pwr.o (.text.macApiPwrOnReq)
                  000192f4    00000078     libZStack_nwk_zed.a : aps_mede.o (.text.APSME_CmdPkt)
                  0001936c    00000078                         : aps_mede.o (.text.APSME_LookupExtAddr)
                  000193e4    00000078                         : addr_mgr.o (.text.AddrMgrEntryAdd)
                  0001945c    00000078                         : assoc_list.o (.text.AssocGetWithAddress)
                  000194d4    00000078     driverlib.lib : osc.o (.text.NOROM_OSCHF_SwitchToRcOscTurnOffXosc)
                  0001954c    00000078                   : osc.o (.text.NOROM_OSC_CapArrayAdjustWorkaround_Boot)
                  000195c4    00000078     nvocmp.o (.text.NVOCMP_loadApiPtrs)
                  0001963c    00000078     drivers_cc26x2.a : NVSCC26XX.c.obj (.text.NVSCC26XX_open)
                  000196b4    00000078     osal_port.o (.text.OsalPort_heapInit)
                  0001972c    00000078     rf_multiMode_cc26x2.a : RFCC26X2_multiMode.c.cc26x2.ticlang.o (.text.RF_ratFreeChannel)
                  000197a4    00000078     drivers_cc26x2.a : SPICC26X2DMA.c.obj (.text.SPICC26X2DMA_close)
                  0001981c    00000078     zd_app.o (.text.ZDApp_StoreNwkSecMaterial)
                  00019894    00000078     maclib_nosecure_cc26x2_2_4g_tirtos7.a : mac.o (.text.macRequestBackoff)
                  0001990c    00000078                                           : mac_timer.o (.text.macTimerRealign)
                  00019984    00000078                                           : mac_hl_patch.o (.text.macTrackStartCallback)
                  000199fc    00000078     ti_sysbios_config.o (.text.ti_sysbios_knl_Task_postInit)
                  00019a74    00000076     libZStack_nwk_zed.a : aps_util.o (.text.apsGenerateAck)
                  00019aea    00000076     zcl_general.o (.text.zclGeneral_SendAddGroupRequestEx)
                  00019b60    00000076     zcl.o (.text.zcl_SendRead)
                  00019bd6    00000074     libZStack_nwk_zed.a : aps_mede.o (.text.APSME_RequestKeyReq)
                  00019c4a    00000002     maclib_nosecure_cc26x2_2_4g_tirtos7.a : mac_radio.o (.text.macRadioSetRE)
                  00019c4c    00000074     libZStack_nwk_zed.a : addr_mgr.o (.text.AddrMgrEntryLookupExt)
                  00019cc0    00000074     drivers_cc26x2.a : I2CCC26XX.c.obj (.text.I2C_close)
                  00019d34    00000074     nvocmp.o (.text.NVOCMP_readItemApi)
                  00019da8    00000074     drivers_cc26x2.a : PowerCC26X2_calibrateRCOSC_helpers.c.obj (.text.PowerCC26X2_updateSubSecInc)
                  00019e1c    00000074     rf_multiMode_cc26x2.a : RFCC26X2_multiMode.c.cc26x2.ticlang.o (.text.RF_hwiHw)
                  00019e90    00000074     libZStack_nwk_zed.a : rtg.o (.text.RTG_CheckRtStatus)
                  00019f04    00000074     zd_sec_mgr.o (.text.ZDSecMgrClearNVKeyValues)
                  00019f78    00000074     bdb.o (.text.bdb_parentLost)
                  00019fec    00000074     bdb_finding_and_binding.o (.text.bdb_zclFindingBindingEpType)
                  0001a060    00000074     maclib_nosecure_cc26x2_2_4g_tirtos7.a : mac_timer.o (.text.macTimerSetRollover)
                  0001a0d4    00000074     libZStack_nwk_zed.a : nwk.o (.text.nwkPollConfirmProcessing)
                  0001a148    00000074                         : nwk_util.o (.text.nwkProcessPanIdScan)
                  0001a1bc    00000074     ti_sysbios_config.o (.text.ti_sysbios_knl_Swi_restoreHwi)
                  0001a230    00000074     zglobals.o (.text.zgInit)
                  0001a2a4    00000072     libZStack_nwk_zed.a : nwk_util.o (.text.NLME_SendNetworkStatus)
                  0001a316    00000002     maclib_nosecure_cc26x2_2_4g_tirtos7.a : mac_radio_tx.o (.text.macRadioTxCancelTxAck)
                  0001a318    00000070     drivers_cc26x2.a : AESCCMCC26XX.c.obj (.text.AESCCM_cleanup)
                  0001a388    00000070                      : AESECBCC26XX.c.obj (.text.AESECB_construct)
                  0001a3f8    00000070     libZStack_nwk_zed.a : aps_mede.o (.text.APSME_CmdTransportKey)
                  0001a468    00000070     osal_port.o (.text.OsalPort_pwrmgrTaskState)
                  0001a4d8    00000070     zd_profile.o (.text.ZDO_SendMsgCBs)
                  0001a548    00000070     zd_profile.o (.text.ZDP_BindUnbindReq)
                  0001a5b8    00000070     zd_sec_mgr.o (.text.ZDSecMgrSaveApsLinkKey)
                  0001a628    00000070     bdb_finding_and_binding.o (.text.bdb_ProcessSimpleDesc)
                  0001a698    00000070     maclib_nosecure_cc26x2_2_4g_tirtos7.a : mac_hl_patch.o (.text.macAutoPoll)
                  0001a708    00000070                                           : mac_duty_cycle.o (.text.macDutyCycleTimerCB)
                  0001a778    00000070                                           : mac_rx.o (.text.macRxHaltCleanup)
                  0001a7e8    00000070                                           : mac_symbol_timer.o (.text.macSymbolTimerPeriodIsr)
                  0001a858    00000070     libZStack_nwk_zed.a : nwk_bufs.o (.text.nwkDB_Add)
                  0001a8c8    00000070     ota_client.o (.text.otaClient_sendImageBlockReq)
                  0001a938    00000070     zstackstartup.o (.text.stackTask_init)
                  0001a9a8    00000070     ti_sysbios_config.o (.text.ti_sysbios_family_arm_m3_Hwi_Instance_init)
                  0001aa18    00000070     ti_sysbios_config.o (.text.ti_sysbios_knl_Task_startup)
                  0001aa88    00000070     ti_sysbios_config.o (.text.ti_sysbios_runtime_System_formatNum)
                  0001aaf8    0000006e     drivers_cc26x2.a : LED.c.obj (.text.LED_startBlinking)
                  0001ab66    0000006e     zd_object.o (.text.ZDO_ParseSimpleDescBuf)
                  0001abd4    0000006e     libclang_rt.builtins.a : comparedf2.c.obj (.text.__gedf2)
                  0001ac42    00000002     maclib_nosecure_cc26x2_2_4g_tirtos7.a : mac_rx.o (.text.macRxRadioPowerUpInit)
                  0001ac44    0000006e     libclang_rt.builtins.a : comparedf2.c.obj (.text.__ledf2)
                  0001acb2    0000006e     zstacktask.o (.text.sendBeaconNotifyInd)
                  0001ad20    0000006e     libclang_rt.builtins.a : truncdfsf2.S.obj (.text)
                  0001ad8e    00000002     maclib_nosecure_cc26x2_2_4g_tirtos7.a : mac_hl_patch.o (.text.macSetDefaultsByPatch)
                  0001ad90    0000006c     drivers_cc26x2.a : AESECBCC26XX.c.obj (.text.AESECB_hwiFxn)
                  0001adfc    0000006c     nvocmp.o (.text.NVOCMP_eraseNvApi)
                  0001ae68    0000006c     nvocmp.o (.text.NVOCMP_writeItemApi)
                  0001aed4    0000006c     osal_port.o (.text.OsalPort_msgFindDequeue)
                  0001af40    0000006c     rf_multiMode_cc26x2.a : RFCC26X2_multiMode.c.cc26x2.ticlang.o (.text.RF_getTxPower)
                  0001afac    0000006c                           : RFCC26X2_multiMode.c.cc26x2.ticlang.o (.text.RF_issueRadioFreeCb)
                  0001b018    0000006c     drivers_cc26x2.a : Random.c.obj (.text.Random_seedAutomatic)
                  0001b084    0000006c     zd_sec_mgr.o (.text.ZDSecMgrWriteNV)
                  0001b0f0    0000006c     maclib_nosecure_cc26x2_2_4g_tirtos7.a : mac_low_level.o (.text.macLowLevelInit)
                  0001b15c    0000006c     drivers_cc26x2.a : PowerCC26X2.c.obj (.text.oscillatorISR)
                  0001b1c8    0000006c     zstackapi.o (.text.sendReqRsp)
                  0001b234    0000006c     ti_sysbios_config.o (.text.ti_sysbios_family_arm_m3_Hwi_dispatchC)
                  0001b2a0    0000006a     drivers_cc26x2.a : I2CCC26XX.c.obj (.text.I2CSupport_primeTransfer)
                  0001b30a    0000006a     nvocmp.o (.text.NVOCMP_verifyCRC)
                  0001b374    0000006a     libc.a : copy_decompress_lzss.c.obj (.text:decompress:lzss)
                  0001b3de    00000068     rf_multiMode_cc26x2.a : RFCC26X2_multiMode.c.cc26x2.ticlang.o (.text.RF_detachOverrides)
                  0001b446    00000002     nwk_globals.o (.text.nwk_Status)
                  0001b448    00000068     libZStack_nwk_zed.a : rtg.o (.text.RTG_GetRtgSrcIndex)
                  0001b4b0    00000068     zd_app.o (.text.ZDApp_LeaveReset)
                  0001b518    00000068     zd_app.o (.text.ZDApp_RestoreNetworkState)
                  0001b580    00000068     zd_sec_mgr.o (.text.ZDSecMgrSaveTCLinkKey)
                  0001b5e8    00000068     maclib_nosecure_cc26x2_2_4g_tirtos7.a : mac_rx_onoff.o (.text.macRxOn)
                  0001b650    00000068                                           : mac.o (.text.macSetTxPowerVal)
                  0001b6b8    00000068                                           : mac_timer.o (.text.macTimerGetNextTimer)
                  0001b720    00000068     zstackapi.o (.text.sendReqDefaultRsp)
                  0001b788    00000068     ti_sysbios_config.o (.text.ti_sysbios_knl_Swi_run)
                  0001b7f0    00000068     zcl_port.o (.text.zclGeneral_RemoveAllScenes)
                  0001b858    00000066     libZStack_nwk_zed.a : nwk_util.o (.text.NLDE_DataIndSend)
                  0001b8be    00000002     ti_sysbios_config.o (.text.ti_sysbios_runtime_System_exitSpin)
                  0001b8c0    00000064     drivers_cc26x2.a : AESCCMCC26XX.c.obj (.text.AESCCM_hwiFxn)
                  0001b924    00000064     libZStack_nwk_zed.a : aps_mede.o (.text.APSME_LinkKeySync)
                  0001b988    00000064     binding_table.o (.text.InitBindingTable)
                  0001b9ec    00000064     osal_port.o (.text.OsalPort_clearEvent)
                  0001ba50    00000064     drivers_cc26x2.a : PowerCC26X2_calibrateRCOSC.c.obj (.text.PowerCC26X2_initiateCalibration)
                  0001bab4    00000064     rf_multiMode_cc26x2.a : RFCC26X2_multiMode.c.cc26x2.ticlang.o (.text.RF_attachOverrides)
                  0001bb18    00000064                           : RFCC26X2_multiMode.c.cc26x2.ticlang.o (.text.RF_dispatchNextEvent)
                  0001bb7c    00000064                           : RFCC26X2_multiMode.c.cc26x2.ticlang.o (.text.RF_hwiCpe0PowerFsm)
                  0001bbe0    00000064     drivers_cc26x2.a : UDMACC26XX.c.obj (.text.UDMACC26XX_open)
                  0001bc44    00000064     zd_profile.o (.text.ZDP_NodeDescMsg)
                  0001bca8    00000064     zd_sec_mgr.o (.text.ZDSecMgrGenerateKeyFromSeed)
                  0001bd0c    00000064     libZStack_nwk_zed.a : aps_groups.o (.text.aps_AddGroup)
                  0001bd70    00000064     maclib_nosecure_cc26x2_2_4g_tirtos7.a : mac_timer.o (.text.macTimerAddTimer)
                  0001bdd4    00000064                                           : mac_hl_patch.o (.text.macTrackPeriodCallback)
                  0001be38    00000064     libZStack_nwk_zed.a : nwk_util.o (.text.nwk_GetConfigPollRate)
                  0001be9c    00000064     ti_sysbios_config.o (.text.ti_sysbios_gates_GateMutexPri_leave)
                  0001bf00    00000064     ti_sysbios_config.o (.text.ti_sysbios_knl_Idle_init)
                  0001bf64    00000064     ti_sysbios_config.o (.text.ti_sysbios_knl_TaskSupport_buildTaskStack)
                  0001bfc8    00000064     zcl.o (.text.zclParseHdr)
                  0001c02c    00000062     rf_multiMode_cc26x2.a : RFCC26X2_multiMode.c.cc26x2.ticlang.o (.text.RF_syncCb)
                  0001c08e    00000002     --HOLE-- [fill = 0]
                  0001c090    00000062     libclang_rt.builtins.a : aeabi_dcmp.S.obj (.text)
                  0001c0f2    00000002     --HOLE-- [fill = 0]
                  0001c0f4    00000060     drivers_cc26x2.a : CryptoResourceCC26XX.c.obj (.text.CryptoResourceCC26XX_constructRTOSObjects)
                  0001c154    00000060     libZStack_nwk_zed.a : nwk_util.o (.text.NLME_NetworkReportCB)
                  0001c1b4    00000060     nvocmp.o (.text.NVOCMP_checkItem)
                  0001c214    00000060     osal_port.o (.text.OsalPort_setEvent)
                  0001c274    00000060     zd_app.o (.text.ZDAppDetermineDeviceType)
                  0001c2d4    00000060     zd_object.o (.text.ZDO_ParseAddrRsp)
                  0001c334    00000060     zd_object.o (.text.ZDO_ProcessSimpleDescReq)
                  0001c394    00000060     zd_profile.o (.text.ZDP_NwkAddrReq)
                  0001c3f4    00000060     binding_table.o (.text.bindAddrMgrLocalLoad)
                  0001c454    00000060     maclib_nosecure_cc26x2_2_4g_tirtos7.a : mac_radio.o (.text.macRadioWakeupCb)
                  0001c4b4    00000060                                           : mac_timer.o (.text.macSymbolTimerRolloverCallback)
                  0001c514    00000060                                           : mac_timer.o (.text.macTimerCancel)
                  0001c574    00000060     libZStack_nwk_zed.a : nwk.o (.text.nwk_scan_cnf_processing)
                  0001c5d4    00000060     ota_client.o (.text.otaClient_loadExtImage)
                  0001c634    00000060     ota_client.o (.text.otaClient_setAttributes)
                  0001c694    00000060     zstacktask.o (.text.sendIeeeAddrRspInd)
                  0001c6f4    00000060     zstacktask.o (.text.sendNwkAddrRspInd)
                  0001c754    00000060     ti_sysbios_config.o (.text.ti_sysbios_knl_Clock_walkQueueDynamic)
                  0001c7b4    00000060     ti_sysbios_config.o (.text.ti_sysbios_knl_Semaphore_post)
                  0001c814    00000060     ti_sysbios_config.o (.text.ti_sysbios_knl_Swi_schedule)
                  0001c874    00000060     osal_port_timers.o (.text.timerCb)
                  0001c8d4    00000060     zcl.o (.text.zclFindNextAttrRec)
                  0001c934    00000060     zcl.o (.text.zclParseInWriteRspCmd)
                  0001c994    0000005e     libZStack_nwk_zed.a : aps_mede.o (.text.APSME_FrameSecApplyCM)
                  0001c9f2    0000005e                         : aps.o (.text.APS_ReflectMonitor)
                  0001ca50    0000005e     rf_multiMode_cc26x2.a : rfc.c.cc26x2.ticlang.o (.text.NOROM_RFCAnaDivTxOverride)
                  0001caae    00000002     --HOLE-- [fill = 0]
                  0001cab0    0000005c     drivers_cc26x2.a : ADCCC26XX.c.obj (.text.ADCCC26XX_open)
                  0001cb0c    0000005c     libZStack_nwk_zed.a : nl_mede.o (.text.NLDE_DataReq)
                  0001cb68    0000005c     drivers_cc26x2.a : NVSSPI25X.c.obj (.text.NVSSPI25X_control)
                  0001cbc4    0000005c     osal_port_timers.o (.text.OsalPortTimers_stopTimer)
                  0001cc20    0000005c     osal_port.o (.text.OsalPort_msgReceive)
                  0001cc7c    0000005c     libZStack_nwk_zed.a : rtg.o (.text.RTG_SendRErr)
                  0001ccd8    0000005c                         : ssp.o (.text.SSP_ParseAuxHdr)
                  0001cd34    0000005c     drivers_cc26x2.a : TRNGCC26XX.c.obj (.text.TRNGCC26XX_startTrng)
                  0001cd90    0000005c     zd_app.o (.text.ZDApp_AnnounceNewAddress)
                  0001cdec    0000005c     zmac.o (.text.ZMacScanReq)
                  0001ce48    0000005c     zmac.o (.text.ZMacSetZigbeeMACParams)
                  0001cea4    0000005c     bdb.o (.text.bdb_nwkJoiningFormation)
                  0001cf00    0000005c     bh1750.o (.text.bh1750_WaitUs)
                  0001cf5c    0000005c     bh1750.o (.text.bh1750_Write)
                  0001cfb8    0000005c     binding_table.o (.text.bindRemoveDev)
                  0001d014    0000005c     bme280i2c.o (.text.bme_HW_WaitUs)
                  0001d070    0000005c     drivers_cc26x2.a : NVSSPI25X.c.obj (.text.extFlashWaitReady)
                  0001d0cc    0000005c     maclib_nosecure_cc26x2_2_4g_tirtos7.a : mac_sleep.o (.text.macCanSleep)
                  0001d128    0000005c                                           : mac_radio.o (.text.macRadioSetChannel)
                  0001d184    0000005c                                           : mac_symbol_timer.o (.text.macSymbolTimerEventHandler)
                  0001d1e0    0000005c     libZStack_nwk_zed.a : nwk_util.o (.text.nlmeAddConflictedAddrTable)
                  0001d23c    0000005c                         : nwk_util.o (.text.nwkNeighborRemoveStranded)
                  0001d298    0000005c     ota_client.o (.text.otaClient_ProcessUnhandledFoundationZCLMsgs)
                  0001d2f4    0000005c     zstacktask.o (.text.sendLeaveInd)
                  0001d350    0000005c     zcl_port.o (.text.zclGeneral_FindAllScenesForGroup)
                  0001d3ac    0000005c     zcl_ota.o (.text.zclOTA_SendQueryNextImageReq)
                  0001d408    0000005c     zglobals.o (.text.zgInitItems)
                  0001d464    0000005a     zstacktask.o (.text.sendActiveEPRspInd)
                  0001d4be    0000005a     zstacktask.o (.text.sendMatchDescRspInd)
                  0001d518    0000005a     zstacktask.o (.text.sendZdoSrcRtgInd)
                  0001d572    00000002     --HOLE-- [fill = 0]
                  0001d574    00000058     drivers_cc26x2.a : ADCCC26XX.c.obj (.text.ADCCC26XX_convertToMicroVolts)
                  0001d5cc    00000058     zstacktask.o (.text.BDBBindNotificationsendMsgToAllCBs)
                  0001d624    00000058     drivers_cc26x2.a : Button.c.obj (.text.Button_gpioCallbackFxn)
                  0001d67c    00000058     osal_port.o (.text.HEAPMGR_GETLARGESTFREEBUF)
                  0001d6d4    00000058     libZStack_nwk_zed.a : nl_mede.o (.text.NLME_NwkDiscReq2)
                  0001d72c    00000058                         : nwk_util.o (.text.NLME_SendEndDevTimeoutReq)
                  0001d784    00000058     osal_port.o (.text.OsalPort_msgSend)
                  0001d7dc    00000058     rf_multiMode_cc26x2.a : RFCC26X2_multiMode.c.cc26x2.ticlang.o (.text.RF_applyRfCorePatch)
                  0001d834    00000058     libZStack_nwk_zed.a : ssp_hash.o (.text.SSP_KeyedHash)
                  0001d88c    00000058     drivers_cc26x2.a : TRNGCC26XX.c.obj (.text.TRNG_init)
                  0001d8e4    00000058     zd_profile.o (.text.ZDP_EPRsp)
                  0001d93c    00000058     zd_profile.o (.text.ZDP_MgmtPermitJoinReq)
                  0001d994    00000058     bdb_finding_and_binding.o (.text.bdb_SendIdentifyQuery)
                  0001d9ec    00000058     bdb.o (.text.bdb_ZclIdentifyCmdInd)
                  0001da44    00000058     bme280i2c.o (.text.bme280_read24)
                  0001da9c    00000058     drivers_cc26x2.a : NVSSPI25X.c.obj (.text.doWriteVerify)
                  0001daf4    00000058     zd_profile.o (.text.fillAndSend)
                  0001db4c    00000058     maclib_nosecure_cc26x2_2_4g_tirtos7.a : mac_radio.o (.text.macRadioSetChannelRx)
                  0001dba4    00000058                                           : mac_radio_tx.o (.text.macRadioTxPrepCsmaSlottedIeee)
                  0001dbfc    00000058                                           : mac_radio.o (.text.macRadioUpdateTxPower)
                  0001dc54    00000058                                           : mac.o (.text.macRequestSFDTimeout)
                  0001dcac    00000058     libZStack_nwk_zed.a : nwk_util.o (.text.nwkNeighborCheckAddr)
                  0001dd04    00000058     nwk_globals.o (.text.nwk_InitializeDefaultPollRates)
                  0001dd5c    00000058     sysbios.a : Hwi_asm_switch_gcc.s.obj (.text.ti_sysbios_family_arm_m3_Hwi_initStacks)
                  0001ddb4    00000056     drivers_cc26x2.a : StructRingBuf.c.obj (.text.StructRingBuf_put)
                  0001de0a    00000056     util_timer.o (.text.UtilTimer_construct)
                  0001de60    00000056     bdb.o (.text.bdb_AddRespondentNode)
                  0001deb6    00000056     libZStack_nwk_zed.a : nwk.o (.text.nwk_BeaconToNative)
                  0001df0c    00000054     drivers_cc26x2.a : AESCCMCC26XX.c.obj (.text.AESCCM_construct)
                  0001df60    00000054     libZStack_nwk_zed.a : addr_mgr.o (.text.AddrMgrWriteNV)
                  0001dfb4    00000054     drivers_cc26x2.a : I2CCC26XX.c.obj (.text.I2CCC26XX_initHw)
                  0001e008    00000054     libZStack_nwk_zed.a : nl_mede.o (.text.NLME_NetworkDiscoveryRequest)
                  0001e05c    00000054     nvocmp.o (.text.NVOCMP_compactNvApi)
                  0001e0b0    00000054     nvocmp.o (.text.NVOCMP_getDstPage)
                  0001e104    00000054     nvocmp.o (.text.NVOCMP_getItemLenApi)
                  0001e158    00000054     rf_multiMode_cc26x2.a : RFCC26X2_multiMode.c.cc26x2.ticlang.o (.text.RF_getCurrentTime)
                  0001e1ac    00000054     libZStack_nwk_zed.a : rtg.o (.text.RTG_MTORouteReq)
                  0001e200    00000054     zd_app.o (.text.ZDApp_ProcessMsgCBs)
                  0001e254    00000054     zd_sec_mgr.o (.text.ZDSecMgrAuthenticationCheck)
                  0001e2a8    00000054     libZStack_nwk_zed.a : aps_groups.o (.text.aps_GroupsRestoreFromNV)
                  0001e2fc    00000054     bdb.o (.text.bdb_joinProcess)
                  0001e350    00000054     bdb.o (.text.bdb_tryNwkAssoc)
                  0001e3a4    00000054     bdb_finding_and_binding.o (.text.bdb_zclFindingBindingAddBindEntry)
                  0001e3f8    00000054     drivers_cc26x2.a : NVSSPI25X.c.obj (.text.extFlashSpiWrite)
                  0001e44c    00000054     maclib_nosecure_cc26x2_2_4g_tirtos7.a : mac_tx.o (.text.macTxAckReceivedCallback)
                  0001e4a0    00000054     libZStack_nwk_zed.a : nwk.o (.text.nwk_BeaconFromNative)
                  0001e4f4    00000054                         : nwk_bufs.o (.text.nwk_broadcastSend)
                  0001e548    00000054     osal_nv.o (.text.osal_nv_item_init_ex)
                  0001e59c    00000054     zcl_port.o (.text.zclport_initializeNVItem)
                  0001e5f0    00000054     zcl_port.o (.text.zclport_registerZclHandleExternal)
                  0001e644    00000054     zcl_port.o (.text.zclport_writeNV)
                  0001e698    00000052     driverlib.lib : chipinfo.o (.text.NOROM_ChipInfo_GetHwRevision)
                  0001e6ea    00000052     libZStack_nwk_zed.a : rtg.o (.text.RTG_SendBrokenRoute)
                  0001e73c    00000052     zd_app.o (.text.ZDApp_ProcessSecEvent)
                  0001e78e    00000052     binding_table.o (.text.bindAddrIndexGet)
                  0001e7e0    00000050     libZStack_nwk_zed.a : aps.o (.text.APS_CmdInd)
                  0001e830    00000050                         : addr_mgr.o (.text.AddrMgrEntryGet)
                  0001e880    00000050     ti_drivers_config.o (.text.Board_shutDownExtFlash)
                  0001e8d0    00000050     drivers_cc26x2.a : NVSSPI25X.c.obj (.text.NVSSPI25X_read)
                  0001e920    00000050     rf_multiMode_cc26x2.a : RFCC26X2_multiMode.c.cc26x2.ticlang.o (.text.RF_wakeupNotification)
                  0001e970    00000050     libZStack_nwk_zed.a : ssp.o (.text.SSP_GetNwkKey)
                  0001e9c0    00000050     zd_app.o (.text.ZDApp_LeaveUpdate)
                  0001ea10    00000050     zd_object.o (.text.ZDO_UpdateNwkStatus)
                  0001ea60    00000050     bdb.o (.text.bdb_nwkDiscoveryAttempt)
                  0001eab0    00000050     maclib_nosecure_cc26x2_2_4g_tirtos7.a : mac_radio.o (.text.macGetRadioTxPowerReg)
                  0001eb00    00000050                                           : mac_tx.o (.text.macTxTimestampCallback)
                  0001eb50    00000050     libZStack_nwk_zed.a : nwk.o (.text.nwk_getNetworkDesc)
                  0001eba0    00000050     ota_client.o (.text.otaClient_DiscoverServer)
                  0001ebf0    00000050     maclib_nosecure_cc26x2_2_4g_tirtos7.a : mac_rx.o (.text.rxPostRxUpdates)
                  0001ec40    00000050     ti_sysbios_config.o (.text.ti_sysbios_family_arm_m3_Hwi_excHandlerMin)
                  0001ec90    00000050     ti_sysbios_config.o (.text.ti_sysbios_knl_Swi_post)
                  0001ece0    00000050     ti_sysbios_config.o (.text.ti_sysbios_knl_Swi_runLoop)
                  0001ed30    0000004e     drivers_cc26x2.a : AESECBCC26XX.c.obj (.text.AESECB_startOperation)
                  0001ed7e    0000004e     ti_drivers_config.o (.text.Board_sendExtFlashByte)
                  0001edcc    0000004e     nvocmp.o (.text.NVOCMP_readItem)
                  0001ee1a    0000004e     libZStack_nwk_zed.a : ssp.o (.text.SSP_BuildAuxHdr)
                  0001ee68    0000004e     zd_sec_mgr.o (.text.ZDSecMgrAddLinkKey)
                  0001eeb6    0000004e     zcl.o (.text.zclParseInDiscAttrsRspCmd)
                  0001ef04    0000004c     libZStack_nwk_zed.a : aps_mede.o (.text.APSME_GetRequest)
                  0001ef50    0000004c                         : aps.o (.text.APS_Init)
                  0001ef9c    0000004c     ti_sysbios_config.o (.text.BIOS_startFunc)
                  0001efe8    0000004c     binding_table.o (.text.BindRestoreFromNV)
                  0001f034    0000004c     maclib_nosecure_cc26x2_2_4g_tirtos7.a : mac_autopend.o (.text.MAC_SrcMatchAckAllPending)
                  0001f080    0000004c                                           : mac_autopend.o (.text.MAC_SrcMatchEnable)
                  0001f0cc    0000004c     libZStack_nwk_zed.a : nwk_util.o (.text.NLME_InitNV)
                  0001f118    0000004c                         : nwk_util.o (.text.NLME_ProcessNetworkStatus)
                  0001f164    0000004c     driverlib.lib : osc.o (.text.NOROM_OSC_HPOSCRelativeFrequencyOffsetGet)
                  0001f1b0    0000004c     nvocmp.o (.text.NVOCMP_setItemInactive)
                  0001f1fc    0000004c     drivers_cc26x2.a : NVSCC26XX.c.obj (.text.NVSCC26XX_init)
                  0001f248    0000004c                      : NVSCC26XX.c.obj (.text.NVSCC26XX_read)
                  0001f294    0000004c     osal_port.o (.text.OsalPort_msgFind)
                  0001f2e0    0000004c     rf_multiMode_cc26x2.a : RFCC26X2_multiMode.c.cc26x2.ticlang.o (.text.RF_fsmXOSCState)
                  0001f32c    0000004c     drivers_cc26x2.a : StructRingBuf.c.obj (.text.StructRingBuf_get)
                  0001f378    0000004c     zd_profile.o (.text.ZDO_RegisterForZDOMsg)
                  0001f3c4    0000004c     af.o (.text.afRegisterExtended)
                  0001f410    0000004c     libZStack_nwk_zed.a : aps_util.o (.text.apsAckFindMatchCB)
                  0001f45c    0000004c     bdb.o (.text.bdb_GenerateInstallCodeCRC)
                  0001f4a8    0000004c     bdb_reporting.o (.text.bdb_RepStartOrContinueReporting)
                  0001f4f4    0000004c     bdb_finding_and_binding.o (.text.bdb_ZclIdentifyQueryCmdInd)
                  0001f540    0000004c     bdb_reporting.o (.text.bdb_clusterEndpointArrayIncrementAll)
                  0001f58c    0000004c     bdb.o (.text.bdb_setActiveCentralizedLinkKey)
                  0001f5d8    0000004c     bdb.o (.text.bdb_tcLinkKeyExchangeAttempt)
                  0001f624    0000004c     bh1750.o (.text.bh1750_init)
                  0001f670    0000004c     binding_table.o (.text.bindAddressClear)
                  0001f6bc    0000004c     bme280i2c.o (.text.bme280_read16)
                  0001f708    0000004c     drivers_cc26x2.a : SPICC26X2DMA.c.obj (.text.initHw)
                  0001f754    0000004c     maclib_nosecure_cc26x2_2_4g_tirtos7.a : mac_low_level.o (.text.macLowLevelYield)
                  0001f7a0    0000004c                                           : mac_mcu.o (.text.macMcuInit)
                  0001f7ec    0000004c                                           : mac_radio.o (.text.macRadioPowerDown)
                  0001f838    0000004c                                           : mac_rx_onoff.o (.text.macRxOffRequest)
                  0001f884    0000004c                                           : mac_timer.o (.text.macTimerUpdActive)
                  0001f8d0    0000004c     libZStack_nwk_zed.a : nwk_util.o (.text.nwkNeighborAdd)
                  0001f91c    0000004c                         : nwk_util.o (.text.nwkNeighborInitTable)
                  0001f968    0000004c     osal_nv.o (.text.osal_nv_delete_ex)
                  0001f9b4    0000004c     ota_client.o (.text.otaClient_ProcessMatchDescRsp)
                  0001fa00    0000004c     drivers_cc26x2.a : PowerCC26X2.c.obj (.text.switchXOSCHF)
                  0001fa4c    0000004c     ti_sysbios_config.o (.text.ti_sysbios_knl_Swi_Instance_init)
                  0001fa98    0000004c     zcl_general.o (.text.zclGeneral_RegisterCmdCallbacks)
                  0001fae4    0000004c     zcl_ota.o (.text.zclOTA_SendUpgradeEndReq)
                  0001fb30    0000004c     zcl.o (.text.zclParseInDiscAttrsExtRspCmd)
                  0001fb7c    0000004c     zcl.o (.text.zclParseInReadReportCfgCmd)
                  0001fbc8    0000004c     zcl.o (.text.zclWriteAttrData)
                  0001fc14    0000004a     libZStack_nwk_zed.a : ssp.o (.text.SSP_BuildAuxHdr2)
                  0001fc5e    0000004a     zstacktask.o (.text.sendDeviceAnnounceInd)
                  0001fca8    0000004a     zcl_general.o (.text.zclGeneral_SendSceneResponse)
                  0001fcf2    00000048     libZStack_nwk_zed.a : aps_mede.o (.text.APSME_SetDefaultKey)
                  0001fd3a    00000002     --HOLE-- [fill = 0]
                  0001fd3c    00000048                         : nl_mede.o (.text.NLME_LeaveReq)
                  0001fd84    00000048                         : nl_mede.o (.text.NLME_LeaveRsp)
                  0001fdcc    00000048     driverlib.lib : aux_sysif.o (.text.NOROM_AUXSYSIFOpModeChange)
                  0001fe14    00000048     rf_multiMode_cc26x2.a : rfc.c.cc26x2.ticlang.o (.text.NOROM_RFCSynthPowerDown)
                  0001fe5c    00000048     drivers_cc26x2.a : NVS.c.obj (.text.NVS_open)
                  0001fea4    00000048     osal_port.o (.text.OsalPort_heapFree)
                  0001feec    00000048     drivers_cc26x2.a : PowerCC26X2.c.obj (.text.PowerCC26XX_switchXOSC_HF)
                  0001ff34    00000048     zd_app.o (.text.ZDApp_ForceConcentratorChange)
                  0001ff7c    00000048     zd_object.o (.text.ZDO_ProcessActiveEPReq)
                  0001ffc4    00000048     zd_profile.o (.text.ZDP_SendData)
                  0002000c    00000048     zd_sec_mgr.o (.text.ZDSecMgrInitNV)
                  00020054    00000048     libZStack_nwk_zed.a : aps_util.o (.text.apsProcessAck)
                  0002009c    00000048     bdb.o (.text.bdb_NetworkRestoredResumeState)
                  000200e4    00000048     bdb_reporting.o (.text.bdb_RepLoadCfgRecords)
                  0002012c    00000048     bdb_reporting.o (.text.bdb_clusterEndpointArrayUpdateAt)
                  00020174    00000048     bdb.o (.text.bdb_nwkAssocAttemt)
                  000201bc    00000048     bdb_finding_and_binding.o (.text.bdb_setEpDescListToActiveEndpoint)
                  00020204    00000048     maclib_nosecure_cc26x2_2_4g_tirtos7.a : mac_rx_onoff.o (.text.macRxDisable)
                  0002024c    00000048     libZStack_nwk_zed.a : nwk.o (.text.nwkBuildDataCnf)
                  00020294    00000048                         : nwk_bufs.o (.text.nwk_broadcastReceive)
                  000202dc    00000048     rf_multiMode_cc26x2.a : rf_patch_cpe_ieee_802_15_4.c.cc26x2.ticlang.o (.text.rf_patch_cpe_ieee_802_15_4)
                  00020324    00000048     zstacktask.o (.text.sendTcDeviceInd)
                  0002036c    00000048     ti_sysbios_config.o (.text.ti_sysbios_family_arm_cc26xx_Timer_start)
                  000203b4    00000048     ti_sysbios_config.o (.text.ti_sysbios_knl_Task_schedule)
                  000203fc    00000048     libclang_rt.builtins.a : fixdfsi.S.obj (.text)
                  00020444    00000044     drivers_cc26x2.a : ADC.c.obj (.text.ADC_init)
                  00020488    00000044     af.o (.text.AF_DataRequestSrcRtg)
                  000204cc    00000044     libZStack_nwk_zed.a : aps_mede_cb.o (.text.APSME_TransportKeyInd)
                  00020510    00000044                         : addr_mgr.o (.text.AddrMgrEntrySet)
                  00020554    00000044     zstacktask.o (.text.BDBsendMsgToAllCBs)
                  00020598    00000044     ti_sysbios_config.o (.text.BIOS_atExitFunc)
                  000205dc    00000044     binding_table.o (.text.BindInitNV)
                  00020620    00000044     drivers_cc26x2.a : GPIOCC26X2.c.obj (.text.GPIO_hwiIntFxn)
                  00020664    00000044     libZStack_nwk_zed.a : nwk_util.o (.text.NLME_SetUpdateID)
                  000206a8    00000044     driverlib.lib : prcm.o (.text.NOROM_PRCMPowerDomainsAllOff)
                  000206ec    00000044                   : prcm.o (.text.NOROM_PRCMPowerDomainsAllOn)
                  00020730    00000044     drivers_cc26x2.a : PWM.c.obj (.text.PWM_init)
                  00020774    00000044     rf_multiMode_cc26x2.a : RFCC26X2_multiMode.c.cc26x2.ticlang.o (.text.RF_TxPowerTable_findValue)
                  000207b8    00000044                           : RFCC26X2_multiMode.c.cc26x2.ticlang.o (.text.RF_cmdGet)
                  000207fc    00000044                           : RFCC26X2_multiMode.c.cc26x2.ticlang.o (.text.RF_updatePowerupDuration)
                  00020840    00000044     libZStack_nwk_zed.a : rtg.o (.text.RTG_ValidateSrcRtg)
                  00020884    00000044     drivers_cc26x2.a : SPI.c.obj (.text.SPI_init)
                  000208c8    00000044     zmac.o (.text.ZMacSetReq)
                  0002090c    00000044     bdb_finding_and_binding.o (.text.bdb_GetFBInitiatorStatus)
                  00020950    00000044     bdb_finding_and_binding.o (.text.bdb_SetIdentifyActiveEndpoint)
                  00020994    00000044     binding_table.o (.text.bindRemoveClusterIdFromList)
                  000209d8    00000044     bme280i2c.o (.text.bme280_read8)
                  00020a1c    00000044     zmac.o (.text.convertTxOptions)
                  00020a60    00000044     maclib_nosecure_cc26x2_2_4g_tirtos7.a : mac.o (.text.macRatDisableChannels)
                  00020aa4    00000044                                           : mac_rx.o (.text.macRxNokIsr)
                  00020ae8    00000044                                           : mac_symbol_timer.o (.text.macSymbolTimerRealignIeee)
                  00020b2c    00000044                                           : mac_tx.o (.text.macTxUpdateIE)
                  00020b70    00000044     libZStack_nwk_zed.a : nwk_util.o (.text.nwkNeighborKeepPANID)
                  00020bb4    00000044     ota_client.o (.text.otaClient_StartTimer)
                  00020bf8    00000044     libZStack_nwk_zed.a : reflecttrack.o (.text.reflectTrack_RemoveEntry)
                  00020c3c    00000044     zstacktask.o (.text.sendZdoConcentratorInd)
                  00020c80    00000044     ti_sysbios_config.o (.text.ti_sysbios_family_arm_m3_Hwi_Instance_finalize)
                  00020cc4    00000044     ti_sysbios_config.o (.text.ti_sysbios_family_arm_m3_Hwi_construct2)
                  00020d08    00000044     ti_sysbios_config.o (.text.ti_sysbios_family_arm_m3_Hwi_disableInterrupt)
                  00020d4c    00000044     ti_sysbios_config.o (.text.ti_sysbios_family_arm_m3_Hwi_enableInterrupt)
                  00020d90    00000044     ti_sysbios_config.o (.text.ti_sysbios_knl_Swi_restore)
                  00020dd4    00000044     zcl_general.o (.text.zclGeneral_AddGroup)
                  00020e18    00000042     af.o (.text.afReflectError)
                  00020e5a    00000042     zcl.o (.text.zcl_DeviceOperational)
                  00020e9c    00000040     drivers_cc26x2.a : ADCCC26XX.c.obj (.text.ADCCC26XX_close)
                  00020edc    00000040                      : ADC.c.obj (.text.ADC_open)
                  00020f1c    00000040     libZStack_nwk_zed.a : aps_mede.o (.text.APSDE_FrameSend)
                  00020f5c    00000040                         : addr_mgr.o (.text.AddrMgrInitNV)
                  00020f9c    00000040                         : addr_mgr.o (.text.AddrMgrRestoreFromNV)
                  00020fdc    00000040     zstacktask.o (.text.BDBFilterNwkDescriptorsendMsgCB)
                  0002101c    00000040     binding_table.o (.text.BindSetDefaultNV)
                  0002105c    00000040     maclib_nosecure_cc26x2_2_4g_tirtos7.a : mac_timer.o (.text.MAC_PwrNextTimeout)
                  0002109c    00000040     osal_port.o (.text.OsalPort_deleteTimer)
                  000210dc    00000040     osal_port.o (.text.OsalPort_msgEnqueueMax)
                  0002111c    00000040     drivers_cc26x2.a : PWM.c.obj (.text.PWM_open)
                  0002115c    00000040                      : PowerCC26X2_calibrateRCOSC.c.obj (.text.PowerCC26X2_RCOSC_clockFunc)
                  0002119c    00000040                      : PowerCC26X2_calibrateRCOSC_helpers.c.obj (.text.PowerCC26X2_setAclkRefSrc)
                  000211dc    00000040     libZStack_nwk_zed.a : rtg.o (.text.RTG_nextHopIsBad)
                  0002121c    00000040     drivers_cc26x2.a : SPI.c.obj (.text.SPI_open)
                  0002125c    00000040     zd_app.o (.text.ZDApp_ProcessSecMsg)
                  0002129c    00000040     zd_sec_mgr.o (.text.ZDSecMgrApsLinkKeyInit)
                  000212dc    00000040     zd_sec_mgr.o (.text.ZDSecMgrEntryLookupExtGetIndex)
                  0002131c    00000040     zmac.o (.text.ZMacInit)
                  0002135c    00000040     zmac.o (.text.ZMacReset)
                  0002139c    00000040     bdb_reporting.o (.text.bdb_linkedListAttrAdd)
                  000213dc    00000040     binding_table.o (.text.bindFind)
                  0002141c    00000040     bme280i2c.o (.text.bme280_write8)
                  0002145c    00000040     drivers_cc26x2.a : LED.c.obj (.text.clockTimeoutHandler)
                  0002149c    00000040                      : NVSCC26XX.c.obj (.text.disableFlashCache)
                  000214dc    00000040     maclib_nosecure_cc26x2_2_4g_tirtos7.a : mac_radio_tx.o (.text.macRadioTxPrepSlotted)
                  0002151c    00000040                                           : mac_timer.o (.text.macTimerRecalcUnaligned)
                  0002155c    00000040                                           : mac_tx.o (.text.macTxFrameIsr)
                  0002159c    00000040     ota_client.o (.text.otaClient_UpgradeComplete)
                  000215dc    00000040     ti_sysbios_config.o (.text.ti_sysbios_knl_Clock_getTicksUntilInterrupt)
                  0002161c    00000040     ti_sysbios_config.o (.text.ti_sysbios_knl_Task_exit)
                  0002165c    00000040     ti_sysbios_config.o (.text.ti_sysbios_runtime_Startup_exec)
                  0002169c    00000040     zcl_general.o (.text.zclGeneral_SendGroupResponse)
                  000216dc    00000040     zd_object.o (.text.zdoSendStateChangeMsg)
                  0002171c    0000003e     drivers_cc26x2.a : LED.c.obj (.text.LED_setBrightnessLevel)
                  0002175a    0000003e                      : LED.c.obj (.text.LED_setOff)
[...]
20002a90  zgConcentratorRadius                                               
20002a91  zgDeviceLogicalType                                                
20002a92  zgEndDeviceConfiguration                                           
20002a93  zgEndDeviceKeepAliveMessagesPerTimeout                             
20002a94  zgEndDeviceTimeoutValue                                            
20002a95  zgIndirectMsgTimeout                                               
20002a96  zgMaxBcastRetires                                                  
20002a97  zgMaxDataRetries                                                   
20002a98  zgMaxMissingMacAckLinkFailure                                      
20002a99  zgNwkEndDeviceTimeoutDefault                                       
20002a9a  zgNwkLeaveRequestAllowed                                           
20002a9b  zgNwkMgrMinTransmissions                                           
20002a9c  zgNwkMgrMode                                                       
20002a9d  zgNwkParentInformation                                             
20002a9e  zgNwkProcessLocalLeaveCnf                                          
20002a9f  zgNwkSrcRtgExpiryTime                                              
20002aa0  zgPassiveAckTimeout                                                
20002aa1  zgPreConfigKeys                                                    
20002aa2  zgRouteDiscoveryTime                                               
20002aa3  zgRouteExpiryTime                                                  
20002aa4  zgRouterOffAssocCleanup                                            
20002aa5  zgRxAlwaysOn                                                       
20002aa6  zgSapiEndpoint                                                     
20002aa7  zgSecurePermitJoin                                                 
20002aa8  zgStackProfile                                                     
20002aa9  zgStartDelay                                                       
20002aaa  zgZdoDirectCB                                                      
200036b0  myTaskStack                                                        
20004268  AssociatedDevList                                                  
20004820  spiCC26X2DMAObjects                                                
20004a20  ti_sysbios_knl_Idle_taskStack                                      
20004c20  taskTbl                                                            
20004d88  i2cCC26xxObjects                                                   
20004ec8  rtgTable                                                           
20005108  crcBuf                                                             
20005208  enhancedAckBuf                                                     
20005304  ti_sysbios_family_arm_m3_Hwi_dispatchTable                         
200053dc  bdb_reportingClusterEndpointArray                                  
200054a4  LEDObjects                                                         
2000555c  macPib                                                             
200055e4  trngCC26XXObjects                                                  
20005668  gpioCallbackFunctions                                              
200056e4  gpioUserArgs                                                       
20005760  _NIB                                                               
200057d4  neighborTable                                                      
20005844  apsEndDeviceBroadcastTable                                         
20005918  rtgSrcTable                                                        
20005978  ti_sysbios_knl_ClockSupport_timerStruct                            
200059d8  myTask                                                             
20005a30  stackTask                                                          
20005a88  ti_sysbios_knl_Idle_taskStruct                                     
20005ae0  BindingTable                                                       
20005b34  macScan                                                            
20005c2c  CryptoResourceCC26XX_accessSemaphore                               
20005c7c  CryptoResourceCC26XX_operationSemaphore                            
20005ccc  rtDiscTable                                                        
20005d1c  ButtonObjects                                                      
2000600c  UTC_clock                                                          
20006090  RF_cmdIEEERx                                                       
2000610c  macBeaconCoord                                                     
20006148  macDeviceAction1                                                   
200061b4  dcBucket                                                           
200061e8  macBeaconDevice                                                    
2000621c  macMgmtAction1                                                     
2000624c  macSrcExtAddrList                                                  
2000627c  ti_sysbios_knl_Swi_readyQs                                         
200062ac  ti_sysbios_knl_Task_readyQs                                        
200062dc  NVOCMP_nvHandle                                                    
2000630c  macCoord                                                           
20006338  macDevice                                                          
20006364  aesecbCC26XXObjects                                                
2000638c  nwk_pollRateTable                                                  
200063b4  ApsLinkKeyRAMEntry                                                 
200063d8  TCLinkKeyRAMEntry                                                  
200063fc  bcastHoldAckMask                                                   
20006420  zdoCBFunc                                                          
20006444  RF_cmdIEEECsma                                                     
20006464  RF_cmdRadioSetup                                                   
20006484  RF_params                                                          
200064a4  macBeacon                                                          
200064c4  udmaCC26XXObject                                                   
20006500  BIOS_heapCallbackObject                                            
2000651c  BIOS_rtsGate                                                       
20006538  CryptoResourceCC26XX_hwi                                           
20006554  macCoordAction2                                                    
20006570  macReset                                                           
2000658c  macSrcShortAddrList                                                
200065a8  stackSem                                                           
200065c4  RF_cmdFsRx                                                         
200065dc  RF_cmdFsTx                                                         
200065f4  RF_cmdIEEETx                                                       
2000660c  aesccmCC26XXObjects                                                
20006624  macScanAction                                                      
2000663c  rtgSrcRelayList                                                    
2000667c  RF_cmdRxAckCmd                                                     
20006690  bdb_FindingBindingTargetSimpleDesc                                 
200066a4  macAckDbg                                                          
200066b8  macDeviceAction2                                                   
200066cc  macMgmtAction2                                                     
200066e0  macStatistics                                                      
200066f2  adcCC26xxObjects                                                   
200066f4  macBeaconDeviceAction                                              
20006704  macCoordAction3                                                    
20006714  macData                                                            
20006724  macDataTxDelay                                                     
20006734  macFrmFilter                                                       
20006744  macRxOutputIeee                                                    
20006754  nwk_beaconPayload                                                  
20006764  ZDO_Config_Node_Descriptor                                         
2000677e  bdb_reportingNextEventTimeout                                      
20006780  coexMetricsStruct                                                  
2000678c  macMain                                                            
20006798  nvsSPI25XObjects                                                   
200067a4  zclSampleSw_DstAddr                                                
200067b0  ZDAppNwkAddr                                                       
200067ba  bcastHoldHandle                                                    
200067c3  AIB_apsUseExtendedPANID                                            
200067cb  ZDO_UseExtendedPANID                                               
200067d3  aExtendedAddress                                                   
200067dc  attrDefaultCfgRecordLinkedList                                     
200067e4  coexOverrideUseCases                                               
200067ec  macBeaconCoordAction1                                              
200067f4  macCoordAction1                                                    
200067fc  macRxDataEntryQueue                                                
20006804  saveExtAddr                                                        
2000681c  AIB_apsTrustCenterAddress                                          
20006820  HEAPMGR_SIZE                                                       
20006824  NwkDescList                                                        
20006828  PowerCC26XX_swiKey                                                 
2000682c  PowerCC26XX_taskKey                                                
20006830  TRNG_handle                                                        
20006834  ZAESCCM_handle                                                     
20006838  ZAESECB_handle                                                     
2000683c  ZDO_Config_Power_Descriptor                                        
20006840  _ScanChannels                                                      
20006844  bdbCommissioningProcedureState                                     
20006848  bdb_reportingAttrCfgRecordsArray                                   
2000684c  dcCritical                                                         
20006850  dcLimited                                                          
20006854  dcPtr                                                              
20006858  dcRegulated                                                        
2000685c  dcTimeUsed                                                         
20006860  epList                                                             
20006864  gAttrDataValue                                                     
20006868  i2cHandle                                                          
2000686c  macPhyTxPower                                                      
20006870  macPrevPeriodRatCount                                              
20006874  macRfDrvTblPtr                                                     
20006878  macRxSymbol                                                        
2000687c  macSymbolTimerRollover                                             
20006880  macSymbolTimerTrigger                                              
20006884  macTimerActive                                                     
20006888  macTxTimestamp                                                     
2000688c  nwkDataBufQueue                                                    
20006890  pClockHandleEDScan                                                 
20006894  pMacRadioConfig                                                    
20006898  pMaxPower                                                          
2000689c  pRfMode                                                            
200068a0  pRfPowerTable                                                      
200068a4  pTasksEvents                                                       
200068a8  runtimeChannel                                                     
200068ac  rxRadioBufferPtr                                                   
200068b0  t_fine                                                             
200068b4  ti_sysbios_knl_Task_defaultStackHeap                               
200068b8  ti_sysbios_runtime_System_atexitHandlers                           
200068bc  timerAlignedQ                                                      
200068c0  timerUnalignedQ                                                    
200068c4  zclOTA_DownloadedImageSize                                         
200068c8  bme280_dig_H2                                                      
200068ca  bme280_dig_H4                                                      
200068cc  bme280_dig_H5                                                      
200068ce  bme280_dig_P1                                                      
200068d0  bme280_dig_P2                                                      
200068d2  bme280_dig_P3                                                      
200068d4  bme280_dig_P4                                                      
200068d6  bme280_dig_P5                                                      
200068d8  bme280_dig_P6                                                      
200068da  bme280_dig_P7                                                      
200068dc  bme280_dig_P8                                                      
200068de  bme280_dig_P9                                                      
200068e0  bme280_dig_T1                                                      
200068e2  bme280_dig_T2                                                      
200068e4  bme280_dig_T3                                                      
200068e6  macRxDataEntryOffset                                               
200068e8  macTxCsmaBackoffDelay                                              
200068ea  rxCmdHandle                                                        
200068ec  txCmdHandle                                                        
200068f0  AIB_apsUseInsecureJoin                                             
200068f1  APS_Counter                                                        
200068f2  APS_TaskID                                                         
200068f3  NVOCMP_size                                                        
200068f4  NWK_TaskID                                                         
200068f5  ZDAppTaskID                                                        
200068f6  ZDApp_LeaveCtrl                                                    
200068f7  _tmpRejoinState                                                    
200068f8  bdb_TaskID                                                         
200068f9  bdb_reportingAcceptDefaultConfs                                    
200068fa  bdb_reportingAttrCfgRecordsArrayCount                              
200068fb  bdb_reportingAttrCfgRecordsArrayMaxSize                            
200068fc  bdb_reportingClusterEndpointArrayCount                             
200068fd  bdb_reportingNextClusterEndpointIndex                              
200068fe  bh1750_detect                                                      
200068ff  bme280_dig_H1                                                      
20006900  bme280_dig_H3                                                      
20006901  bme280_dig_H6                                                      
20006902  dcStatus                                                           
20006903  gAction                                                            
20006904  lastRxPriority                                                     
20006905  lastTxPriority                                                     
20006906  macAckTxActive                                                     
20006907  macMgmt                                                            
20006908  macPanCoordinator                                                  
20006909  macPhyChannel                                                      
2000690a  macPwr                                                             
2000690b  macRxActive                                                        
2000690c  macRxEnableFlags                                                   
2000690d  macRxFilter                                                        
2000690e  macRxOutgoingAckFlag                                               
2000690f  macSpecUsecsPerSymbol                                              
20006910  macSrcResIndex                                                     
20006911  macSymbolTimerImpending                                            
20006912  macTaskId                                                          
20006913  macTxActive                                                        
20006914  macTxBe                                                            
20006915  macTxGpInterframeDelay                                             
20006916  macTxType                                                          
20006917  macUnitBackoffPeriod                                               
20006918  nvsCC26XXObjects                                                   
20006919  nwkStatus                                                          
2000691a  otaServiceTaskId                                                   
2000691b  rreqCounter                                                        
2000691c  rxFhRsl                                                            
2000691d  rxPromiscuousMode                                                  
2000691e  rxSeqNum                                                           
2000691f  stackServiceTaskId                                                 
20006920  txAckReq                                                           
20006921  txSeqn                                                             
20006922  zclOTA_ClientPdState                                               
20006923  zclOTA_OtaUpgradeEndReqTransSeq                                    
20006924  zclOTA_Permit                                                      
20006925  zgUseDefaultTCLK                                                   
20006926  heapStart                                                          
20013c00  __stack                                                            
20013c00  heapEnd                                                            
20014000  __STACK_END                                                        
20014000  __STACK_TOP                                                        
ffffffff  __TI_pprof_out_hndl                                                
ffffffff  __TI_prof_data_size                                                
ffffffff  __TI_prof_data_start                                               
ffffffff  __binit__                                                          
ffffffff  binit                                                              
UNDEFED   ITM_flush                                                          
UNDEFED   ITM_restore                                                        
UNDEFED   PWM_config                                                         
UNDEFED   PWM_count                                                          
UNDEFED   __mpu_init                                                         

[2356 symbols]
